Resolving dependencies...
Downloading packages...
  android_file_picker 1.0.1 (2.0.0 available)
  clock 1.1.2 (1.1.3 available)
  code_assets 1.2.1 (2.1.0 available)
  cross_file 0.3.5+4 (0.4.0 available)
  cupertino_icons 1.0.9 (2.0.0 available)
  dbus 0.7.15 (0.8.0 available)
  file_picker 12.0.0 (13.1.0 available)
  file_picker_darwin 1.0.1 (2.1.2 available)
  file_picker_linux 1.0.1 (2.0.1 available)
  file_picker_platform_interface 3.0.1 (4.0.0 available)
  file_picker_web 3.0.1 (4.0.0 available)
  file_selector_linux 0.9.4 (0.9.4+1 available)
  file_selector_macos 0.9.5 (0.9.5+1 available)
  file_selector_windows 0.9.3+5 (0.9.3+6 available)
  flutter_riverpod 2.6.1 (3.4.3 available)
  geolocator 14.0.3 (14.1.1 available)
  geolocator_android 5.0.3 (5.1.1 available)
  geolocator_platform_interface 4.3.0 (4.4.0 available)
  go_router 14.8.1 (18.0.2 available)
  google_fonts 6.3.3 (9.0.0 available)
  gotrue 2.27.1 (2.27.2 available)
  gsettings 0.2.8 (0.2.9 available)
  hooks 2.0.2 (2.2.0 available)
  image_picker_android 0.8.13+19 (0.8.13+23 available)
  image_picker_ios 0.8.13+6 (0.8.13+9 available)
  jni 1.0.3 (1.1.0 available)
  jni_flutter 1.0.2 (1.0.3 available)
  matcher 0.12.19 (0.12.20 available)
  material_color_utilities 0.13.0 (0.13.1 available)
  meta 1.18.0 (1.19.0 available)
  mime 2.0.0 (2.1.0 available)
  objective_c 9.5.0 (9.6.2 available)
  package_info_plus 10.2.1 (10.2.2 available)
  passkeys_platform_interface 2.9.0 (2.10.0 available)
  petitparser 7.0.2 (7.1.0 available)
  platform 3.1.6 (3.2.0 available)
  pub_semver 2.2.0 (2.2.1 available)
  record_use 0.6.0 (1.1.1 available)
  riverpod 2.6.1 (3.4.3 available)
  shared_preferences_android 2.4.27 (2.4.28 available)
  shared_preferences_foundation 2.5.6 (2.5.7 available)
  stack_trace 1.12.1 (1.12.2 available)
  storage_client 2.8.0 (2.8.1 available)
  supabase 2.16.0 (2.16.2 available)
  supabase_flutter 2.17.1 (2.18.0 available)
  test_api 0.7.11 (0.7.14 available)
  url_launcher_android 6.3.32 (6.3.33 available)
  url_launcher_ios 6.4.1 (6.4.2 available)
  url_launcher_linux 3.2.2 (3.2.3 available)
  url_launcher_macos 3.2.5 (3.2.6 available)
  url_launcher_windows 3.1.5 (3.1.6 available)
  vector_math 2.2.0 (2.4.3 available)
  vm_service 15.2.0 (15.3.0 available)
  windows_file_picker 1.0.1 (2.0.0 available)
  xml 7.0.1 (7.1.0 available)
  yaml 3.1.3 (3.1.4 available)
Got dependencies!
56 packages have newer versions incompatible with dependency constraints.
Try `flutter pub outdated` for more information.
00:00 +0: loading D:/Development/digital_wardrobe_app/test/core/services/country_currency_service_test.dart
00:00 +0: D:/Development/digital_wardrobe_app/test/core/services/country_currency_service_test.dart: country list only includes unique country codes
00:00 +1: D:/Development/digital_wardrobe_app/test/core/services/country_currency_service_test.dart: country list is sorted alphabetically by name
00:00 +2: D:/Development/digital_wardrobe_app/test/core/services/country_currency_service_test.dart: country list every country has a currency code and symbol
00:00 +3: D:/Development/digital_wardrobe_app/test/core/services/country_currency_service_test.dart: country list sortedCountries matches the static list ordering
00:00 +4: D:/Development/digital_wardrobe_app/test/core/services/country_currency_service_test.dart: country to currency mapping Pakistan maps to PKR
00:00 +5: D:/Development/digital_wardrobe_app/test/core/services/country_currency_service_test.dart: country to currency mapping United States maps to USD
00:00 +6: D:/Development/digital_wardrobe_app/test/core/services/country_currency_service_test.dart: country to currency mapping United Kingdom maps to GBP
00:00 +7: D:/Development/digital_wardrobe_app/test/core/services/country_currency_service_test.dart: country to currency mapping United Arab Emirates maps to AED
00:00 +8: D:/Development/digital_wardrobe_app/test/core/services/country_currency_service_test.dart: country to currency mapping additional representative countries map correctly
00:00 +9: D:/Development/digital_wardrobe_app/test/core/services/country_currency_service_test.dart: fallback default unknown or missing code falls back to Pakistan / PKR
00:00 +10: D:/Development/digital_wardrobe_app/test/core/services/country_currency_service_test.dart: fallback default formatterFor derives the currency from the country code
00:00 +11: D:/Development/digital_wardrobe_app/test/core/services/currency_formatter_test.dart: CurrencyFormatter.format prepends the currency code
00:00 +12: D:/Development/digital_wardrobe_app/test/core/services/currency_formatter_test.dart: CurrencyFormatter.format groups thousands with commas
00:00 +13: D:/Development/digital_wardrobe_app/test/core/services/currency_formatter_test.dart: CurrencyFormatter.format rounds to whole units
00:00 +14: D:/Development/digital_wardrobe_app/test/core/services/currency_formatter_test.dart: CurrencyFormatter.format preserves negative sign
00:00 +15: D:/Development/digital_wardrobe_app/test/core/services/currency_formatter_test.dart: CurrencyFormatter.format returns dash for null
00:00 +16: D:/Development/digital_wardrobe_app/test/core/services/currency_formatter_test.dart: CurrencyFormatter.format supports multiple currency codes
00:01 +17: D:/Development/digital_wardrobe_app/test/data/models/garment_color_test.dart: GarmentColorPalette exposes all requested color families
00:01 +18: D:/Development/digital_wardrobe_app/test/data/models/garment_color_test.dart: GarmentColorPalette includes the required clothing shades
00:01 +19: D:/Development/digital_wardrobe_app/test/data/models/garment_color_test.dart: GarmentColorPalette every shade has a non-empty name and a valid #RRGGBB hex
00:01 +20: D:/Development/digital_wardrobe_app/test/data/models/garment_color_test.dart: GarmentColorPalette shade names are unique across the whole palette
00:01 +21: D:/Development/digital_wardrobe_app/test/data/models/garment_color_test.dart: GarmentColorPalette tryFindByName matches case-insensitively and trims input
00:01 +22: D:/Development/digital_wardrobe_app/test/data/models/garment_color_test.dart: GarmentColorPalette tryFindByName returns null for unknown or empty values
00:02 +23: D:/Development/digital_wardrobe_app/test/data/models/garment_location_test.dart: hasDuplicateLocationName matches ignoring case
00:02 +24: D:/Development/digital_wardrobe_app/test/data/models/garment_location_test.dart: hasDuplicateLocationName matches ignoring surrounding whitespace
00:02 +25: D:/Development/digital_wardrobe_app/test/data/models/garment_location_test.dart: hasDuplicateLocationName returns false for new names
00:02 +26: D:/Development/digital_wardrobe_app/test/data/models/garment_location_test.dart: hasDuplicateLocationName excludes exceptId so renaming to its own name is allowed
00:02 +27: D:/Development/digital_wardrobe_app/test/data/models/garment_location_test.dart: hasDuplicateLocationName does not treat blank names as duplicates
00:02 +28: D:/Development/digital_wardrobe_app/test/data/models/garment_location_test.dart: LocationNameConflict exposes a clear message
00:03 +29: D:/Development/digital_wardrobe_app/test/data/models/garment_test.dart: Garment color and details mapping fromJson maps secondary color and details columns
00:03 +30: D:/Development/digital_wardrobe_app/test/data/models/garment_test.dart: Garment color and details mapping fromJson tolerates legacy rows without the new columns
00:03 +31: D:/Development/digital_wardrobe_app/test/data/models/garment_test.dart: Garment color and details mapping fromJson maps garment management columns and normalized sizes
00:03 +32: D:/Development/digital_wardrobe_app/test/data/models/garment_test.dart: Garment color and details mapping fromJson maps the three new availability statuses and receipt path
00:03 +33: D:/Development/digital_wardrobe_app/test/data/models/garment_test.dart: Garment color and details mapping fromJson treats a null location embed as unspecified
00:03 +34: D:/Development/digital_wardrobe_app/test/data/models/garment_test.dart: Garment color and details mapping fromJson falls back to a legacy location_name column
00:03 +35: D:/Development/digital_wardrobe_app/test/data/models/garment_test.dart: Garment color and details mapping fromJson uses designated primary garment color shade
00:03 +36: D:/Development/digital_wardrobe_app/test/data/models/garment_test.dart: Garment color and details mapping fromJson preserves garment color shade sort order
00:03 +37: D:/Development/digital_wardrobe_app/test/data/models/garment_test.dart: Garment color and details mapping shade insert json includes authenticated user id and sort order
00:03 +38: D:/Development/digital_wardrobe_app/test/data/models/garment_test.dart: Garment color and details mapping normalizes selected shades to exactly one primary
00:03 +39: D:/Development/digital_wardrobe_app/test/data/models/garment_test.dart: Garment color and details mapping primary shade can change and remains single
00:03 +40: D:/Development/digital_wardrobe_app/test/data/models/garment_test.dart: Garment color and details mapping removing primary makes another selected shade primary
00:03 +41: D:/Development/digital_wardrobe_app/test/data/models/garment_test.dart: Garment color and details mapping toInsertJson writes the new columns
00:03 +42: D:/Development/digital_wardrobe_app/test/data/models/garment_test.dart: Garment color and details mapping toInsertJson writes nulls when colors or details are absent
00:03 +43: D:/Development/digital_wardrobe_app/test/data/models/garment_test.dart: Garment color and details mapping copyWith preserves the new fields
00:03 +44: D:/Development/digital_wardrobe_app/test/data/models/garment_test.dart: Garment color and details mapping availability status marks only available and borrowed as wearable
00:04 +45: D:/Development/digital_wardrobe_app/test/data/models/profile_test.dart: Profile.fromJson parses country_code when present
00:04 +46: D:/Development/digital_wardrobe_app/test/data/models/profile_test.dart: Profile.fromJson missing country does not crash and stays null
00:04 +47: D:/Development/digital_wardrobe_app/test/data/models/profile_test.dart: Profile.fromJson null country_code stays null
00:05 +48: D:/Development/digital_wardrobe_app/test/data/models/shoe_size_test.dart: ShoeSizeCatalog provides non-empty lists for every system
00:05 +49: D:/Development/digital_wardrobe_app/test/data/models/shoe_size_test.dart: ShoeSizeCatalog covers baby/infant through adult across the catalog
00:05 +50: D:/Development/digital_wardrobe_app/test/data/models/shoe_size_test.dart: ShoeSizeCatalog has no duplicate values within a system
00:05 +51: D:/Development/digital_wardrobe_app/test/data/models/shoe_size_test.dart: ShoeSizeCatalog formats half sizes without trailing zeros
00:05 +52: D:/Development/digital_wardrobe_app/test/data/models/shoe_size_test.dart: ShoeSizeCatalog every hint is non-empty
00:05 +53: D:/Development/digital_wardrobe_app/test/data/models/shoe_size_test.dart: ShoeSizeSystem.tryParse resolves labels case-insensitively
00:05 +54: D:/Development/digital_wardrobe_app/test/data/models/shoe_size_test.dart: ShoeSizeSystem.tryParse returns null for unknown systems
00:05 +55: D:/Development/digital_wardrobe_app/test/data/models/shoe_size_test.dart: ShoeSize label uses the canonical system + value form
00:05 +56: D:/Development/digital_wardrobe_app/test/data/models/shoe_size_test.dart: ShoeSize tryParse round-trips the canonical format
00:05 +57: D:/Development/digital_wardrobe_app/test/data/models/shoe_size_test.dart: ShoeSize tryParse is case-insensitive on the system label
00:05 +58: D:/Development/digital_wardrobe_app/test/data/models/shoe_size_test.dart: ShoeSize trims surrounding whitespace
00:05 +59: D:/Development/digital_wardrobe_app/test/data/models/shoe_size_test.dart: ShoeSize returns null for legacy or malformed values
00:05 +60: D:/Development/digital_wardrobe_app/test/data/models/shoe_size_test.dart: ShoeSize operator == compares system and value
00:05 +61: D:/Development/digital_wardrobe_app/test/data/models/shoe_size_test.dart: band disambiguation same number in different bands is unambiguous
00:06 +62: D:/Development/digital_wardrobe_app/test/features/alerts/alerts_repository_ootd_test.dart: AlertsRepository OOTD creation gating eligible wardrobe with no active alert can generate an OOTD alert
00:06 +63: D:/Development/digital_wardrobe_app/test/features/alerts/alerts_repository_ootd_test.dart: AlertsRepository OOTD creation gating normal provider rebuilds never duplicate an active OOTD alert
00:06 +64: D:/Development/digital_wardrobe_app/test/features/alerts/alerts_repository_ootd_test.dart: AlertsRepository OOTD creation gating dismissed OOTD alert no longer blocks a fresh alert later that day
00:06 +65: D:/Development/digital_wardrobe_app/test/features/alerts/alerts_repository_ootd_test.dart: AlertsRepository OOTD creation gating disabled preference blocks OOTD alert creation
00:06 +66: D:/Development/digital_wardrobe_app/test/features/alerts/alerts_repository_ootd_test.dart: AlertsRepository OOTD creation gating ineligible wardrobe blocks OOTD alert creation
00:06 +67: D:/Development/digital_wardrobe_app/test/features/alerts/alerts_repository_ootd_test.dart: AlertsRepository OOTD resolution an enabled preference never auto-dismisses an OOTD alert
00:06 +68: D:/Development/digital_wardrobe_app/test/features/alerts/alerts_repository_ootd_test.dart: AlertsRepository OOTD resolution wearing garments (later ineligible wardrobe) never auto-dismisses
00:06 +69: D:/Development/digital_wardrobe_app/test/features/alerts/alerts_repository_ootd_test.dart: AlertsRepository OOTD resolution a disabled preference resolves existing OOTD alerts
00:06 +70: D:/Development/digital_wardrobe_app/test/features/alerts/alerts_repository_ootd_test.dart: AlertsRepository OOTD snapshot failure isolation snapshot persistence failure returns null instead of breaking the feed
Could not persist OOTD alert snapshot: Bad state: snapshot insert failed
#0      _ThrowingOotdRepository.createSnapshot (file:///D:/Development/digital_wardrobe_app/test/features/alerts/alerts_repository_ootd_test.dart:156:5)
#1      AlertsRepository.buildOotdAlertWithSnapshot (package:digital_wardrobe_app/data/repositories/alerts_repository.dart:331:12)
#2      main.<anonymous closure>.<anonymous closure> (file:///D:/Development/digital_wardrobe_app/test/features/alerts/alerts_repository_ootd_test.dart:97:12)
#3      Declarer.test.<anonymous closure>.<anonymous closure> (package:test_api/src/backend/declarer.dart:253:25)
<asynchronous suspension>
#4      Declarer.test.<anonymous closure> (package:test_api/src/backend/declarer.dart:250:11)
<asynchronous suspension>
#5      Invoker._waitForOutstandingCallbacks.<anonymous closure> (package:test_api/src/backend/invoker.dart:318:9)
<asynchronous suspension>

00:08 +71: D:/Development/digital_wardrobe_app/test/features/alerts/alert_target_test.dart: Alert target parsing parses generic target fields and timestamps
00:08 +72: D:/Development/digital_wardrobe_app/test/features/alerts/alert_target_test.dart: Alert target routes routes garment targets to garment detail
00:08 +73: D:/Development/digital_wardrobe_app/test/features/alerts/alert_target_test.dart: Alert target routes routes growth targets to family member detail
00:08 +74: D:/Development/digital_wardrobe_app/test/features/alerts/alert_target_test.dart: Alert target routes routes OOTD targets to recommendation snapshot
00:08 +75: D:/Development/digital_wardrobe_app/test/features/alerts/alert_target_test.dart: Alert target routes routes saved outfit targets to outfit detail
00:08 +76: D:/Development/digital_wardrobe_app/test/features/alerts/alert_target_test.dart: Alert target routes falls back to legacy garment id for old alerts
00:08 +77: D:/Development/digital_wardrobe_app/test/features/alerts/alert_target_test.dart: Alert target routes returns null for missing or deleted target metadata
00:10 +78: D:/Development/digital_wardrobe_app/test/features/alerts/providers/alerts_provider_test.dart: AlertsController optimistic mutations optimistically dismisses without regenerating alerts
00:10 +79: D:/Development/digital_wardrobe_app/test/features/alerts/providers/alerts_provider_test.dart: AlertsController optimistic mutations restores dismissed alert when persistence fails
00:10 +80: D:/Development/digital_wardrobe_app/test/features/alerts/providers/alerts_provider_test.dart: AlertsController optimistic mutations optimistically marks read without regenerating alerts
00:10 +81: D:/Development/digital_wardrobe_app/test/features/alerts/providers/alerts_provider_test.dart: AlertsController optimistic mutations restores unread state when mark-read persistence fails
00:12 +82: D:/Development/digital_wardrobe_app/test/features/alerts/services/alert_rule_service_test.dart: AlertRuleService - Growth Alerts does not create growth alert when preference is disabled
00:12 +83: D:/Development/digital_wardrobe_app/test/features/alerts/services/alert_rule_service_test.dart: AlertRuleService - Growth Alerts does not create growth alert for an adult
00:12 +84: D:/Development/digital_wardrobe_app/test/features/alerts/services/alert_rule_service_test.dart: AlertRuleService - Growth Alerts does not create duplicate active growth alert
00:12 +85: D:/Development/digital_wardrobe_app/test/features/alerts/services/alert_rule_service_test.dart: AlertRuleService - Growth Alerts does not recreate reminder when one exists for the latest cycle
00:12 +86: D:/Development/digital_wardrobe_app/test/features/alerts/services/alert_rule_service_test.dart: AlertRuleService - Growth Alerts creates reminder when none exists for the latest cycle
00:12 +87: D:/Development/digital_wardrobe_app/test/features/alerts/services/alert_rule_service_test.dart: AlertRuleService - Growth Alerts does not recreate reminder when no measurements exist yet
00:12 +88: D:/Development/digital_wardrobe_app/test/features/alerts/services/alert_rule_service_test.dart: AlertRuleService - Growth Alerts creates measurement reminder when child has no measurements
00:12 +89: D:/Development/digital_wardrobe_app/test/features/alerts/services/alert_rule_service_test.dart: AlertRuleService - Growth Alerts creates growth detected alert when height increases
00:12 +90: D:/Development/digital_wardrobe_app/test/features/alerts/services/alert_rule_service_test.dart: AlertRuleService - Growth Alerts creates growth alert when clothing size changes
00:12 +91: D:/Development/digital_wardrobe_app/test/features/alerts/services/alert_rule_service_test.dart: AlertRuleService - Growth Alerts creates growth alert when shoe size changes
00:12 +92: D:/Development/digital_wardrobe_app/test/features/alerts/services/alert_rule_service_test.dart: AlertRuleService - Growth Alerts shouldHaveGrowthAlert returns false for adult
00:12 +93: D:/Development/digital_wardrobe_app/test/features/alerts/services/alert_rule_service_test.dart: AlertRuleService - Growth Alerts shouldHaveGrowthAlert returns true for child needing measurement
00:12 +94: D:/Development/digital_wardrobe_app/test/features/alerts/services/alert_rule_service_test.dart: AlertRuleService - Laundry Alerts dirty garment needs laundry alert
00:12 +95: D:/Development/digital_wardrobe_app/test/features/alerts/services/alert_rule_service_test.dart: AlertRuleService - Laundry Alerts clean garment does not need laundry alert
00:12 +96: D:/Development/digital_wardrobe_app/test/features/alerts/services/alert_rule_service_test.dart: AlertRuleService - Laundry Alerts washing garment does not need dirty laundry alert
00:12 +97: D:/Development/digital_wardrobe_app/test/features/alerts/services/alert_rule_service_test.dart: AlertRuleService - Laundry Alerts ironing garment does not need dirty laundry alert
00:12 +98: D:/Development/digital_wardrobe_app/test/features/alerts/services/alert_rule_service_test.dart: AlertRuleService - Laundry Alerts buildGarmentAlerts creates laundry alert for dirty garment
00:12 +99: D:/Development/digital_wardrobe_app/test/features/alerts/services/alert_rule_service_test.dart: AlertRuleService - Laundry Alerts does not create laundry alert when preference is disabled
00:12 +100: D:/Development/digital_wardrobe_app/test/features/alerts/services/alert_rule_service_test.dart: AlertRuleService - Laundry Alerts does not create duplicate laundry alert
00:12 +101: D:/Development/digital_wardrobe_app/test/features/alerts/services/alert_rule_service_test.dart: AlertRuleService - Unused Alerts unworn garment under 3 calendar months does not need alert
00:12 +102: D:/Development/digital_wardrobe_app/test/features/alerts/services/alert_rule_service_test.dart: AlertRuleService - Unused Alerts unworn garment at exactly 3 calendar months needs alert
00:12 +103: D:/Development/digital_wardrobe_app/test/features/alerts/services/alert_rule_service_test.dart: AlertRuleService - Unused Alerts unworn garment over 3 calendar months needs alert
00:12 +104: D:/Development/digital_wardrobe_app/test/features/alerts/services/alert_rule_service_test.dart: AlertRuleService - Unused Alerts out-of-season garment suppresses unused alert
00:12 +105: D:/Development/digital_wardrobe_app/test/features/alerts/services/alert_rule_service_test.dart: AlertRuleService - Unused Alerts all-season garment keeps unused alert behavior year-round
00:12 +106: D:/Development/digital_wardrobe_app/test/features/alerts/services/alert_rule_service_test.dart: AlertRuleService - Unused Alerts in-season garment keeps unused alert behavior
00:12 +107: D:/Development/digital_wardrobe_app/test/features/alerts/services/alert_rule_service_test.dart: AlertRuleService - Unused Alerts unworn garment falls back to createdAt when purchase date is absent
00:12 +108: D:/Development/digital_wardrobe_app/test/features/alerts/services/alert_rule_service_test.dart: AlertRuleService - Unused Alerts unworn garment without purchase date or createdAt does not alert
00:12 +109: D:/Development/digital_wardrobe_app/test/features/alerts/services/alert_rule_service_test.dart: AlertRuleService - Unused Alerts previously worn garment uses last worn date at 3 calendar months
00:12 +110: D:/Development/digital_wardrobe_app/test/features/alerts/services/alert_rule_service_test.dart: AlertRuleService - Unused Alerts recently worn garment does not need unused alert
00:12 +111: D:/Development/digital_wardrobe_app/test/features/alerts/services/alert_rule_service_test.dart: AlertRuleService - Unused Alerts calendar month threshold handles end-of-month safely
00:12 +112: D:/Development/digital_wardrobe_app/test/features/alerts/services/alert_rule_service_test.dart: AlertRuleService - Unused Alerts buildGarmentAlerts creates unused alert when condition is met
00:12 +113: D:/Development/digital_wardrobe_app/test/features/alerts/services/alert_rule_service_test.dart: AlertRuleService - Unused Alerts does not create unused alert when preference is disabled
00:12 +114: D:/Development/digital_wardrobe_app/test/features/alerts/services/alert_rule_service_test.dart: AlertRuleService - Unused Alerts does not create duplicate unused alert
00:12 +115: D:/Development/digital_wardrobe_app/test/features/alerts/services/alert_rule_service_test.dart: AlertRuleService - OOTD Alerts creates OOTD alert when enabled and none exists today
00:12 +116: D:/Development/digital_wardrobe_app/test/features/alerts/services/alert_rule_service_test.dart: AlertRuleService - OOTD Alerts does not create OOTD alert when preference is disabled
00:12 +117: D:/Development/digital_wardrobe_app/test/features/alerts/services/alert_rule_service_test.dart: AlertRuleService - OOTD Alerts does not create second OOTD alert on same day
00:12 +118: D:/Development/digital_wardrobe_app/test/features/alerts/services/alert_rule_service_test.dart: AlertRuleService - OOTD Alerts does not create OOTD alert when wardrobe is not eligible
00:12 +119: D:/Development/digital_wardrobe_app/test/features/alerts/services/alert_rule_service_test.dart: AlertRuleService - OOTD Alerts shouldHaveOotdAlert returns true when enabled and eligible
00:12 +120: D:/Development/digital_wardrobe_app/test/features/alerts/services/alert_rule_service_test.dart: AlertRuleService - OOTD Alerts shouldHaveOotdAlert returns false when disabled
00:12 +121: D:/Development/digital_wardrobe_app/test/features/alerts/services/alert_rule_service_test.dart: AlertRuleService - OOTD Alerts shouldHaveOotdAlert returns false when wardrobe is not eligible
00:13 +122: D:/Development/digital_wardrobe_app/test/features/alerts/services/alert_rule_service_test.dart: AlertRuleService - Size Growth Alerts does not create size growth alert when preference is disabled
00:13 +123: D:/Development/digital_wardrobe_app/test/features/alerts/services/alert_rule_service_test.dart: AlertRuleService - Size Growth Alerts does not create size growth alert for an adult
00:13 +124: D:/Development/digital_wardrobe_app/test/features/alerts/services/alert_rule_service_test.dart: AlertRuleService - Size Growth Alerts does not create size growth alert for non-size garments
00:13 +125: D:/Development/digital_wardrobe_app/test/features/alerts/services/alert_rule_service_test.dart: AlertRuleService - Size Growth Alerts does not create size growth alert when garment is already smaller than the child
00:13 +126: D:/Development/digital_wardrobe_app/test/features/alerts/services/alert_rule_service_test.dart: AlertRuleService - Size Growth Alerts does not create size growth alert beyond the lead time
00:13 +127: D:/Development/digital_wardrobe_app/test/features/alerts/services/alert_rule_service_test.dart: AlertRuleService - Size Growth Alerts creates size growth alert predicted within the lead time
00:13 +128: D:/Development/digital_wardrobe_app/test/features/alerts/services/alert_rule_service_test.dart: AlertRuleService - Size Growth Alerts does not create a duplicate active size growth alert
00:13 +129: D:/Development/digital_wardrobe_app/test/features/alerts/services/alert_rule_service_test.dart: AlertRuleService - Size Growth Alerts shouldHaveSizeGrowthAlert reflects the prediction
00:15 +130: D:/Development/digital_wardrobe_app/test/features/analytics/analytics_screen_test.dart: Analytics screen renders displays the app bar title
00:17 +131: D:/Development/digital_wardrobe_app/test/features/analytics/analytics_screen_test.dart: Analytics screen renders displays key metric cards
00:17 +132: D:/Development/digital_wardrobe_app/test/features/analytics/analytics_screen_test.dart: Analytics screen renders displays category breakdown section
00:17 +133: D:/Development/digital_wardrobe_app/test/features/analytics/analytics_screen_test.dart: Analytics screen renders displays garment usage section
00:17 +134: D:/Development/digital_wardrobe_app/test/features/analytics/analytics_screen_test.dart: Analytics screen renders displays usage insights section
00:18 +135: D:/Development/digital_wardrobe_app/test/features/analytics/analytics_screen_test.dart: Currency formatting wardrobe value uses PKR for a Pakistan country
00:18 +136: D:/Development/digital_wardrobe_app/test/features/analytics/analytics_screen_test.dart: Currency formatting wardrobe value uses USD for a United States country
00:18 +137: D:/Development/digital_wardrobe_app/test/features/analytics/analytics_screen_test.dart: Currency formatting wardrobe value uses GBP for a United Kingdom country
00:18 +138: D:/Development/digital_wardrobe_app/test/features/analytics/analytics_screen_test.dart: Currency formatting missing country falls back to PKR without crashing
00:18 +139: D:/Development/digital_wardrobe_app/test/features/analytics/analytics_screen_test.dart: Responsive layout metric cards do not overflow on a narrow screen
00:18 +140: D:/Development/digital_wardrobe_app/test/features/analytics/analytics_screen_test.dart: Responsive layout metric cards do not overflow with a large value
00:18 +141: D:/Development/digital_wardrobe_app/test/features/analytics/analytics_screen_test.dart: Responsive layout metric cards do not overflow on a very narrow screen
00:18 +142: D:/Development/digital_wardrobe_app/test/features/analytics/analytics_screen_test.dart: Loading state shows loading indicator while data loads
00:19 +143: D:/Development/digital_wardrobe_app/test/features/analytics/analytics_screen_test.dart: Empty state shows empty state when no wardrobe data
00:19 +144: D:/Development/digital_wardrobe_app/test/features/analytics/analytics_screen_test.dart: Empty state does not show empty state when garments exist
00:19 +145: D:/Development/digital_wardrobe_app/test/features/analytics/analytics_screen_test.dart: Real data display displays correct metric values
00:19 +146: D:/Development/digital_wardrobe_app/test/features/analytics/analytics_screen_test.dart: Real data display hides Closet Vault when no archived garments
00:19 +147: D:/Development/digital_wardrobe_app/test/features/analytics/analytics_screen_test.dart: Real data display shows Closet Vault when archived garments exist
00:19 +148: D:/Development/digital_wardrobe_app/test/features/analytics/analytics_screen_test.dart: Real data display hides usage insights when no wears recorded
00:19 +149: D:/Development/digital_wardrobe_app/test/features/analytics/analytics_screen_test.dart: Real data display hides garment usage when no wear data
00:19 +150: D:/Development/digital_wardrobe_app/test/features/analytics/analytics_screen_test.dart: Real data display hides category breakdown when empty
00:19 +151: D:/Development/digital_wardrobe_app/test/features/analytics/analytics_screen_test.dart: Real data display shows average wears per garment when positive
ΓòÉΓòÉΓòí EXCEPTION CAUGHT BY FLUTTER TEST FRAMEWORK Γò₧ΓòÉΓòÉΓòÉΓòÉΓòÉΓòÉΓòÉΓòÉΓòÉΓòÉΓòÉΓòÉΓòÉΓòÉΓòÉΓòÉΓòÉΓòÉΓòÉΓòÉΓòÉΓòÉΓòÉΓòÉΓòÉΓòÉΓòÉΓòÉΓòÉΓòÉΓòÉΓòÉΓòÉΓòÉΓòÉΓòÉΓòÉΓòÉΓòÉΓòÉΓòÉΓòÉΓòÉΓòÉΓòÉΓòÉΓòÉΓòÉΓòÉΓòÉΓòÉΓòÉ
The following TestFailure was thrown running a test:
Expected: exactly one matching candidate
  Actual: _TextWidgetFinder:<Found 0 widgets with text "Avg wears per garment": []>
   Which: means none were found but one was expected

When the exception was thrown, this was the stack:
#4      main.<anonymous closure>.<anonymous closure> (file:///D:/Development/digital_wardrobe_app/test/features/analytics/analytics_screen_test.dart:401:7)
<asynchronous suspension>
#5      testWidgets.<anonymous closure>.<anonymous closure> (package:flutter_test/src/widget_tester.dart:192:15)
<asynchronous suspension>
#6      TestWidgetsFlutterBinding._runTestBody (package:flutter_test/src/binding.dart:1952:5)
<asynchronous suspension>
<asynchronous suspension>
(elided one frame from package:stack_trace)

This was caught by the test expectation on the following line:
  file:///D:/Development/digital_wardrobe_app/test/features/analytics/analytics_screen_test.dart line 401
The test description was:
  shows average wears per garment when positive
ΓòÉΓòÉΓòÉΓòÉΓòÉΓòÉΓòÉΓòÉΓòÉΓòÉΓòÉΓòÉΓòÉΓòÉΓòÉΓòÉΓòÉΓòÉΓòÉΓòÉΓòÉΓòÉΓòÉΓòÉΓòÉΓòÉΓòÉΓòÉΓòÉΓòÉΓòÉΓòÉΓòÉΓòÉΓòÉΓòÉΓòÉΓòÉΓòÉΓòÉΓòÉΓòÉΓòÉΓòÉΓòÉΓòÉΓòÉΓòÉΓòÉΓòÉΓòÉΓòÉΓòÉΓòÉΓòÉΓòÉΓòÉΓòÉΓòÉΓòÉΓòÉΓòÉΓòÉΓòÉΓòÉΓòÉΓòÉΓòÉΓòÉΓòÉΓòÉΓòÉΓòÉΓòÉΓòÉΓòÉΓòÉΓòÉΓòÉΓòÉΓòÉΓòÉΓòÉΓòÉΓòÉΓòÉΓòÉΓòÉΓòÉΓòÉΓòÉΓòÉΓòÉΓòÉΓòÉΓòÉΓòÉΓòÉΓòÉΓòÉ
00:20 +151 -1: D:/Development/digital_wardrobe_app/test/features/analytics/analytics_screen_test.dart: Real data display shows average wears per garment when positive [E]
  Test failed. See exception logs above.
  The test description was: shows average wears per garment when positive
  
00:20 +151 -1: D:/Development/digital_wardrobe_app/test/features/analytics/analytics_screen_test.dart: Real data display shows avg cost per wear when value and wears exist
00:20 +152 -1: D:/Development/digital_wardrobe_app/test/features/analytics/analytics_screen_test.dart: Navigation shows back arrow when canNavigateBack is true
00:20 +153 -1: D:/Development/digital_wardrobe_app/test/features/analytics/analytics_screen_test.dart: Navigation hides back arrow when canNavigateBack is false
00:22 +154 -1: D:/Development/digital_wardrobe_app/test/features/analytics/analytics_step2_test.dart: Wear activity displays recent wears with garment names and images
00:23 +155 -1: D:/Development/digital_wardrobe_app/test/features/analytics/analytics_step2_test.dart: Wear activity shows relative dates for recent activity
00:23 +156 -1: D:/Development/digital_wardrobe_app/test/features/analytics/analytics_step2_test.dart: Wear activity renders an empty state when there is no activity
00:23 +157 -1: D:/Development/digital_wardrobe_app/test/features/analytics/analytics_step2_test.dart: Wear activity renders an error state with retry when activity fails
00:24 +158 -1: D:/Development/digital_wardrobe_app/test/features/analytics/analytics_step2_test.dart: Wear activity renders loading state while activity loads
00:24 +159 -1: D:/Development/digital_wardrobe_app/test/features/analytics/analytics_step2_test.dart: Wear activity long garment names do not overflow on a narrow screen
00:24 +160 -1: D:/Development/digital_wardrobe_app/test/features/analytics/analytics_step2_test.dart: Outfit insights displays outfit metrics from real data
00:24 +161 -1: D:/Development/digital_wardrobe_app/test/features/analytics/analytics_step2_test.dart: Outfit insights most-used outfit displays correctly
00:24 +162 -1: D:/Development/digital_wardrobe_app/test/features/analytics/analytics_step2_test.dart: Outfit insights lists recently worn outfits
00:24 +163 -1: D:/Development/digital_wardrobe_app/test/features/analytics/analytics_step2_test.dart: Outfit insights renders an empty state when no outfits are saved
00:24 +164 -1: D:/Development/digital_wardrobe_app/test/features/analytics/analytics_step2_test.dart: Outfit insights renders loading state while outfits load
00:24 +165 -1: D:/Development/digital_wardrobe_app/test/features/analytics/analytics_step2_test.dart: Integration with Step 1 metrics existing Step 1 sections still render
00:29 +166 -1: D:/Development/digital_wardrobe_app/test/features/auth/setup_wizard_screen_test.dart: country selector opens a searchable alphabetical list
00:30 +167 -1: D:/Development/digital_wardrobe_app/test/features/auth/setup_wizard_screen_test.dart: search filters the country list
00:31 +168 -1: D:/Development/digital_wardrobe_app/test/features/auth/setup_wizard_screen_test.dart: selecting a country updates the field and persists on finish
00:32 +169 -1: D:/Development/digital_wardrobe_app/test/features/auth/setup_wizard_screen_test.dart: existing saved country remains selected when returning
00:32 +170 -1: D:/Development/digital_wardrobe_app/test/features/auth/setup_wizard_screen_test.dart: renders without overflow on a narrow screen
00:50 +171 -1: D:/Development/digital_wardrobe_app/test/features/calendar/calendar_screen_test.dart: selecting a day exposes the plan outfit action
ΓòÉΓòÉΓòí EXCEPTION CAUGHT BY FLUTTER TEST FRAMEWORK Γò₧ΓòÉΓòÉΓòÉΓòÉΓòÉΓòÉΓòÉΓòÉΓòÉΓòÉΓòÉΓòÉΓòÉΓòÉΓòÉΓòÉΓòÉΓòÉΓòÉΓòÉΓòÉΓòÉΓòÉΓòÉΓòÉΓòÉΓòÉΓòÉΓòÉΓòÉΓòÉΓòÉΓòÉΓòÉΓòÉΓòÉΓòÉΓòÉΓòÉΓòÉΓòÉΓòÉΓòÉΓòÉΓòÉΓòÉΓòÉΓòÉΓòÉΓòÉΓòÉΓòÉ
The following TestFailure was thrown running a test:
Expected: exactly one matching candidate
  Actual: _TextWidgetFinder:<Found 0 widgets with text "September 5, 2026": []>
   Which: means none were found but one was expected

When the exception was thrown, this was the stack:
#4      main.<anonymous closure> (file:///D:/Development/digital_wardrobe_app/test/features/calendar/calendar_screen_test.dart:64:5)
<asynchronous suspension>
#5      testWidgets.<anonymous closure>.<anonymous closure> (package:flutter_test/src/widget_tester.dart:192:15)
<asynchronous suspension>
#6      TestWidgetsFlutterBinding._runTestBody (package:flutter_test/src/binding.dart:1952:5)
<asynchronous suspension>
<asynchronous suspension>
(elided one frame from package:stack_trace)

This was caught by the test expectation on the following line:
  file:///D:/Development/digital_wardrobe_app/test/features/calendar/calendar_screen_test.dart line 64
The test description was:
  selecting a day exposes the plan outfit action
ΓòÉΓòÉΓòÉΓòÉΓòÉΓòÉΓòÉΓòÉΓòÉΓòÉΓòÉΓòÉΓòÉΓòÉΓòÉΓòÉΓòÉΓòÉΓòÉΓòÉΓòÉΓòÉΓòÉΓòÉΓòÉΓòÉΓòÉΓòÉΓòÉΓòÉΓòÉΓòÉΓòÉΓòÉΓòÉΓòÉΓòÉΓòÉΓòÉΓòÉΓòÉΓòÉΓòÉΓòÉΓòÉΓòÉΓòÉΓòÉΓòÉΓòÉΓòÉΓòÉΓòÉΓòÉΓòÉΓòÉΓòÉΓòÉΓòÉΓòÉΓòÉΓòÉΓòÉΓòÉΓòÉΓòÉΓòÉΓòÉΓòÉΓòÉΓòÉΓòÉΓòÉΓòÉΓòÉΓòÉΓòÉΓòÉΓòÉΓòÉΓòÉΓòÉΓòÉΓòÉΓòÉΓòÉΓòÉΓòÉΓòÉΓòÉΓòÉΓòÉΓòÉΓòÉΓòÉΓòÉΓòÉΓòÉΓòÉΓòÉ
00:53 +171 -2: D:/Development/digital_wardrobe_app/test/features/calendar/calendar_screen_test.dart: selecting a day exposes the plan outfit action [E]
  Test failed. See exception logs above.
  The test description was: selecting a day exposes the plan outfit action
  
00:53 +171 -2: D:/Development/digital_wardrobe_app/test/features/calendar/calendar_screen_test.dart: plan action navigates with the selected date
ΓòÉΓòÉΓòí EXCEPTION CAUGHT BY FLUTTER TEST FRAMEWORK Γò₧ΓòÉΓòÉΓòÉΓòÉΓòÉΓòÉΓòÉΓòÉΓòÉΓòÉΓòÉΓòÉΓòÉΓòÉΓòÉΓòÉΓòÉΓòÉΓòÉΓòÉΓòÉΓòÉΓòÉΓòÉΓòÉΓòÉΓòÉΓòÉΓòÉΓòÉΓòÉΓòÉΓòÉΓòÉΓòÉΓòÉΓòÉΓòÉΓòÉΓòÉΓòÉΓòÉΓòÉΓòÉΓòÉΓòÉΓòÉΓòÉΓòÉΓòÉΓòÉΓòÉ
The following TestFailure was thrown running a test:
Expected: exactly one matching candidate
  Actual: _TextWidgetFinder:<Found 0 widgets with text "PLAN:2026-09-05": []>
   Which: means none were found but one was expected

When the exception was thrown, this was the stack:
#4      main.<anonymous closure> (file:///D:/Development/digital_wardrobe_app/test/features/calendar/calendar_screen_test.dart:79:5)
<asynchronous suspension>
#5      testWidgets.<anonymous closure>.<anonymous closure> (package:flutter_test/src/widget_tester.dart:192:15)
<asynchronous suspension>
#6      TestWidgetsFlutterBinding._runTestBody (package:flutter_test/src/binding.dart:1952:5)
<asynchronous suspension>
<asynchronous suspension>
(elided one frame from package:stack_trace)

This was caught by the test expectation on the following line:
  file:///D:/Development/digital_wardrobe_app/test/features/calendar/calendar_screen_test.dart line 79
The test description was:
  plan action navigates with the selected date
ΓòÉΓòÉΓòÉΓòÉΓòÉΓòÉΓòÉΓòÉΓòÉΓòÉΓòÉΓòÉΓòÉΓòÉΓòÉΓòÉΓòÉΓòÉΓòÉΓòÉΓòÉΓòÉΓòÉΓòÉΓòÉΓòÉΓòÉΓòÉΓòÉΓòÉΓòÉΓòÉΓòÉΓòÉΓòÉΓòÉΓòÉΓòÉΓòÉΓòÉΓòÉΓòÉΓòÉΓòÉΓòÉΓòÉΓòÉΓòÉΓòÉΓòÉΓòÉΓòÉΓòÉΓòÉΓòÉΓòÉΓòÉΓòÉΓòÉΓòÉΓòÉΓòÉΓòÉΓòÉΓòÉΓòÉΓòÉΓòÉΓòÉΓòÉΓòÉΓòÉΓòÉΓòÉΓòÉΓòÉΓòÉΓòÉΓòÉΓòÉΓòÉΓòÉΓòÉΓòÉΓòÉΓòÉΓòÉΓòÉΓòÉΓòÉΓòÉΓòÉΓòÉΓòÉΓòÉΓòÉΓòÉΓòÉΓòÉΓòÉ
00:54 +171 -3: D:/Development/digital_wardrobe_app/test/features/calendar/calendar_screen_test.dart: plan action navigates with the selected date [E]
  Test failed. See exception logs above.
  The test description was: plan action navigates with the selected date
  
00:54 +171 -3: D:/Development/digital_wardrobe_app/test/features/calendar/calendar_screen_test.dart: month navigation clears the selected day
00:54 +172 -3: D:/Development/digital_wardrobe_app/test/features/garment_form/garment_form_screen_test.dart: add form shows palette fields, sizes, fabric, metadata and details
00:56 +173 -3: D:/Development/digital_wardrobe_app/test/features/garment_form/garment_form_screen_test.dart: add form shows palette fields, sizes, fabric, metadata and details
00:56 +174 -3: D:/Development/digital_wardrobe_app/test/features/garment_form/garment_form_screen_test.dart: add form shows palette fields, sizes, fabric, metadata and details
00:56 +175 -3: D:/Development/digital_wardrobe_app/test/features/garment_form/garment_form_screen_test.dart: add form shows palette fields, sizes, fabric, metadata and details
00:56 +176 -3: D:/Development/digital_wardrobe_app/test/features/garment_form/garment_form_screen_test.dart: add form shows palette fields, sizes, fabric, metadata and details
00:56 +177 -3: D:/Development/digital_wardrobe_app/test/features/garment_form/garment_form_screen_test.dart: add form shows palette fields, sizes, fabric, metadata and details
00:56 +178 -3: D:/Development/digital_wardrobe_app/test/features/garment_form/garment_form_screen_test.dart: add form shows palette fields, sizes, fabric, metadata and details
00:56 +179 -3: D:/Development/digital_wardrobe_app/test/features/garment_form/garment_form_screen_test.dart: add form shows palette fields, sizes, fabric, metadata and details
00:56 +180 -3: D:/Development/digital_wardrobe_app/test/features/garment_form/garment_form_screen_test.dart: add form shows palette fields, sizes, fabric, metadata and details
00:56 +181 -3: D:/Development/digital_wardrobe_app/test/features/garment_form/garment_form_screen_test.dart: add form shows palette fields, sizes, fabric, metadata and details
00:57 +182 -3: D:/Development/digital_wardrobe_app/test/features/garment_form/garment_form_screen_test.dart: add form shows palette fields, sizes, fabric, metadata and details
00:57 +183 -3: D:/Development/digital_wardrobe_app/test/features/garment_form/garment_form_screen_test.dart: add form shows palette fields, sizes, fabric, metadata and details
00:57 +184 -3: D:/Development/digital_wardrobe_app/test/features/garment_form/garment_form_screen_test.dart: add form shows palette fields, sizes, fabric, metadata and details
00:57 +185 -3: D:/Development/digital_wardrobe_app/test/features/garment_form/garment_form_screen_test.dart: add form shows palette fields, sizes, fabric, metadata and details
00:57 +186 -3: D:/Development/digital_wardrobe_app/test/features/garment_form/garment_form_screen_test.dart: add form shows palette fields, sizes, fabric, metadata and details
00:57 +187 -3: D:/Development/digital_wardrobe_app/test/features/garment_form/garment_form_screen_test.dart: add form shows palette fields, sizes, fabric, metadata and details
00:57 +188 -3: D:/Development/digital_wardrobe_app/test/features/garment_form/garment_form_screen_test.dart: add form shows palette fields, sizes, fabric, metadata and details
00:57 +189 -3: D:/Development/digital_wardrobe_app/test/features/garment_form/garment_form_screen_test.dart: add form shows palette fields, sizes, fabric, metadata and details
00:57 +190 -3: D:/Development/digital_wardrobe_app/test/features/garment_form/garment_form_screen_test.dart: add form shows palette fields, sizes, fabric, metadata and details
00:57 +191 -3: D:/Development/digital_wardrobe_app/test/features/garment_form/garment_form_screen_test.dart: add form shows palette fields, sizes, fabric, metadata and details
00:57 +192 -3: D:/Development/digital_wardrobe_app/test/features/garment_form/garment_form_screen_test.dart: add form shows palette fields, sizes, fabric, metadata and details
00:57 +193 -3: D:/Development/digital_wardrobe_app/test/features/garment_form/garment_form_screen_test.dart: add form shows palette fields, sizes, fabric, metadata and details
00:57 +194 -3: D:/Development/digital_wardrobe_app/test/features/garment_form/garment_form_screen_test.dart: add form shows palette fields, sizes, fabric, metadata and details
00:57 +195 -3: D:/Development/digital_wardrobe_app/test/features/garment_form/garment_form_screen_test.dart: add form shows palette fields, sizes, fabric, metadata and details
00:57 +196 -3: D:/Development/digital_wardrobe_app/test/features/garment_form/garment_form_screen_test.dart: add form shows palette fields, sizes, fabric, metadata and details
00:57 +197 -3: D:/Development/digital_wardrobe_app/test/features/garment_form/garment_form_screen_test.dart: add form shows palette fields, sizes, fabric, metadata and details
00:57 +198 -3: D:/Development/digital_wardrobe_app/test/features/garment_form/garment_form_screen_test.dart: add form shows palette fields, sizes, fabric, metadata and details
00:57 +199 -3: D:/Development/digital_wardrobe_app/test/features/garment_form/garment_form_screen_test.dart: add form shows palette fields, sizes, fabric, metadata and details
00:57 +200 -3: D:/Development/digital_wardrobe_app/test/features/garment_form/garment_form_screen_test.dart: add form shows palette fields, sizes, fabric, metadata and details
00:58 +201 -3: D:/Development/digital_wardrobe_app/test/features/garment_form/garment_form_screen_test.dart: details field enforces the 100 character limit
00:58 +202 -3: D:/Development/digital_wardrobe_app/test/features/garment_form/garment_form_screen_test.dart: details field enforces the 100 character limit
00:58 +203 -3: D:/Development/digital_wardrobe_app/test/features/garment_form/garment_form_screen_test.dart: details field enforces the 100 character limit
00:58 +204 -3: D:/Development/digital_wardrobe_app/test/features/garment_form/garment_form_screen_test.dart: details field enforces the 100 character limit
00:58 +205 -3: D:/Development/digital_wardrobe_app/test/features/garment_form/garment_form_screen_test.dart: details field enforces the 100 character limit
00:58 +206 -3: D:/Development/digital_wardrobe_app/test/features/garment_form/garment_form_screen_test.dart: details field enforces the 100 character limit
00:58 +207 -3: D:/Development/digital_wardrobe_app/test/features/garment_form/garment_form_screen_test.dart: details field enforces the 100 character limit
00:58 +208 -3: D:/Development/digital_wardrobe_app/test/features/garment_form/garment_form_screen_test.dart: details field enforces the 100 character limit
00:58 +209 -3: D:/Development/digital_wardrobe_app/test/features/garment_form/garment_form_screen_test.dart: details field enforces the 100 character limit
00:58 +210 -3: D:/Development/digital_wardrobe_app/test/features/garment_form/garment_form_screen_test.dart: details field enforces the 100 character limit
00:58 +211 -3: D:/Development/digital_wardrobe_app/test/features/garment_form/garment_form_screen_test.dart: details field enforces the 100 character limit
00:58 +212 -3: D:/Development/digital_wardrobe_app/test/features/garment_form/garment_form_screen_test.dart: details field enforces the 100 character limit
00:58 +213 -3: D:/Development/digital_wardrobe_app/test/features/garment_form/garment_form_screen_test.dart: details field enforces the 100 character limit
00:58 +214 -3: D:/Development/digital_wardrobe_app/test/features/garment_form/garment_form_screen_test.dart: details field enforces the 100 character limit
00:58 +215 -3: D:/Development/digital_wardrobe_app/test/features/garment_form/garment_form_screen_test.dart: details field enforces the 100 character limit
00:58 +216 -3: D:/Development/digital_wardrobe_app/test/features/garment_form/garment_form_screen_test.dart: details field enforces the 100 character limit
00:58 +217 -3: D:/Development/digital_wardrobe_app/test/features/garment_form/garment_form_screen_test.dart: details field enforces the 100 character limit
00:58 +218 -3: D:/Development/digital_wardrobe_app/test/features/garment_form/garment_form_screen_test.dart: details field enforces the 100 character limit
00:58 +219 -3: D:/Development/digital_wardrobe_app/test/features/garment_form/garment_form_screen_test.dart: details field enforces the 100 character limit
00:58 +220 -3: D:/Development/digital_wardrobe_app/test/features/garment_form/garment_form_screen_test.dart: details field enforces the 100 character limit
00:58 +221 -3: D:/Development/digital_wardrobe_app/test/features/garment_form/garment_form_screen_test.dart: details field enforces the 100 character limit
00:59 +222 -3: D:/Development/digital_wardrobe_app/test/features/garment_form/garment_form_screen_test.dart: edit form restores saved colors, fabric and details
01:00 +223 -3: D:/Development/digital_wardrobe_app/test/features/ootd/ootd_card_test.dart: alternative selection changes the displayed recommendation
01:00 +224 -3: D:/Development/digital_wardrobe_app/test/features/ootd/ootd_card_test.dart: alternative selection changes the displayed recommendation
01:01 +225 -3: D:/Development/digital_wardrobe_app/test/features/ootd/ootd_card_test.dart: alternative selection changes the displayed recommendation
01:01 +226 -3: D:/Development/digital_wardrobe_app/test/features/ootd/ootd_card_test.dart: alternative selection changes the displayed recommendation
ΓòÉΓòÉΓòí EXCEPTION CAUGHT BY FLUTTER TEST FRAMEWORK Γò₧ΓòÉΓòÉΓòÉΓòÉΓòÉΓòÉΓòÉΓòÉΓòÉΓòÉΓòÉΓòÉΓòÉΓòÉΓòÉΓòÉΓòÉΓòÉΓòÉΓòÉΓòÉΓòÉΓòÉΓòÉΓòÉΓòÉΓòÉΓòÉΓòÉΓòÉΓòÉΓòÉΓòÉΓòÉΓòÉΓòÉΓòÉΓòÉΓòÉΓòÉΓòÉΓòÉΓòÉΓòÉΓòÉΓòÉΓòÉΓòÉΓòÉΓòÉΓòÉΓòÉ
The following TestFailure was thrown running a test:
Expected: exactly one matching candidate
  Actual: _TextWidgetFinder:<Found 0 widgets with text "Best Match 85%": []>
   Which: means none were found but one was expected

When the exception was thrown, this was the stack:
#4      main.<anonymous closure> (file:///D:/Development/digital_wardrobe_app/test/features/ootd/ootd_card_test.dart:172:5)
<asynchronous suspension>
#5      testWidgets.<anonymous closure>.<anonymous closure> (package:flutter_test/src/widget_tester.dart:192:15)
<asynchronous suspension>
#6      TestWidgetsFlutterBinding._runTestBody (package:flutter_test/src/binding.dart:1952:5)
<asynchronous suspension>
<asynchronous suspension>
(elided one frame from package:stack_trace)

This was caught by the test expectation on the following line:
  file:///D:/Development/digital_wardrobe_app/test/features/ootd/ootd_card_test.dart line 172
The test description was:
  alternative selection changes the displayed recommendation
ΓòÉΓòÉΓòÉΓòÉΓòÉΓòÉΓòÉΓòÉΓòÉΓòÉΓòÉΓòÉΓòÉΓòÉΓòÉΓòÉΓòÉΓòÉΓòÉΓòÉΓòÉΓòÉΓòÉΓòÉΓòÉΓòÉΓòÉΓòÉΓòÉΓòÉΓòÉΓòÉΓòÉΓòÉΓòÉΓòÉΓòÉΓòÉΓòÉΓòÉΓòÉΓòÉΓòÉΓòÉΓòÉΓòÉΓòÉΓòÉΓòÉΓòÉΓòÉΓòÉΓòÉΓòÉΓòÉΓòÉΓòÉΓòÉΓòÉΓòÉΓòÉΓòÉΓòÉΓòÉΓòÉΓòÉΓòÉΓòÉΓòÉΓòÉΓòÉΓòÉΓòÉΓòÉΓòÉΓòÉΓòÉΓòÉΓòÉΓòÉΓòÉΓòÉΓòÉΓòÉΓòÉΓòÉΓòÉΓòÉΓòÉΓòÉΓòÉΓòÉΓòÉΓòÉΓòÉΓòÉΓòÉΓòÉΓòÉΓòÉ
01:01 +226 -4: D:/Development/digital_wardrobe_app/test/features/garment_form/garment_form_screen_test.dart: Add Photo choices use the correct service paths
01:01 +226 -4: D:/Development/digital_wardrobe_app/test/features/ootd/ootd_card_test.dart: alternative selection changes the displayed recommendation [E]
  Test failed. See exception logs above.
  The test description was: alternative selection changes the displayed recommendation
  
01:02 +226 -4: D:/Development/digital_wardrobe_app/test/features/ootd/ootd_card_test.dart: switching back to Best Match restores the original
ΓòÉΓòÉΓòí EXCEPTION CAUGHT BY FLUTTER TEST FRAMEWORK Γò₧ΓòÉΓòÉΓòÉΓòÉΓòÉΓòÉΓòÉΓòÉΓòÉΓòÉΓòÉΓòÉΓòÉΓòÉΓòÉΓòÉΓòÉΓòÉΓòÉΓòÉΓòÉΓòÉΓòÉΓòÉΓòÉΓòÉΓòÉΓòÉΓòÉΓòÉΓòÉΓòÉΓòÉΓòÉΓòÉΓòÉΓòÉΓòÉΓòÉΓòÉΓòÉΓòÉΓòÉΓòÉΓòÉΓòÉΓòÉΓòÉΓòÉΓòÉΓòÉΓòÉ
The following assertion was thrown running a test:
The finder "Found 0 widgets with text "Stylish Alternative 78%": []" (used in a call to "tap()")
could not find any matching widgets.

When the exception was thrown, this was the stack:
#0      WidgetController._getElementPoint (package:flutter_test/src/controller.dart:2095:7)
#1      WidgetController.getCenter (package:flutter_test/src/controller.dart:1947:12)
#2      WidgetController.tap (package:flutter_test/src/controller.dart:1080:7)
#3      main.<anonymous closure> (file:///D:/Development/digital_wardrobe_app/test/features/ootd/ootd_card_test.dart:196:18)
<asynchronous suspension>
#4      testWidgets.<anonymous closure>.<anonymous closure> (package:flutter_test/src/widget_tester.dart:192:15)
<asynchronous suspension>
#5      TestWidgetsFlutterBinding._runTestBody (package:flutter_test/src/binding.dart:1952:5)
<asynchronous suspension>
<asynchronous suspension>
(elided one frame from package:stack_trace)

The test description was:
  switching back to Best Match restores the original
ΓòÉΓòÉΓòÉΓòÉΓòÉΓòÉΓòÉΓòÉΓòÉΓòÉΓòÉΓòÉΓòÉΓòÉΓòÉΓòÉΓòÉΓòÉΓòÉΓòÉΓòÉΓòÉΓòÉΓòÉΓòÉΓòÉΓòÉΓòÉΓòÉΓòÉΓòÉΓòÉΓòÉΓòÉΓòÉΓòÉΓòÉΓòÉΓòÉΓòÉΓòÉΓòÉΓòÉΓòÉΓòÉΓòÉΓòÉΓòÉΓòÉΓòÉΓòÉΓòÉΓòÉΓòÉΓòÉΓòÉΓòÉΓòÉΓòÉΓòÉΓòÉΓòÉΓòÉΓòÉΓòÉΓòÉΓòÉΓòÉΓòÉΓòÉΓòÉΓòÉΓòÉΓòÉΓòÉΓòÉΓòÉΓòÉΓòÉΓòÉΓòÉΓòÉΓòÉΓòÉΓòÉΓòÉΓòÉΓòÉΓòÉΓòÉΓòÉΓòÉΓòÉΓòÉΓòÉΓòÉΓòÉΓòÉΓòÉΓòÉ
01:02 +226 -5: D:/Development/digital_wardrobe_app/test/features/garment_form/garment_form_screen_test.dart: Add Photo choices use the correct service paths
01:02 +226 -5: D:/Development/digital_wardrobe_app/test/features/ootd/ootd_card_test.dart: switching back to Best Match restores the original [E]
  Test failed. See exception logs above.
  The test description was: switching back to Best Match restores the original
  
01:02 +226 -5: D:/Development/digital_wardrobe_app/test/features/ootd/ootd_card_test.dart: all recommendations remain available after selection
ΓòÉΓòÉΓòí EXCEPTION CAUGHT BY FLUTTER TEST FRAMEWORK Γò₧ΓòÉΓòÉΓòÉΓòÉΓòÉΓòÉΓòÉΓòÉΓòÉΓòÉΓòÉΓòÉΓòÉΓòÉΓòÉΓòÉΓòÉΓòÉΓòÉΓòÉΓòÉΓòÉΓòÉΓòÉΓòÉΓòÉΓòÉΓòÉΓòÉΓòÉΓòÉΓòÉΓòÉΓòÉΓòÉΓòÉΓòÉΓòÉΓòÉΓòÉΓòÉΓòÉΓòÉΓòÉΓòÉΓòÉΓòÉΓòÉΓòÉΓòÉΓòÉΓòÉ
The following assertion was thrown running a test:
The finder "Found 0 widgets with text "Something Different 71%": []" (used in a call to "tap()")
could not find any matching widgets.

When the exception was thrown, this was the stack:
#0      WidgetController._getElementPoint (package:flutter_test/src/controller.dart:2095:7)
#1      WidgetController.getCenter (package:flutter_test/src/controller.dart:1947:12)
#2      WidgetController.tap (package:flutter_test/src/controller.dart:1080:7)
#3      main.<anonymous closure> (file:///D:/Development/digital_wardrobe_app/test/features/ootd/ootd_card_test.dart:219:18)
<asynchronous suspension>
#4      testWidgets.<anonymous closure>.<anonymous closure> (package:flutter_test/src/widget_tester.dart:192:15)
<asynchronous suspension>
#5      TestWidgetsFlutterBinding._runTestBody (package:flutter_test/src/binding.dart:1952:5)
<asynchronous suspension>
<asynchronous suspension>
(elided one frame from package:stack_trace)

The test description was:
  all recommendations remain available after selection
ΓòÉΓòÉΓòÉΓòÉΓòÉΓòÉΓòÉΓòÉΓòÉΓòÉΓòÉΓòÉΓòÉΓòÉΓòÉΓòÉΓòÉΓòÉΓòÉΓòÉΓòÉΓòÉΓòÉΓòÉΓòÉΓòÉΓòÉΓòÉΓòÉΓòÉΓòÉΓòÉΓòÉΓòÉΓòÉΓòÉΓòÉΓòÉΓòÉΓòÉΓòÉΓòÉΓòÉΓòÉΓòÉΓòÉΓòÉΓòÉΓòÉΓòÉΓòÉΓòÉΓòÉΓòÉΓòÉΓòÉΓòÉΓòÉΓòÉΓòÉΓòÉΓòÉΓòÉΓòÉΓòÉΓòÉΓòÉΓòÉΓòÉΓòÉΓòÉΓòÉΓòÉΓòÉΓòÉΓòÉΓòÉΓòÉΓòÉΓòÉΓòÉΓòÉΓòÉΓòÉΓòÉΓòÉΓòÉΓòÉΓòÉΓòÉΓòÉΓòÉΓòÉΓòÉΓòÉΓòÉΓòÉΓòÉΓòÉΓòÉ
01:02 +226 -6: D:/Development/digital_wardrobe_app/test/features/garment_form/garment_form_screen_test.dart: Add Photo choices use the correct service paths
01:02 +226 -6: D:/Development/digital_wardrobe_app/test/features/ootd/ootd_card_test.dart: all recommendations remain available after selection [E]
  Test failed. See exception logs above.
  The test description was: all recommendations remain available after selection
  
01:02 +227 -6: D:/Development/digital_wardrobe_app/test/features/ootd/ootd_card_test.dart: a new recommendation set resets to its fresh best match
ΓòÉΓòÉΓòí EXCEPTION CAUGHT BY FLUTTER TEST FRAMEWORK Γò₧ΓòÉΓòÉΓòÉΓòÉΓòÉΓòÉΓòÉΓòÉΓòÉΓòÉΓòÉΓòÉΓòÉΓòÉΓòÉΓòÉΓòÉΓòÉΓòÉΓòÉΓòÉΓòÉΓòÉΓòÉΓòÉΓòÉΓòÉΓòÉΓòÉΓòÉΓòÉΓòÉΓòÉΓòÉΓòÉΓòÉΓòÉΓòÉΓòÉΓòÉΓòÉΓòÉΓòÉΓòÉΓòÉΓòÉΓòÉΓòÉΓòÉΓòÉΓòÉΓòÉ
The following assertion was thrown running a test:
The finder "Found 0 widgets with text "Something Different 71%": []" (used in a call to "tap()")
could not find any matching widgets.

When the exception was thrown, this was the stack:
#0      WidgetController._getElementPoint (package:flutter_test/src/controller.dart:2095:7)
#1      WidgetController.getCenter (package:flutter_test/src/controller.dart:1947:12)
#2      WidgetController.tap (package:flutter_test/src/controller.dart:1080:7)
#3      main.<anonymous closure> (file:///D:/Development/digital_wardrobe_app/test/features/ootd/ootd_card_test.dart:242:18)
<asynchronous suspension>
#4      testWidgets.<anonymous closure>.<anonymous closure> (package:flutter_test/src/widget_tester.dart:192:15)
<asynchronous suspension>
#5      TestWidgetsFlutterBinding._runTestBody (package:flutter_test/src/binding.dart:1952:5)
<asynchronous suspension>
<asynchronous suspension>
(elided one frame from package:stack_trace)

The test description was:
  a new recommendation set resets to its fresh best match
ΓòÉΓòÉΓòÉΓòÉΓòÉΓòÉΓòÉΓòÉΓòÉΓòÉΓòÉΓòÉΓòÉΓòÉΓòÉΓòÉΓòÉΓòÉΓòÉΓòÉΓòÉΓòÉΓòÉΓòÉΓòÉΓòÉΓòÉΓòÉΓòÉΓòÉΓòÉΓòÉΓòÉΓòÉΓòÉΓòÉΓòÉΓòÉΓòÉΓòÉΓòÉΓòÉΓòÉΓòÉΓòÉΓòÉΓòÉΓòÉΓòÉΓòÉΓòÉΓòÉΓòÉΓòÉΓòÉΓòÉΓòÉΓòÉΓòÉΓòÉΓòÉΓòÉΓòÉΓòÉΓòÉΓòÉΓòÉΓòÉΓòÉΓòÉΓòÉΓòÉΓòÉΓòÉΓòÉΓòÉΓòÉΓòÉΓòÉΓòÉΓòÉΓòÉΓòÉΓòÉΓòÉΓòÉΓòÉΓòÉΓòÉΓòÉΓòÉΓòÉΓòÉΓòÉΓòÉΓòÉΓòÉΓòÉΓòÉΓòÉ
01:02 +227 -7: D:/Development/digital_wardrobe_app/test/features/garment_form/garment_form_screen_test.dart: Sleeve Length has only one empty option
01:02 +227 -7: D:/Development/digital_wardrobe_app/test/features/ootd/ootd_card_test.dart: a new recommendation set resets to its fresh best match [E]
  Test failed. See exception logs above.
  The test description was: a new recommendation set resets to its fresh best match
  
01:02 +227 -7: D:/Development/digital_wardrobe_app/test/features/ootd/ootd_card_test.dart: refresh button triggers onRefresh
ΓòÉΓòÉΓòí EXCEPTION CAUGHT BY FLUTTER TEST FRAMEWORK Γò₧ΓòÉΓòÉΓòÉΓòÉΓòÉΓòÉΓòÉΓòÉΓòÉΓòÉΓòÉΓòÉΓòÉΓòÉΓòÉΓòÉΓòÉΓòÉΓòÉΓòÉΓòÉΓòÉΓòÉΓòÉΓòÉΓòÉΓòÉΓòÉΓòÉΓòÉΓòÉΓòÉΓòÉΓòÉΓòÉΓòÉΓòÉΓòÉΓòÉΓòÉΓòÉΓòÉΓòÉΓòÉΓòÉΓòÉΓòÉΓòÉΓòÉΓòÉΓòÉΓòÉ
The following assertion was thrown running a test:
The finder "Found 0 widgets with icon "IconData(U+0E514)": []" (used in a call to "tap()") could not
find any matching widgets.

When the exception was thrown, this was the stack:
#0      WidgetController._getElementPoint (package:flutter_test/src/controller.dart:2095:7)
#1      WidgetController.getCenter (package:flutter_test/src/controller.dart:1947:12)
#2      WidgetController.tap (package:flutter_test/src/controller.dart:1080:7)
#3      main.<anonymous closure> (file:///D:/Development/digital_wardrobe_app/test/features/ootd/ootd_card_test.dart:274:18)
<asynchronous suspension>
#4      testWidgets.<anonymous closure>.<anonymous closure> (package:flutter_test/src/widget_tester.dart:192:15)
<asynchronous suspension>
#5      TestWidgetsFlutterBinding._runTestBody (package:flutter_test/src/binding.dart:1952:5)
<asynchronous suspension>
<asynchronous suspension>
(elided one frame from package:stack_trace)

The test description was:
  refresh button triggers onRefresh
ΓòÉΓòÉΓòÉΓòÉΓòÉΓòÉΓòÉΓòÉΓòÉΓòÉΓòÉΓòÉΓòÉΓòÉΓòÉΓòÉΓòÉΓòÉΓòÉΓòÉΓòÉΓòÉΓòÉΓòÉΓòÉΓòÉΓòÉΓòÉΓòÉΓòÉΓòÉΓòÉΓòÉΓòÉΓòÉΓòÉΓòÉΓòÉΓòÉΓòÉΓòÉΓòÉΓòÉΓòÉΓòÉΓòÉΓòÉΓòÉΓòÉΓòÉΓòÉΓòÉΓòÉΓòÉΓòÉΓòÉΓòÉΓòÉΓòÉΓòÉΓòÉΓòÉΓòÉΓòÉΓòÉΓòÉΓòÉΓòÉΓòÉΓòÉΓòÉΓòÉΓòÉΓòÉΓòÉΓòÉΓòÉΓòÉΓòÉΓòÉΓòÉΓòÉΓòÉΓòÉΓòÉΓòÉΓòÉΓòÉΓòÉΓòÉΓòÉΓòÉΓòÉΓòÉΓòÉΓòÉΓòÉΓòÉΓòÉΓòÉ
01:02 +227 -8: D:/Development/digital_wardrobe_app/test/features/garment_form/garment_form_screen_test.dart: Sleeve Length has only one empty option
01:02 +227 -8: D:/Development/digital_wardrobe_app/test/features/ootd/ootd_card_test.dart: refresh button triggers onRefresh [E]
  Test failed. See exception logs above.
  The test description was: refresh button triggers onRefresh
  
01:03 +227 -8: D:/Development/digital_wardrobe_app/test/features/ootd/ootd_card_test.dart: save and wear act on the currently displayed recommendation
ΓòÉΓòÉΓòí EXCEPTION CAUGHT BY FLUTTER TEST FRAMEWORK Γò₧ΓòÉΓòÉΓòÉΓòÉΓòÉΓòÉΓòÉΓòÉΓòÉΓòÉΓòÉΓòÉΓòÉΓòÉΓòÉΓòÉΓòÉΓòÉΓòÉΓòÉΓòÉΓòÉΓòÉΓòÉΓòÉΓòÉΓòÉΓòÉΓòÉΓòÉΓòÉΓòÉΓòÉΓòÉΓòÉΓòÉΓòÉΓòÉΓòÉΓòÉΓòÉΓòÉΓòÉΓòÉΓòÉΓòÉΓòÉΓòÉΓòÉΓòÉΓòÉΓòÉ
The following assertion was thrown running a test:
The finder "Found 0 widgets with text "Stylish Alternative 78%": []" (used in a call to "tap()")
could not find any matching widgets.

When the exception was thrown, this was the stack:
#0      WidgetController._getElementPoint (package:flutter_test/src/controller.dart:2095:7)
#1      WidgetController.getCenter (package:flutter_test/src/controller.dart:1947:12)
#2      WidgetController.tap (package:flutter_test/src/controller.dart:1080:7)
#3      main.<anonymous closure> (file:///D:/Development/digital_wardrobe_app/test/features/ootd/ootd_card_test.dart:297:18)
<asynchronous suspension>
#4      testWidgets.<anonymous closure>.<anonymous closure> (package:flutter_test/src/widget_tester.dart:192:15)
<asynchronous suspension>
#5      TestWidgetsFlutterBinding._runTestBody (package:flutter_test/src/binding.dart:1952:5)
<asynchronous suspension>
<asynchronous suspension>
(elided one frame from package:stack_trace)

The test description was:
  save and wear act on the currently displayed recommendation
ΓòÉΓòÉΓòÉΓòÉΓòÉΓòÉΓòÉΓòÉΓòÉΓòÉΓòÉΓòÉΓòÉΓòÉΓòÉΓòÉΓòÉΓòÉΓòÉΓòÉΓòÉΓòÉΓòÉΓòÉΓòÉΓòÉΓòÉΓòÉΓòÉΓòÉΓòÉΓòÉΓòÉΓòÉΓòÉΓòÉΓòÉΓòÉΓòÉΓòÉΓòÉΓòÉΓòÉΓòÉΓòÉΓòÉΓòÉΓòÉΓòÉΓòÉΓòÉΓòÉΓòÉΓòÉΓòÉΓòÉΓòÉΓòÉΓòÉΓòÉΓòÉΓòÉΓòÉΓòÉΓòÉΓòÉΓòÉΓòÉΓòÉΓòÉΓòÉΓòÉΓòÉΓòÉΓòÉΓòÉΓòÉΓòÉΓòÉΓòÉΓòÉΓòÉΓòÉΓòÉΓòÉΓòÉΓòÉΓòÉΓòÉΓòÉΓòÉΓòÉΓòÉΓòÉΓòÉΓòÉΓòÉΓòÉΓòÉΓòÉ
01:03 +227 -9: D:/Development/digital_wardrobe_app/test/features/garment_form/garment_form_screen_test.dart: Sleeve Length has only one empty option
01:03 +227 -9: D:/Development/digital_wardrobe_app/test/features/ootd/ootd_card_test.dart: save and wear act on the currently displayed recommendation [E]
  Test failed. See exception logs above.
  The test description was: save and wear act on the currently displayed recommendation
  
01:03 +228 -9: D:/Development/digital_wardrobe_app/test/features/ootd/ootd_card_test.dart: card does not overflow on a narrow phone
01:03 +229 -9: D:/Development/digital_wardrobe_app/test/features/garment_form/garment_form_screen_test.dart: shoe items use numeric sizes and shoe types, hide clothing fields
01:03 +230 -9: D:/Development/digital_wardrobe_app/test/features/garment_form/garment_form_screen_test.dart: bag items show bag types and hide sizes and clothing fields
01:04 +231 -9: D:/Development/digital_wardrobe_app/test/features/garment_form/garment_form_screen_test.dart: accessory items show type and hide clothing fields
01:04 +232 -9: D:/Development/digital_wardrobe_app/test/features/garment_form/garment_form_screen_test.dart: jewelry items show type and hide clothing fields
01:04 +233 -9: D:/Development/digital_wardrobe_app/test/features/garment_form/garment_form_screen_test.dart: jewelry items show type and hide clothing fields
01:04 +234 -9: D:/Development/digital_wardrobe_app/test/features/garment_form/garment_form_screen_test.dart: jewelry items show type and hide clothing fields
01:04 +235 -9: D:/Development/digital_wardrobe_app/test/features/garment_form/garment_form_screen_test.dart: jewelry items show type and hide clothing fields
01:04 +236 -9: D:/Development/digital_wardrobe_app/test/features/garment_form/garment_form_screen_test.dart: jewelry items show type and hide clothing fields
01:04 +237 -9: D:/Development/digital_wardrobe_app/test/features/garment_form/garment_form_screen_test.dart: jewelry items show type and hide clothing fields
01:04 +238 -9: D:/Development/digital_wardrobe_app/test/features/garment_form/garment_form_screen_test.dart: activewear items use activewear types and not outerwear types
01:05 +239 -9: D:/Development/digital_wardrobe_app/test/features/garment_form/garment_form_screen_test.dart: sleepwear items use sleep/loungewear types and not outerwear types
01:05 +240 -9: D:/Development/digital_wardrobe_app/test/features/garment_form/garment_form_screen_test.dart: watches items use watch types and not outerwear types
01:05 +241 -9: D:/Development/digital_wardrobe_app/test/features/garment_form/garment_form_screen_test.dart: Other items use a free-form custom label and not a subcategory list
01:05 +242 -9: D:/Development/digital_wardrobe_app/test/features/garment_form/garment_form_screen_test.dart: Other items use a free-form custom label and not a subcategory list
01:05 +243 -9: D:/Development/digital_wardrobe_app/test/features/garment_form/garment_form_screen_test.dart: Other items use a free-form custom label and not a subcategory list
01:05 +244 -9: D:/Development/digital_wardrobe_app/test/features/garment_form/garment_form_screen_test.dart: Other items use a free-form custom label and not a subcategory list
01:05 +245 -9: D:/Development/digital_wardrobe_app/test/features/garment_form/garment_form_screen_test.dart: Other items use a free-form custom label and not a subcategory list
01:05 +246 -9: D:/Development/digital_wardrobe_app/test/features/garment_form/garment_form_screen_test.dart: Other items use a free-form custom label and not a subcategory list
01:05 +247 -9: D:/Development/digital_wardrobe_app/test/features/garment_form/garment_form_screen_test.dart: Other items use a free-form custom label and not a subcategory list
01:05 +248 -9: D:/Development/digital_wardrobe_app/test/features/garment_form/garment_form_screen_test.dart: Other items use a free-form custom label and not a subcategory list
01:05 +249 -9: D:/Development/digital_wardrobe_app/test/features/garment_form/garment_form_screen_test.dart: Other items use a free-form custom label and not a subcategory list
01:06 +250 -9: D:/Development/digital_wardrobe_app/test/features/garment_form/garment_form_screen_test.dart: Other items use a free-form custom label and not a subcategory list
01:06 +251 -9: D:/Development/digital_wardrobe_app/test/features/garment_form/garment_form_screen_test.dart: Other items use a free-form custom label and not a subcategory list
01:06 +252 -9: D:/Development/digital_wardrobe_app/test/features/garment_form/garment_form_screen_test.dart: Other items use a free-form custom label and not a subcategory list
01:06 +253 -9: D:/Development/digital_wardrobe_app/test/features/garment_form/garment_form_screen_test.dart: Other items use a free-form custom label and not a subcategory list
01:06 +254 -9: D:/Development/digital_wardrobe_app/test/features/garment_form/garment_form_screen_test.dart: Other items use a free-form custom label and not a subcategory list
01:06 +255 -9: D:/Development/digital_wardrobe_app/test/features/garment_form/garment_form_screen_test.dart: Other items use a free-form custom label and not a subcategory list
01:06 +256 -9: D:/Development/digital_wardrobe_app/test/features/garment_form/garment_form_screen_test.dart: switching category to Shoes swaps sizes and hides clothing fields
01:07 +257 -9: D:/Development/digital_wardrobe_app/test/features/garment_form/garment_form_screen_test.dart: location selector is saved-only and can add and auto-select
01:07 +258 -9: D:/Development/digital_wardrobe_app/test/features/garment_form/garment_form_screen_test.dart: location selector is saved-only and can add and auto-select
01:07 +259 -9: D:/Development/digital_wardrobe_app/test/features/garment_form/garment_form_screen_test.dart: location selector is saved-only and can add and auto-select
01:07 +260 -9: D:/Development/digital_wardrobe_app/test/features/garment_form/garment_form_screen_test.dart: location dialog blocks duplicate saves while creating
01:08 +261 -9: D:/Development/digital_wardrobe_app/test/features/garment_form/garment_form_screen_test.dart: location dialog blocks duplicate saves while creating
01:08 +262 -9: D:/Development/digital_wardrobe_app/test/features/garment_form/garment_form_screen_test.dart: location dialog blocks duplicate saves while creating
01:08 +263 -9: D:/Development/digital_wardrobe_app/test/features/garment_form/garment_form_screen_test.dart: location dialog blocks duplicate saves while creating
01:08 +264 -9: D:/Development/digital_wardrobe_app/test/features/garment_form/garment_form_screen_test.dart: location dialog blocks duplicate saves while creating
01:08 +265 -9: D:/Development/digital_wardrobe_app/test/features/garment_form/garment_form_screen_test.dart: location dialog blocks duplicate saves while creating
01:08 +266 -9: D:/Development/digital_wardrobe_app/test/features/garment_form/garment_form_screen_test.dart: location dialog blocks duplicate saves while creating
01:08 +267 -9: D:/Development/digital_wardrobe_app/test/features/garment_form/garment_form_screen_test.dart: location dialog blocks duplicate saves while creating
01:08 +268 -9: D:/Development/digital_wardrobe_app/test/features/garment_form/garment_form_screen_test.dart: location dialog blocks duplicate saves while creating
01:08 +269 -9: D:/Development/digital_wardrobe_app/test/features/garment_form/garment_form_screen_test.dart: location dialog blocks duplicate saves while creating
01:08 +270 -9: D:/Development/digital_wardrobe_app/test/features/garment_form/garment_form_screen_test.dart: location dialog blocks duplicate saves while creating
01:08 +271 -9: D:/Development/digital_wardrobe_app/test/features/garment_form/garment_form_screen_test.dart: location dialog blocks duplicate saves while creating
01:08 +272 -9: D:/Development/digital_wardrobe_app/test/features/garment_form/garment_form_screen_test.dart: location dialog blocks duplicate saves while creating
01:08 +273 -9: D:/Development/digital_wardrobe_app/test/features/garment_form/garment_form_screen_test.dart: location dialog blocks duplicate saves while creating
01:08 +274 -9: D:/Development/digital_wardrobe_app/test/features/garment_form/garment_form_screen_test.dart: location dialog blocks duplicate saves while creating
01:08 +275 -9: D:/Development/digital_wardrobe_app/test/features/garment_form/garment_form_screen_test.dart: location dialog blocks duplicate saves while creating
01:08 +276 -9: D:/Development/digital_wardrobe_app/test/features/garment_form/garment_form_screen_test.dart: location dialog blocks duplicate saves while creating
01:08 +277 -9: D:/Development/digital_wardrobe_app/test/features/garment_form/garment_form_screen_test.dart: add location shows a clear message for a duplicate name
01:09 +278 -9: D:/Development/digital_wardrobe_app/test/features/garment_form/garment_form_screen_test.dart: editing a garment owned by another profile is blocked with a clear message
01:09 +279 -9: D:/Development/digital_wardrobe_app/test/features/garment_form/garment_form_screen_test.dart: editing a garment owned by another profile is blocked with a clear message
01:09 +280 -9: D:/Development/digital_wardrobe_app/test/features/garment_form/garment_form_screen_test.dart: editing a garment owned by another profile is blocked with a clear message
01:09 +281 -9: D:/Development/digital_wardrobe_app/test/features/garment_form/garment_form_screen_test.dart: editing a garment owned by another profile is blocked with a clear message
01:09 +282 -9: D:/Development/digital_wardrobe_app/test/features/garment_form/garment_form_screen_test.dart: editing a garment owned by another profile is blocked with a clear message
01:09 +283 -9: D:/Development/digital_wardrobe_app/test/features/garment_form/garment_form_screen_test.dart: editing a garment owned by another profile is blocked with a clear message
01:09 +284 -9: D:/Development/digital_wardrobe_app/test/features/garment_form/garment_form_screen_test.dart: editing a garment owned by another profile is blocked with a clear message
01:09 +285 -9: D:/Development/digital_wardrobe_app/test/features/garment_form/garment_form_screen_test.dart: editing a garment owned by another profile is blocked with a clear message
01:10 +286 -9: D:/Development/digital_wardrobe_app/test/features/garment_form/garment_form_screen_test.dart: item status dropdown lists all existing and new statuses

Warning: A call to tap() with finder "Found 1 widget with text "Item Status": [
  Text("Item Status", overflow: ellipsis, dependencies: [DefaultSelectionStyle, DefaultTextStyle, MediaQuery, _ScrollableScope]),
]" derived an Offset (Offset(88.1, 716.0)) that would not hit test on the specified widget.
Maybe the widget is actually off-screen, or another widget is obscuring it, or the widget cannot receive pointer events.
The finder corresponds to this RenderBox: RenderParagraph#db629 relayoutBoundary=up16
The hit test result at that offset is: HitTestResult(_RenderDecoration#d7588@Offset(68.1, 14.0), RenderSemanticsAnnotations#8c302@Offset(68.1, 14.0), RenderPointerListener#4f310@Offset(68.1, 14.0), RenderSemanticsGestureHandler#2021c@Offset(68.1, 14.0), RenderMouseRegion#3a983@Offset(68.1, 14.0), RenderSemanticsAnnotations#b9975@Offset(68.1, 14.0), RenderSemanticsAnnotations#a9287@Offset(68.1, 14.0), RenderSemanticsAnnotations#67d5c@Offset(68.1, 14.0), RenderSemanticsAnnotations#56158@Offset(68.1, 14.0), RenderRepaintBoundary#d9f80@Offset(68.1, 14.0), RenderIndexedSemantics#f67b2@Offset(68.1, 14.0), RenderSliverList@(mainAxis: 640.0, crossAxis: 68.0625), RenderSliverPadding@(mainAxis: 660.0, crossAxis: 88.0625), RenderViewport#708bc@Offset(88.1, 660.0), RenderIgnorePointer#3fb8f@Offset(88.1, 660.0), RenderSemanticsAnnotations#c0b88@Offset(88.1, 660.0), RenderPointerListener#90d20@Offset(88.1, 660.0), RenderSemanticsGestureHandler#eb20b@Offset(88.1, 660.0), RenderPointerListener#550ac@Offset(88.1, 660.0), _RenderScrollSemantics#09cf8@Offset(88.1, 660.0), RenderClipRect#95c38@Offset(88.1, 660.0), RenderSemanticsAnnotations#c7257@Offset(88.1, 660.0), RenderCustomMultiChildLayoutBox#64d07@Offset(88.1, 716.0), _RenderInkFeatures#495aa@Offset(88.1, 716.0), RenderPhysicalModel#889fb@Offset(88.1, 716.0), RenderSemanticsAnnotations#fe738@Offset(88.1, 716.0), RenderRepaintBoundary#6763c@Offset(88.1, 716.0), RenderIgnorePointer#10b42@Offset(88.1, 716.0), RenderAnimatedOpacity#10339@Offset(88.1, 716.0), RenderAnimatedOpacity#0268b@Offset(88.1, 716.0), _RenderColoredBox#dcedc@Offset(88.1, 716.0), RenderAnimatedOpacity#4612f@Offset(88.1, 716.0), RenderIgnorePointer#0cd14@Offset(88.1, 716.0), RenderAnimatedOpacity#c20f3@Offset(88.1, 716.0), RenderRepaintBoundary#aa268@Offset(88.1, 716.0), RenderSemanticsAnnotations#56baf@Offset(88.1, 716.0), RenderOffstage#a08f0@Offset(88.1, 716.0), RenderSemanticsAnnotations#6b862@Offset(88.1, 716.0), _RenderTheater#06c19@Offset(88.1, 716.0), RenderAbsorbPointer#ab51b@Offset(88.1, 716.0), RenderPointerListener#73808@Offset(88.1, 716.0), RenderSemanticsAnnotations#1e3eb@Offset(88.1, 716.0), RenderCustomPaint#d507e@Offset(88.1, 716.0), RenderSemanticsAnnotations#b46f0@Offset(88.1, 716.0), RenderSemanticsAnnotations#33456@Offset(88.1, 716.0), RenderSemanticsAnnotations#1d2aa@Offset(88.1, 716.0), RenderTapRegionSurface#d6d90@Offset(88.1, 716.0), RenderSemanticsAnnotations#4ca54@Offset(88.1, 716.0), RenderSemanticsAnnotations#ac757@Offset(88.1, 716.0), HitTestEntry<HitTestTarget>#0f900(_ReusableRenderView#17c54), HitTestEntry<HitTestTarget>#767ec(<AutomatedTestWidgetsFlutterBinding>))
#0      WidgetController._getElementPoint (package:flutter_test/src/controller.dart:2165:25)
#1      WidgetController.getCenter (package:flutter_test/src/controller.dart:1947:12)
#2      WidgetController.tap (package:flutter_test/src/controller.dart:1080:7)
#3      main.<anonymous closure> (file:///D:/Development/digital_wardrobe_app/test/features/garment_form/garment_form_screen_test.dart:753:18)
<asynchronous suspension>
#4      testWidgets.<anonymous closure>.<anonymous closure> (package:flutter_test/src/widget_tester.dart:192:15)
<asynchronous suspension>
#5      TestWidgetsFlutterBinding._runTestBody (package:flutter_test/src/binding.dart:1952:5)
<asynchronous suspension>
#6      StackZoneSpecification._registerCallback.<anonymous closure> (package:stack_trace/src/stack_zone_specification.dart:114:42)
<asynchronous suspension>
To silence this warning, pass "warnIfMissed: false" to "tap()".
To make this warning fatal, set WidgetController.hitTestWarningShouldBeFatal to true.

01:10 +287 -9: D:/Development/digital_wardrobe_app/test/features/garment_form/garment_form_screen_test.dart: sizes sheet selection persists the chosen size chip
01:10 +288 -9: D:/Development/digital_wardrobe_app/test/features/garment_form/garment_form_screen_test.dart: sizes sheet selection persists the chosen size chip
01:10 +289 -9: D:/Development/digital_wardrobe_app/test/features/garment_form/garment_form_screen_test.dart: sizes sheet selection persists the chosen size chip
01:10 +290 -9: D:/Development/digital_wardrobe_app/test/features/garment_form/garment_form_screen_test.dart: sizes sheet selection persists the chosen size chip
01:10 +291 -9: D:/Development/digital_wardrobe_app/test/features/garment_form/garment_form_screen_test.dart: sizes sheet selection persists the chosen size chip
01:11 +292 -9: D:/Development/digital_wardrobe_app/test/features/garment_form/garment_form_screen_test.dart: receipt attachment offers source options and cancel
01:12 +293 -9: D:/Development/digital_wardrobe_app/test/features/garment_form/garment_form_screen_test.dart: receipt attachment attaches a file and can be removed
01:12 +294 -9: D:/Development/digital_wardrobe_app/test/features/garment_form/garment_form_screen_test.dart: receipt attachment attaches a file and can be removed
01:12 +295 -9: D:/Development/digital_wardrobe_app/test/features/garment_form/garment_form_screen_test.dart: receipt attachment attaches a file and can be removed
01:12 +296 -9: D:/Development/digital_wardrobe_app/test/features/garment_form/garment_form_screen_test.dart: receipt attachment attaches a file and can be removed
01:12 +297 -9: D:/Development/digital_wardrobe_app/test/features/garment_form/garment_form_screen_test.dart: receipt attachment attaches a file and can be removed
01:12 +298 -9: D:/Development/digital_wardrobe_app/test/features/garment_form/garment_form_screen_test.dart: receipt attachment attaches a file and can be removed
01:12 +299 -9: D:/Development/digital_wardrobe_app/test/features/garment_form/garment_form_screen_test.dart: receipt attachment attaches a file and can be removed
01:12 +300 -9: D:/Development/digital_wardrobe_app/test/features/garment_form/garment_form_screen_test.dart: receipt attachment attaches a file and can be removed
01:12 +301 -9: D:/Development/digital_wardrobe_app/test/features/garment_form/garment_form_screen_test.dart: receipt attachment attaches a file and can be removed
01:12 +302 -9: D:/Development/digital_wardrobe_app/test/features/garment_form/garment_form_screen_test.dart: receipt attachment attaches a file and can be removed
01:12 +303 -9: D:/Development/digital_wardrobe_app/test/features/garment_form/garment_form_screen_test.dart: receipt attachment attaches a file and can be removed
01:12 +304 -9: D:/Development/digital_wardrobe_app/test/features/garment_form/garment_form_screen_test.dart: receipt attachment attaches a file and can be removed
01:12 +305 -9: D:/Development/digital_wardrobe_app/test/features/garment_form/garment_form_screen_test.dart: receipt attachment attaches a file and can be removed
01:12 +306 -9: D:/Development/digital_wardrobe_app/test/features/garment_form/garment_form_screen_test.dart: receipt attachment attaches a file and can be removed
01:13 +307 -9: D:/Development/digital_wardrobe_app/test/features/outfits/outfit_intelligence_engine_test.dart: OutfitIntelligenceEngine eligibility does not recommend archived garments
01:13 +308 -9: D:/Development/digital_wardrobe_app/test/features/outfits/outfit_intelligence_engine_test.dart: OutfitIntelligenceEngine eligibility does not recommend dirty garments
01:13 +309 -9: D:/Development/digital_wardrobe_app/test/features/outfits/outfit_intelligence_engine_test.dart: OutfitIntelligenceEngine eligibility does not recommend unavailable or needs-ironing garments
01:13 +310 -9: D:/Development/digital_wardrobe_app/test/features/outfits/outfit_intelligence_engine_test.dart: OutfitIntelligenceEngine eligibility hero garment is not duplicated
01:13 +311 -9: D:/Development/digital_wardrobe_app/test/features/outfits/outfit_intelligence_engine_test.dart: OutfitIntelligenceEngine composition dress is not combined with top or bottom
01:13 +312 -9: D:/Development/digital_wardrobe_app/test/features/outfits/outfit_intelligence_engine_test.dart: OutfitIntelligenceEngine composition top can be combined with bottom and shoes
01:13 +313 -9: D:/Development/digital_wardrobe_app/test/features/outfits/outfit_intelligence_engine_test.dart: Outfit intelligence scoring matching context produces a higher score
01:13 +314 -9: D:/Development/digital_wardrobe_app/test/features/outfits/outfit_intelligence_engine_test.dart: Outfit intelligence scoring recommendation score stays between 0 and 100
01:13 +315 -9: D:/Development/digital_wardrobe_app/test/features/outfits/outfit_intelligence_engine_test.dart: OutfitIntelligenceEngine empty state returns safe recommendation when nothing is available
01:14 +316 -9: D:/Development/digital_wardrobe_app/test/features/profile/about_screen_test.dart: AppInfo.displayVersion combines version and build number
01:14 +317 -9: D:/Development/digital_wardrobe_app/test/features/profile/about_screen_test.dart: AppInfo.displayVersion falls back to version only when build number is empty
01:14 +318 -9: D:/Development/digital_wardrobe_app/test/features/profile/about_screen_test.dart: About screen shows app name, tagline and version
ΓòÉΓòÉΓòí EXCEPTION CAUGHT BY FLUTTER FRAMEWORK Γò₧ΓòÉΓòÉΓòÉΓòÉΓòÉΓòÉΓòÉΓòÉΓòÉΓòÉΓòÉΓòÉΓòÉΓòÉΓòÉΓòÉΓòÉΓòÉΓòÉΓòÉΓòÉΓòÉΓòÉΓòÉΓòÉΓòÉΓòÉΓòÉΓòÉΓòÉΓòÉΓòÉΓòÉΓòÉΓòÉΓòÉΓòÉΓòÉΓòÉΓòÉΓòÉΓòÉΓòÉΓòÉΓòÉΓòÉΓòÉΓòÉΓòÉΓòÉΓòÉΓòÉΓòÉΓòÉΓòÉΓòÉΓòÉ
The following assertion was thrown:
ListTile background color or ink splashes may be invisible.
The ListTile is wrapped in a DecoratedBox that has a background color. Because ListTile paints its
background and ink splashes on the nearest Material ancestor, this DecoratedBox will hide those
effects.
To fix this, wrap the ListTile in its own Material widget, or remove the background color from the
intermediate DecoratedBox.

ListTile: ListTile(onTap: Closure: () => void)
DecoratedBox:
  DecoratedBox(bg: BoxDecoration(color: Color(alpha: 1.0000, red: 0.9686, green: 0.9490, blue: 0.9804, colorSpace: ColorSpace.sRGB), borderRadius: BorderRadius.circular(20.0)))
ΓòÉΓòÉΓòÉΓòÉΓòÉΓòÉΓòÉΓòÉΓòÉΓòÉΓòÉΓòÉΓòÉΓòÉΓòÉΓòÉΓòÉΓòÉΓòÉΓòÉΓòÉΓòÉΓòÉΓòÉΓòÉΓòÉΓòÉΓòÉΓòÉΓòÉΓòÉΓòÉΓòÉΓòÉΓòÉΓòÉΓòÉΓòÉΓòÉΓòÉΓòÉΓòÉΓòÉΓòÉΓòÉΓòÉΓòÉΓòÉΓòÉΓòÉΓòÉΓòÉΓòÉΓòÉΓòÉΓòÉΓòÉΓòÉΓòÉΓòÉΓòÉΓòÉΓòÉΓòÉΓòÉΓòÉΓòÉΓòÉΓòÉΓòÉΓòÉΓòÉΓòÉΓòÉΓòÉΓòÉΓòÉΓòÉΓòÉΓòÉΓòÉΓòÉΓòÉΓòÉΓòÉΓòÉΓòÉΓòÉΓòÉΓòÉΓòÉΓòÉΓòÉΓòÉΓòÉΓòÉΓòÉΓòÉΓòÉΓòÉ
ΓòÉΓòÉΓòí EXCEPTION CAUGHT BY FLUTTER FRAMEWORK Γò₧ΓòÉΓòÉΓòÉΓòÉΓòÉΓòÉΓòÉΓòÉΓòÉΓòÉΓòÉΓòÉΓòÉΓòÉΓòÉΓòÉΓòÉΓòÉΓòÉΓòÉΓòÉΓòÉΓòÉΓòÉΓòÉΓòÉΓòÉΓòÉΓòÉΓòÉΓòÉΓòÉΓòÉΓòÉΓòÉΓòÉΓòÉΓòÉΓòÉΓòÉΓòÉΓòÉΓòÉΓòÉΓòÉΓòÉΓòÉΓòÉΓòÉΓòÉΓòÉΓòÉΓòÉΓòÉΓòÉΓòÉΓòÉ
The following assertion was thrown:
ListTile background color or ink splashes may be invisible.
The ListTile is wrapped in a DecoratedBox that has a background color. Because ListTile paints its
background and ink splashes on the nearest Material ancestor, this DecoratedBox will hide those
effects.
To fix this, wrap the ListTile in its own Material widget, or remove the background color from the
intermediate DecoratedBox.

ListTile: ListTile(onTap: Closure: () => void)
DecoratedBox:
  DecoratedBox(bg: BoxDecoration(color: Color(alpha: 1.0000, red: 0.9686, green: 0.9490, blue: 0.9804, colorSpace: ColorSpace.sRGB), borderRadius: BorderRadius.circular(20.0)))
ΓòÉΓòÉΓòÉΓòÉΓòÉΓòÉΓòÉΓòÉΓòÉΓòÉΓòÉΓòÉΓòÉΓòÉΓòÉΓòÉΓòÉΓòÉΓòÉΓòÉΓòÉΓòÉΓòÉΓòÉΓòÉΓòÉΓòÉΓòÉΓòÉΓòÉΓòÉΓòÉΓòÉΓòÉΓòÉΓòÉΓòÉΓòÉΓòÉΓòÉΓòÉΓòÉΓòÉΓòÉΓòÉΓòÉΓòÉΓòÉΓòÉΓòÉΓòÉΓòÉΓòÉΓòÉΓòÉΓòÉΓòÉΓòÉΓòÉΓòÉΓòÉΓòÉΓòÉΓòÉΓòÉΓòÉΓòÉΓòÉΓòÉΓòÉΓòÉΓòÉΓòÉΓòÉΓòÉΓòÉΓòÉΓòÉΓòÉΓòÉΓòÉΓòÉΓòÉΓòÉΓòÉΓòÉΓòÉΓòÉΓòÉΓòÉΓòÉΓòÉΓòÉΓòÉΓòÉΓòÉΓòÉΓòÉΓòÉΓòÉ
ΓòÉΓòÉΓòí EXCEPTION CAUGHT BY FLUTTER FRAMEWORK Γò₧ΓòÉΓòÉΓòÉΓòÉΓòÉΓòÉΓòÉΓòÉΓòÉΓòÉΓòÉΓòÉΓòÉΓòÉΓòÉΓòÉΓòÉΓòÉΓòÉΓòÉΓòÉΓòÉΓòÉΓòÉΓòÉΓòÉΓòÉΓòÉΓòÉΓòÉΓòÉΓòÉΓòÉΓòÉΓòÉΓòÉΓòÉΓòÉΓòÉΓòÉΓòÉΓòÉΓòÉΓòÉΓòÉΓòÉΓòÉΓòÉΓòÉΓòÉΓòÉΓòÉΓòÉΓòÉΓòÉΓòÉΓòÉ
The following assertion was thrown:
ListTile background color or ink splashes may be invisible.
The ListTile is wrapped in a DecoratedBox that has a background color. Because ListTile paints its
background and ink splashes on the nearest Material ancestor, this DecoratedBox will hide those
effects.
To fix this, wrap the ListTile in its own Material widget, or remove the background color from the
intermediate DecoratedBox.

ListTile: ListTile(onTap: Closure: () => void)
DecoratedBox:
  DecoratedBox(bg: BoxDecoration(color: Color(alpha: 1.0000, red: 0.9686, green: 0.9490, blue: 0.9804, colorSpace: ColorSpace.sRGB), borderRadius: BorderRadius.circular(20.0)))
ΓòÉΓòÉΓòÉΓòÉΓòÉΓòÉΓòÉΓòÉΓòÉΓòÉΓòÉΓòÉΓòÉΓòÉΓòÉΓòÉΓòÉΓòÉΓòÉΓòÉΓòÉΓòÉΓòÉΓòÉΓòÉΓòÉΓòÉΓòÉΓòÉΓòÉΓòÉΓòÉΓòÉΓòÉΓòÉΓòÉΓòÉΓòÉΓòÉΓòÉΓòÉΓòÉΓòÉΓòÉΓòÉΓòÉΓòÉΓòÉΓòÉΓòÉΓòÉΓòÉΓòÉΓòÉΓòÉΓòÉΓòÉΓòÉΓòÉΓòÉΓòÉΓòÉΓòÉΓòÉΓòÉΓòÉΓòÉΓòÉΓòÉΓòÉΓòÉΓòÉΓòÉΓòÉΓòÉΓòÉΓòÉΓòÉΓòÉΓòÉΓòÉΓòÉΓòÉΓòÉΓòÉΓòÉΓòÉΓòÉΓòÉΓòÉΓòÉΓòÉΓòÉΓòÉΓòÉΓòÉΓòÉΓòÉΓòÉΓòÉ
ΓòÉΓòÉΓòí EXCEPTION CAUGHT BY FLUTTER TEST FRAMEWORK Γò₧ΓòÉΓòÉΓòÉΓòÉΓòÉΓòÉΓòÉΓòÉΓòÉΓòÉΓòÉΓòÉΓòÉΓòÉΓòÉΓòÉΓòÉΓòÉΓòÉΓòÉΓòÉΓòÉΓòÉΓòÉΓòÉΓòÉΓòÉΓòÉΓòÉΓòÉΓòÉΓòÉΓòÉΓòÉΓòÉΓòÉΓòÉΓòÉΓòÉΓòÉΓòÉΓòÉΓòÉΓòÉΓòÉΓòÉΓòÉΓòÉΓòÉΓòÉΓòÉΓòÉ
The following TestFailure was thrown running a test:
Expected: exactly one matching candidate
  Actual: _TextWidgetFinder:<Found 0 widgets with text "Your personal wardrobe, outfit and style
assistant.": []>
   Which: means none were found but one was expected

When the exception was thrown, this was the stack:
#4      main.<anonymous closure> (file:///D:/Development/digital_wardrobe_app/test/features/profile/about_screen_test.dart:57:5)
<asynchronous suspension>
#5      testWidgets.<anonymous closure>.<anonymous closure> (package:flutter_test/src/widget_tester.dart:192:15)
<asynchronous suspension>
#6      TestWidgetsFlutterBinding._runTestBody (package:flutter_test/src/binding.dart:1952:5)
<asynchronous suspension>
<asynchronous suspension>
(elided one frame from package:stack_trace)

This was caught by the test expectation on the following line:
  file:///D:/Development/digital_wardrobe_app/test/features/profile/about_screen_test.dart line 57
The test description was:
  About screen shows app name, tagline and version
ΓòÉΓòÉΓòÉΓòÉΓòÉΓòÉΓòÉΓòÉΓòÉΓòÉΓòÉΓòÉΓòÉΓòÉΓòÉΓòÉΓòÉΓòÉΓòÉΓòÉΓòÉΓòÉΓòÉΓòÉΓòÉΓòÉΓòÉΓòÉΓòÉΓòÉΓòÉΓòÉΓòÉΓòÉΓòÉΓòÉΓòÉΓòÉΓòÉΓòÉΓòÉΓòÉΓòÉΓòÉΓòÉΓòÉΓòÉΓòÉΓòÉΓòÉΓòÉΓòÉΓòÉΓòÉΓòÉΓòÉΓòÉΓòÉΓòÉΓòÉΓòÉΓòÉΓòÉΓòÉΓòÉΓòÉΓòÉΓòÉΓòÉΓòÉΓòÉΓòÉΓòÉΓòÉΓòÉΓòÉΓòÉΓòÉΓòÉΓòÉΓòÉΓòÉΓòÉΓòÉΓòÉΓòÉΓòÉΓòÉΓòÉΓòÉΓòÉΓòÉΓòÉΓòÉΓòÉΓòÉΓòÉΓòÉΓòÉΓòÉ
ΓòÉΓòÉΓòí EXCEPTION CAUGHT BY FLUTTER TEST FRAMEWORK Γò₧ΓòÉΓòÉΓòÉΓòÉΓòÉΓòÉΓòÉΓòÉΓòÉΓòÉΓòÉΓòÉΓòÉΓòÉΓòÉΓòÉΓòÉΓòÉΓòÉΓòÉΓòÉΓòÉΓòÉΓòÉΓòÉΓòÉΓòÉΓòÉΓòÉΓòÉΓòÉΓòÉΓòÉΓòÉΓòÉΓòÉΓòÉΓòÉΓòÉΓòÉΓòÉΓòÉΓòÉΓòÉΓòÉΓòÉΓòÉΓòÉΓòÉΓòÉΓòÉΓòÉ
The following message was thrown:
Multiple exceptions (4) were detected during the running of the current test, and at least one was
unexpected.
ΓòÉΓòÉΓòÉΓòÉΓòÉΓòÉΓòÉΓòÉΓòÉΓòÉΓòÉΓòÉΓòÉΓòÉΓòÉΓòÉΓòÉΓòÉΓòÉΓòÉΓòÉΓòÉΓòÉΓòÉΓòÉΓòÉΓòÉΓòÉΓòÉΓòÉΓòÉΓòÉΓòÉΓòÉΓòÉΓòÉΓòÉΓòÉΓòÉΓòÉΓòÉΓòÉΓòÉΓòÉΓòÉΓòÉΓòÉΓòÉΓòÉΓòÉΓòÉΓòÉΓòÉΓòÉΓòÉΓòÉΓòÉΓòÉΓòÉΓòÉΓòÉΓòÉΓòÉΓòÉΓòÉΓòÉΓòÉΓòÉΓòÉΓòÉΓòÉΓòÉΓòÉΓòÉΓòÉΓòÉΓòÉΓòÉΓòÉΓòÉΓòÉΓòÉΓòÉΓòÉΓòÉΓòÉΓòÉΓòÉΓòÉΓòÉΓòÉΓòÉΓòÉΓòÉΓòÉΓòÉΓòÉΓòÉΓòÉΓòÉ
01:16 +318 -10: D:/Development/digital_wardrobe_app/test/features/profile/change_password_screen_test.dart: shows strong-password guidance
01:16 +318 -10: D:/Development/digital_wardrobe_app/test/features/profile/about_screen_test.dart: About screen shows app name, tagline and version [E]
  Test failed. See exception logs above.
  The test description was: About screen shows app name, tagline and version
  
01:16 +319 -10: D:/Development/digital_wardrobe_app/test/features/profile/change_password_screen_test.dart: blocks submit when current password is missing
01:17 +320 -10: D:/Development/digital_wardrobe_app/test/features/profile/change_password_screen_test.dart: blocks weak new passwords
01:17 +321 -10: D:/Development/digital_wardrobe_app/test/features/profile/change_password_screen_test.dart: blocks weak new passwords
01:17 +322 -10: D:/Development/digital_wardrobe_app/test/features/profile/change_password_screen_test.dart: blocks weak new passwords
01:17 +323 -10: D:/Development/digital_wardrobe_app/test/features/profile/edit_profile_screen_test.dart: renders the three titled sections and their fields
01:18 +324 -10: D:/Development/digital_wardrobe_app/test/features/profile/edit_profile_screen_test.dart: renders the three titled sections and their fields
01:18 +325 -10: D:/Development/digital_wardrobe_app/test/features/profile/edit_profile_screen_test.dart: renders the three titled sections and their fields
01:18 +326 -10: D:/Development/digital_wardrobe_app/test/features/profile/edit_profile_screen_test.dart: renders the three titled sections and their fields
01:20 +327 -10: D:/Development/digital_wardrobe_app/test/features/profile/edit_profile_screen_test.dart: renders the three titled sections and their fields
01:20 +328 -10: D:/Development/digital_wardrobe_app/test/features/profile/edit_profile_screen_test.dart: renders the three titled sections and their fields
01:20 +329 -10: D:/Development/digital_wardrobe_app/test/features/profile/edit_profile_screen_test.dart: renders the three titled sections and their fields
01:20 +330 -10: D:/Development/digital_wardrobe_app/test/features/profile/edit_profile_screen_test.dart: renders the three titled sections and their fields
01:20 +331 -10: D:/Development/digital_wardrobe_app/test/features/profile/edit_profile_screen_test.dart: renders the three titled sections and their fields
01:20 +332 -10: D:/Development/digital_wardrobe_app/test/features/profile/edit_profile_screen_test.dart: renders the three titled sections and their fields
01:20 +333 -10: D:/Development/digital_wardrobe_app/test/features/profile/edit_profile_screen_test.dart: renders the three titled sections and their fields
01:20 +334 -10: D:/Development/digital_wardrobe_app/test/features/profile/edit_profile_screen_test.dart: renders the three titled sections and their fields
01:20 +335 -10: D:/Development/digital_wardrobe_app/test/features/profile/edit_profile_screen_test.dart: renders the three titled sections and their fields
01:20 +336 -10: D:/Development/digital_wardrobe_app/test/features/profile/edit_profile_screen_test.dart: renders the three titled sections and their fields
01:20 +337 -10: D:/Development/digital_wardrobe_app/test/features/profile/edit_profile_screen_test.dart: renders the three titled sections and their fields
01:20 +338 -10: D:/Development/digital_wardrobe_app/test/features/profile/edit_profile_screen_test.dart: hides the username field for a non-account member
01:20 +339 -10: D:/Development/digital_wardrobe_app/test/features/profile/edit_profile_screen_test.dart: shows the username field for the account holder
01:21 +340 -10: D:/Development/digital_wardrobe_app/test/features/profile/edit_profile_screen_test.dart: shows the username field for the account holder
01:21 +341 -10: D:/Development/digital_wardrobe_app/test/features/profile/edit_profile_screen_test.dart: shows the username field for the account holder
01:21 +342 -10: D:/Development/digital_wardrobe_app/test/features/profile/edit_profile_screen_test.dart: shows the username field for the account holder
01:21 +343 -10: D:/Development/digital_wardrobe_app/test/features/profile/edit_profile_screen_test.dart: shows the username field for the account holder
01:21 +344 -10: D:/Development/digital_wardrobe_app/test/features/profile/edit_profile_screen_test.dart: shows the username field for the account holder
01:21 +345 -10: D:/Development/digital_wardrobe_app/test/features/profile/edit_profile_screen_test.dart: shows the username field for the account holder
01:21 +346 -10: D:/Development/digital_wardrobe_app/test/features/profile/edit_profile_screen_test.dart: shows the username field for the account holder
01:21 +347 -10: D:/Development/digital_wardrobe_app/test/features/profile/edit_profile_screen_test.dart: shows the username field for the account holder
01:21 +348 -10: D:/Development/digital_wardrobe_app/test/features/profile/edit_profile_screen_test.dart: shows the username field for the account holder
01:21 +349 -10: D:/Development/digital_wardrobe_app/test/features/profile/edit_profile_screen_test.dart: shows the username field for the account holder
01:21 +350 -10: D:/Development/digital_wardrobe_app/test/features/profile/family/services/size_growth_prediction_service_test.dart: SizeGrowthPredictionService uses a slower growth step for older children
01:21 +351 -10: D:/Development/digital_wardrobe_app/test/features/profile/edit_profile_screen_test.dart: hydrates sizing and style values from the family member
01:21 +352 -10: D:/Development/digital_wardrobe_app/test/features/profile/edit_profile_screen_test.dart: hydrates sizing and style values from the family member
01:21 +353 -10: D:/Development/digital_wardrobe_app/test/features/profile/edit_profile_screen_test.dart: hydrates sizing and style values from the family member
01:21 +354 -10: D:/Development/digital_wardrobe_app/test/features/profile/edit_profile_screen_test.dart: hydrates sizing and style values from the family member
01:21 +355 -10: D:/Development/digital_wardrobe_app/test/features/profile/edit_profile_screen_test.dart: switching the body metric units converts the stored value
01:22 +356 -10: D:/Development/digital_wardrobe_app/test/features/profile/edit_profile_screen_test.dart: switching the body metric units converts the stored value
01:22 +357 -10: D:/Development/digital_wardrobe_app/test/features/profile/edit_profile_screen_test.dart: switching the body metric units converts the stored value
01:22 +358 -10: D:/Development/digital_wardrobe_app/test/features/profile/edit_profile_screen_test.dart: switching the body metric units converts the stored value
01:22 +359 -10: D:/Development/digital_wardrobe_app/test/features/profile/edit_profile_screen_test.dart: switching the body metric units converts the stored value
01:22 +360 -10: D:/Development/digital_wardrobe_app/test/features/profile/edit_profile_screen_test.dart: switching the body metric units converts the stored value
01:23 +361 -10: D:/Development/digital_wardrobe_app/test/features/profile/edit_profile_screen_test.dart: saving persists the full dataset and returns to the caller
01:25 +362 -10: D:/Development/digital_wardrobe_app/test/features/profile/family/widgets/shoe_size_picker_test.dart: defaults to EU and lists infant through adult values
01:25 +363 -10: D:/Development/digital_wardrobe_app/test/features/profile/edit_profile_screen_test.dart: saving the account holder also syncs the profiles row
01:25 +364 -10: D:/Development/digital_wardrobe_app/test/features/profile/family/widgets/shoe_size_picker_test.dart: selecting a size emits a ShoeSize
01:26 +365 -10: D:/Development/digital_wardrobe_app/test/features/profile/edit_profile_screen_test.dart: saving a non-account member does not touch the profiles row
01:26 +366 -10: D:/Development/digital_wardrobe_app/test/features/profile/family/widgets/shoe_size_picker_test.dart: switching system clears the selection
01:27 +367 -10: D:/Development/digital_wardrobe_app/test/features/profile/edit_profile_screen_test.dart: refuses to save a child profile without a date of birth
01:27 +368 -10: D:/Development/digital_wardrobe_app/test/features/profile/family/widgets/shoe_size_picker_test.dart: restores a previously saved value
01:27 +369 -10: D:/Development/digital_wardrobe_app/test/features/profile/edit_profile_screen_test.dart: saves the body metrics in canonical cm and kg
01:27 +370 -10: D:/Development/digital_wardrobe_app/test/features/profile/edit_profile_screen_test.dart: saves the body metrics in canonical cm and kg
01:28 +371 -10: D:/Development/digital_wardrobe_app/test/features/profile/family/widgets/shoe_size_picker_test.dart: Other flow adds and selects a custom size
01:28 +372 -10: D:/Development/digital_wardrobe_app/test/features/profile/family/widgets/shoe_size_picker_test.dart: Other rejects a duplicate size
01:29 +373 -10: D:/Development/digital_wardrobe_app/test/features/profile/family/widgets/shoe_size_picker_test.dart: custom value survives switching systems
01:30 +374 -10: D:/Development/digital_wardrobe_app/test/features/profile/help_faq_screen_test.dart: renders the help/FAQ screen without a guessed URL
ΓòÉΓòÉΓòí EXCEPTION CAUGHT BY FLUTTER FRAMEWORK Γò₧ΓòÉΓòÉΓòÉΓòÉΓòÉΓòÉΓòÉΓòÉΓòÉΓòÉΓòÉΓòÉΓòÉΓòÉΓòÉΓòÉΓòÉΓòÉΓòÉΓòÉΓòÉΓòÉΓòÉΓòÉΓòÉΓòÉΓòÉΓòÉΓòÉΓòÉΓòÉΓòÉΓòÉΓòÉΓòÉΓòÉΓòÉΓòÉΓòÉΓòÉΓòÉΓòÉΓòÉΓòÉΓòÉΓòÉΓòÉΓòÉΓòÉΓòÉΓòÉΓòÉΓòÉΓòÉΓòÉΓòÉΓòÉ
The following assertion was thrown:
ListTile background color or ink splashes may be invisible.
The ListTile is wrapped in a DecoratedBox that has a background color. Because ListTile paints its
background and ink splashes on the nearest Material ancestor, this DecoratedBox will hide those
effects.
To fix this, wrap the ListTile in its own Material widget, or remove the background color from the
intermediate DecoratedBox.

ListTile:
  ListTile(contentPadding: EdgeInsets(16.0, 4.0, 16.0, 4.0), onTap: Closure: () => void from Function 'expand':., enableFeedback: true)
DecoratedBox:
  DecoratedBox(bg: BoxDecoration(color: Color(alpha: 1.0000, red: 0.9686, green: 0.9490, blue: 0.9804, colorSpace: ColorSpace.sRGB), borderRadius: BorderRadius.circular(16.0)))
ΓòÉΓòÉΓòÉΓòÉΓòÉΓòÉΓòÉΓòÉΓòÉΓòÉΓòÉΓòÉΓòÉΓòÉΓòÉΓòÉΓòÉΓòÉΓòÉΓòÉΓòÉΓòÉΓòÉΓòÉΓòÉΓòÉΓòÉΓòÉΓòÉΓòÉΓòÉΓòÉΓòÉΓòÉΓòÉΓòÉΓòÉΓòÉΓòÉΓòÉΓòÉΓòÉΓòÉΓòÉΓòÉΓòÉΓòÉΓòÉΓòÉΓòÉΓòÉΓòÉΓòÉΓòÉΓòÉΓòÉΓòÉΓòÉΓòÉΓòÉΓòÉΓòÉΓòÉΓòÉΓòÉΓòÉΓòÉΓòÉΓòÉΓòÉΓòÉΓòÉΓòÉΓòÉΓòÉΓòÉΓòÉΓòÉΓòÉΓòÉΓòÉΓòÉΓòÉΓòÉΓòÉΓòÉΓòÉΓòÉΓòÉΓòÉΓòÉΓòÉΓòÉΓòÉΓòÉΓòÉΓòÉΓòÉΓòÉΓòÉ
ΓòÉΓòÉΓòí EXCEPTION CAUGHT BY FLUTTER FRAMEWORK Γò₧ΓòÉΓòÉΓòÉΓòÉΓòÉΓòÉΓòÉΓòÉΓòÉΓòÉΓòÉΓòÉΓòÉΓòÉΓòÉΓòÉΓòÉΓòÉΓòÉΓòÉΓòÉΓòÉΓòÉΓòÉΓòÉΓòÉΓòÉΓòÉΓòÉΓòÉΓòÉΓòÉΓòÉΓòÉΓòÉΓòÉΓòÉΓòÉΓòÉΓòÉΓòÉΓòÉΓòÉΓòÉΓòÉΓòÉΓòÉΓòÉΓòÉΓòÉΓòÉΓòÉΓòÉΓòÉΓòÉΓòÉΓòÉ
The following assertion was thrown:
ListTile background color or ink splashes may be invisible.
The ListTile is wrapped in a DecoratedBox that has a background color. Because ListTile paints its
background and ink splashes on the nearest Material ancestor, this DecoratedBox will hide those
effects.
To fix this, wrap the ListTile in its own Material widget, or remove the background color from the
intermediate DecoratedBox.

ListTile:
  ListTile(contentPadding: EdgeInsets(16.0, 4.0, 16.0, 4.0), onTap: Closure: () => void from Function 'expand':., enableFeedback: true)
DecoratedBox:
  DecoratedBox(bg: BoxDecoration(color: Color(alpha: 1.0000, red: 0.9686, green: 0.9490, blue: 0.9804, colorSpace: ColorSpace.sRGB), borderRadius: BorderRadius.circular(16.0)))
ΓòÉΓòÉΓòÉΓòÉΓòÉΓòÉΓòÉΓòÉΓòÉΓòÉΓòÉΓòÉΓòÉΓòÉΓòÉΓòÉΓòÉΓòÉΓòÉΓòÉΓòÉΓòÉΓòÉΓòÉΓòÉΓòÉΓòÉΓòÉΓòÉΓòÉΓòÉΓòÉΓòÉΓòÉΓòÉΓòÉΓòÉΓòÉΓòÉΓòÉΓòÉΓòÉΓòÉΓòÉΓòÉΓòÉΓòÉΓòÉΓòÉΓòÉΓòÉΓòÉΓòÉΓòÉΓòÉΓòÉΓòÉΓòÉΓòÉΓòÉΓòÉΓòÉΓòÉΓòÉΓòÉΓòÉΓòÉΓòÉΓòÉΓòÉΓòÉΓòÉΓòÉΓòÉΓòÉΓòÉΓòÉΓòÉΓòÉΓòÉΓòÉΓòÉΓòÉΓòÉΓòÉΓòÉΓòÉΓòÉΓòÉΓòÉΓòÉΓòÉΓòÉΓòÉΓòÉΓòÉΓòÉΓòÉΓòÉΓòÉ
ΓòÉΓòÉΓòí EXCEPTION CAUGHT BY FLUTTER FRAMEWORK Γò₧ΓòÉΓòÉΓòÉΓòÉΓòÉΓòÉΓòÉΓòÉΓòÉΓòÉΓòÉΓòÉΓòÉΓòÉΓòÉΓòÉΓòÉΓòÉΓòÉΓòÉΓòÉΓòÉΓòÉΓòÉΓòÉΓòÉΓòÉΓòÉΓòÉΓòÉΓòÉΓòÉΓòÉΓòÉΓòÉΓòÉΓòÉΓòÉΓòÉΓòÉΓòÉΓòÉΓòÉΓòÉΓòÉΓòÉΓòÉΓòÉΓòÉΓòÉΓòÉΓòÉΓòÉΓòÉΓòÉΓòÉΓòÉ
The following assertion was thrown:
ListTile background color or ink splashes may be invisible.
The ListTile is wrapped in a DecoratedBox that has a background color. Because ListTile paints its
background and ink splashes on the nearest Material ancestor, this DecoratedBox will hide those
effects.
To fix this, wrap the ListTile in its own Material widget, or remove the background color from the
intermediate DecoratedBox.

ListTile:
  ListTile(contentPadding: EdgeInsets(16.0, 4.0, 16.0, 4.0), onTap: Closure: () => void from Function 'expand':., enableFeedback: true)
DecoratedBox:
  DecoratedBox(bg: BoxDecoration(color: Color(alpha: 1.0000, red: 0.9686, green: 0.9490, blue: 0.9804, colorSpace: ColorSpace.sRGB), borderRadius: BorderRadius.circular(16.0)))
ΓòÉΓòÉΓòÉΓòÉΓòÉΓòÉΓòÉΓòÉΓòÉΓòÉΓòÉΓòÉΓòÉΓòÉΓòÉΓòÉΓòÉΓòÉΓòÉΓòÉΓòÉΓòÉΓòÉΓòÉΓòÉΓòÉΓòÉΓòÉΓòÉΓòÉΓòÉΓòÉΓòÉΓòÉΓòÉΓòÉΓòÉΓòÉΓòÉΓòÉΓòÉΓòÉΓòÉΓòÉΓòÉΓòÉΓòÉΓòÉΓòÉΓòÉΓòÉΓòÉΓòÉΓòÉΓòÉΓòÉΓòÉΓòÉΓòÉΓòÉΓòÉΓòÉΓòÉΓòÉΓòÉΓòÉΓòÉΓòÉΓòÉΓòÉΓòÉΓòÉΓòÉΓòÉΓòÉΓòÉΓòÉΓòÉΓòÉΓòÉΓòÉΓòÉΓòÉΓòÉΓòÉΓòÉΓòÉΓòÉΓòÉΓòÉΓòÉΓòÉΓòÉΓòÉΓòÉΓòÉΓòÉΓòÉΓòÉΓòÉ
ΓòÉΓòÉΓòí EXCEPTION CAUGHT BY FLUTTER FRAMEWORK Γò₧ΓòÉΓòÉΓòÉΓòÉΓòÉΓòÉΓòÉΓòÉΓòÉΓòÉΓòÉΓòÉΓòÉΓòÉΓòÉΓòÉΓòÉΓòÉΓòÉΓòÉΓòÉΓòÉΓòÉΓòÉΓòÉΓòÉΓòÉΓòÉΓòÉΓòÉΓòÉΓòÉΓòÉΓòÉΓòÉΓòÉΓòÉΓòÉΓòÉΓòÉΓòÉΓòÉΓòÉΓòÉΓòÉΓòÉΓòÉΓòÉΓòÉΓòÉΓòÉΓòÉΓòÉΓòÉΓòÉΓòÉΓòÉ
The following assertion was thrown:
ListTile background color or ink splashes may be invisible.
The ListTile is wrapped in a DecoratedBox that has a background color. Because ListTile paints its
background and ink splashes on the nearest Material ancestor, this DecoratedBox will hide those
effects.
To fix this, wrap the ListTile in its own Material widget, or remove the background color from the
intermediate DecoratedBox.

ListTile:
  ListTile(contentPadding: EdgeInsets(16.0, 4.0, 16.0, 4.0), onTap: Closure: () => void from Function 'expand':., enableFeedback: true)
DecoratedBox:
  DecoratedBox(bg: BoxDecoration(color: Color(alpha: 1.0000, red: 0.9686, green: 0.9490, blue: 0.9804, colorSpace: ColorSpace.sRGB), borderRadius: BorderRadius.circular(16.0)))
ΓòÉΓòÉΓòÉΓòÉΓòÉΓòÉΓòÉΓòÉΓòÉΓòÉΓòÉΓòÉΓòÉΓòÉΓòÉΓòÉΓòÉΓòÉΓòÉΓòÉΓòÉΓòÉΓòÉΓòÉΓòÉΓòÉΓòÉΓòÉΓòÉΓòÉΓòÉΓòÉΓòÉΓòÉΓòÉΓòÉΓòÉΓòÉΓòÉΓòÉΓòÉΓòÉΓòÉΓòÉΓòÉΓòÉΓòÉΓòÉΓòÉΓòÉΓòÉΓòÉΓòÉΓòÉΓòÉΓòÉΓòÉΓòÉΓòÉΓòÉΓòÉΓòÉΓòÉΓòÉΓòÉΓòÉΓòÉΓòÉΓòÉΓòÉΓòÉΓòÉΓòÉΓòÉΓòÉΓòÉΓòÉΓòÉΓòÉΓòÉΓòÉΓòÉΓòÉΓòÉΓòÉΓòÉΓòÉΓòÉΓòÉΓòÉΓòÉΓòÉΓòÉΓòÉΓòÉΓòÉΓòÉΓòÉΓòÉΓòÉ
ΓòÉΓòÉΓòí EXCEPTION CAUGHT BY FLUTTER TEST FRAMEWORK Γò₧ΓòÉΓòÉΓòÉΓòÉΓòÉΓòÉΓòÉΓòÉΓòÉΓòÉΓòÉΓòÉΓòÉΓòÉΓòÉΓòÉΓòÉΓòÉΓòÉΓòÉΓòÉΓòÉΓòÉΓòÉΓòÉΓòÉΓòÉΓòÉΓòÉΓòÉΓòÉΓòÉΓòÉΓòÉΓòÉΓòÉΓòÉΓòÉΓòÉΓòÉΓòÉΓòÉΓòÉΓòÉΓòÉΓòÉΓòÉΓòÉΓòÉΓòÉΓòÉΓòÉ
The following TestFailure was thrown running a test:
Expected: exactly one matching candidate
  Actual: _TextContainingWidgetFinder:<Found 0 widgets with text containing coming soon: []>
   Which: means none were found but one was expected

When the exception was thrown, this was the stack:
#4      main.<anonymous closure> (file:///D:/Development/digital_wardrobe_app/test/features/profile/help_faq_screen_test.dart:20:5)
<asynchronous suspension>
#5      testWidgets.<anonymous closure>.<anonymous closure> (package:flutter_test/src/widget_tester.dart:192:15)
<asynchronous suspension>
#6      TestWidgetsFlutterBinding._runTestBody (package:flutter_test/src/binding.dart:1952:5)
<asynchronous suspension>
<asynchronous suspension>
(elided one frame from package:stack_trace)

This was caught by the test expectation on the following line:
  file:///D:/Development/digital_wardrobe_app/test/features/profile/help_faq_screen_test.dart line 20
The test description was:
  renders the help/FAQ screen without a guessed URL
ΓòÉΓòÉΓòÉΓòÉΓòÉΓòÉΓòÉΓòÉΓòÉΓòÉΓòÉΓòÉΓòÉΓòÉΓòÉΓòÉΓòÉΓòÉΓòÉΓòÉΓòÉΓòÉΓòÉΓòÉΓòÉΓòÉΓòÉΓòÉΓòÉΓòÉΓòÉΓòÉΓòÉΓòÉΓòÉΓòÉΓòÉΓòÉΓòÉΓòÉΓòÉΓòÉΓòÉΓòÉΓòÉΓòÉΓòÉΓòÉΓòÉΓòÉΓòÉΓòÉΓòÉΓòÉΓòÉΓòÉΓòÉΓòÉΓòÉΓòÉΓòÉΓòÉΓòÉΓòÉΓòÉΓòÉΓòÉΓòÉΓòÉΓòÉΓòÉΓòÉΓòÉΓòÉΓòÉΓòÉΓòÉΓòÉΓòÉΓòÉΓòÉΓòÉΓòÉΓòÉΓòÉΓòÉΓòÉΓòÉΓòÉΓòÉΓòÉΓòÉΓòÉΓòÉΓòÉΓòÉΓòÉΓòÉΓòÉΓòÉ
ΓòÉΓòÉΓòí EXCEPTION CAUGHT BY FLUTTER TEST FRAMEWORK Γò₧ΓòÉΓòÉΓòÉΓòÉΓòÉΓòÉΓòÉΓòÉΓòÉΓòÉΓòÉΓòÉΓòÉΓòÉΓòÉΓòÉΓòÉΓòÉΓòÉΓòÉΓòÉΓòÉΓòÉΓòÉΓòÉΓòÉΓòÉΓòÉΓòÉΓòÉΓòÉΓòÉΓòÉΓòÉΓòÉΓòÉΓòÉΓòÉΓòÉΓòÉΓòÉΓòÉΓòÉΓòÉΓòÉΓòÉΓòÉΓòÉΓòÉΓòÉΓòÉΓòÉ
The following message was thrown:
Multiple exceptions (5) were detected during the running of the current test, and at least one was
unexpected.
ΓòÉΓòÉΓòÉΓòÉΓòÉΓòÉΓòÉΓòÉΓòÉΓòÉΓòÉΓòÉΓòÉΓòÉΓòÉΓòÉΓòÉΓòÉΓòÉΓòÉΓòÉΓòÉΓòÉΓòÉΓòÉΓòÉΓòÉΓòÉΓòÉΓòÉΓòÉΓòÉΓòÉΓòÉΓòÉΓòÉΓòÉΓòÉΓòÉΓòÉΓòÉΓòÉΓòÉΓòÉΓòÉΓòÉΓòÉΓòÉΓòÉΓòÉΓòÉΓòÉΓòÉΓòÉΓòÉΓòÉΓòÉΓòÉΓòÉΓòÉΓòÉΓòÉΓòÉΓòÉΓòÉΓòÉΓòÉΓòÉΓòÉΓòÉΓòÉΓòÉΓòÉΓòÉΓòÉΓòÉΓòÉΓòÉΓòÉΓòÉΓòÉΓòÉΓòÉΓòÉΓòÉΓòÉΓòÉΓòÉΓòÉΓòÉΓòÉΓòÉΓòÉΓòÉΓòÉΓòÉΓòÉΓòÉΓòÉΓòÉ
01:31 +374 -11: D:/Development/digital_wardrobe_app/test/features/profile/help_faq_screen_test.dart: renders the help/FAQ screen without a guessed URL [E]
  Test failed. See exception logs above.
  The test description was: renders the help/FAQ screen without a guessed URL
  
01:32 +374 -11: D:/Development/digital_wardrobe_app/test/features/profile/notification_preferences_screen_test.dart: shows supported notification preferences from the profile
ΓòÉΓòÉΓòí EXCEPTION CAUGHT BY FLUTTER FRAMEWORK Γò₧ΓòÉΓòÉΓòÉΓòÉΓòÉΓòÉΓòÉΓòÉΓòÉΓòÉΓòÉΓòÉΓòÉΓòÉΓòÉΓòÉΓòÉΓòÉΓòÉΓòÉΓòÉΓòÉΓòÉΓòÉΓòÉΓòÉΓòÉΓòÉΓòÉΓòÉΓòÉΓòÉΓòÉΓòÉΓòÉΓòÉΓòÉΓòÉΓòÉΓòÉΓòÉΓòÉΓòÉΓòÉΓòÉΓòÉΓòÉΓòÉΓòÉΓòÉΓòÉΓòÉΓòÉΓòÉΓòÉΓòÉΓòÉ
The following assertion was thrown:
ListTile background color or ink splashes may be invisible.
The ListTile is wrapped in a DecoratedBox that has a background color. Because ListTile paints its
background and ink splashes on the nearest Material ancestor, this DecoratedBox will hide those
effects.
To fix this, wrap the ListTile in its own Material widget, or remove the background color from the
intermediate DecoratedBox.

ListTile:
  ListTile(selectedColor: Color(alpha: 1.0000, red: 0.3843, green: 0.3569, blue: 0.4431, colorSpace: ColorSpace.sRGB), onTap: Closure: () => void)
DecoratedBox:
  DecoratedBox(bg: BoxDecoration(color: Color(alpha: 1.0000, red: 0.9686, green: 0.9490, blue: 0.9804, colorSpace: ColorSpace.sRGB), borderRadius: BorderRadius.circular(20.0)))
ΓòÉΓòÉΓòÉΓòÉΓòÉΓòÉΓòÉΓòÉΓòÉΓòÉΓòÉΓòÉΓòÉΓòÉΓòÉΓòÉΓòÉΓòÉΓòÉΓòÉΓòÉΓòÉΓòÉΓòÉΓòÉΓòÉΓòÉΓòÉΓòÉΓòÉΓòÉΓòÉΓòÉΓòÉΓòÉΓòÉΓòÉΓòÉΓòÉΓòÉΓòÉΓòÉΓòÉΓòÉΓòÉΓòÉΓòÉΓòÉΓòÉΓòÉΓòÉΓòÉΓòÉΓòÉΓòÉΓòÉΓòÉΓòÉΓòÉΓòÉΓòÉΓòÉΓòÉΓòÉΓòÉΓòÉΓòÉΓòÉΓòÉΓòÉΓòÉΓòÉΓòÉΓòÉΓòÉΓòÉΓòÉΓòÉΓòÉΓòÉΓòÉΓòÉΓòÉΓòÉΓòÉΓòÉΓòÉΓòÉΓòÉΓòÉΓòÉΓòÉΓòÉΓòÉΓòÉΓòÉΓòÉΓòÉΓòÉΓòÉ
ΓòÉΓòÉΓòí EXCEPTION CAUGHT BY FLUTTER FRAMEWORK Γò₧ΓòÉΓòÉΓòÉΓòÉΓòÉΓòÉΓòÉΓòÉΓòÉΓòÉΓòÉΓòÉΓòÉΓòÉΓòÉΓòÉΓòÉΓòÉΓòÉΓòÉΓòÉΓòÉΓòÉΓòÉΓòÉΓòÉΓòÉΓòÉΓòÉΓòÉΓòÉΓòÉΓòÉΓòÉΓòÉΓòÉΓòÉΓòÉΓòÉΓòÉΓòÉΓòÉΓòÉΓòÉΓòÉΓòÉΓòÉΓòÉΓòÉΓòÉΓòÉΓòÉΓòÉΓòÉΓòÉΓòÉΓòÉ
The following assertion was thrown:
ListTile background color or ink splashes may be invisible.
The ListTile is wrapped in a DecoratedBox that has a background color. Because ListTile paints its
background and ink splashes on the nearest Material ancestor, this DecoratedBox will hide those
effects.
To fix this, wrap the ListTile in its own Material widget, or remove the background color from the
intermediate DecoratedBox.

ListTile:
  ListTile(selectedColor: Color(alpha: 1.0000, red: 0.3843, green: 0.3569, blue: 0.4431, colorSpace: ColorSpace.sRGB), onTap: Closure: () => void)
DecoratedBox:
  DecoratedBox(bg: BoxDecoration(color: Color(alpha: 1.0000, red: 0.9686, green: 0.9490, blue: 0.9804, colorSpace: ColorSpace.sRGB), borderRadius: BorderRadius.circular(20.0)))
ΓòÉΓòÉΓòÉΓòÉΓòÉΓòÉΓòÉΓòÉΓòÉΓòÉΓòÉΓòÉΓòÉΓòÉΓòÉΓòÉΓòÉΓòÉΓòÉΓòÉΓòÉΓòÉΓòÉΓòÉΓòÉΓòÉΓòÉΓòÉΓòÉΓòÉΓòÉΓòÉΓòÉΓòÉΓòÉΓòÉΓòÉΓòÉΓòÉΓòÉΓòÉΓòÉΓòÉΓòÉΓòÉΓòÉΓòÉΓòÉΓòÉΓòÉΓòÉΓòÉΓòÉΓòÉΓòÉΓòÉΓòÉΓòÉΓòÉΓòÉΓòÉΓòÉΓòÉΓòÉΓòÉΓòÉΓòÉΓòÉΓòÉΓòÉΓòÉΓòÉΓòÉΓòÉΓòÉΓòÉΓòÉΓòÉΓòÉΓòÉΓòÉΓòÉΓòÉΓòÉΓòÉΓòÉΓòÉΓòÉΓòÉΓòÉΓòÉΓòÉΓòÉΓòÉΓòÉΓòÉΓòÉΓòÉΓòÉΓòÉ
ΓòÉΓòÉΓòí EXCEPTION CAUGHT BY FLUTTER FRAMEWORK Γò₧ΓòÉΓòÉΓòÉΓòÉΓòÉΓòÉΓòÉΓòÉΓòÉΓòÉΓòÉΓòÉΓòÉΓòÉΓòÉΓòÉΓòÉΓòÉΓòÉΓòÉΓòÉΓòÉΓòÉΓòÉΓòÉΓòÉΓòÉΓòÉΓòÉΓòÉΓòÉΓòÉΓòÉΓòÉΓòÉΓòÉΓòÉΓòÉΓòÉΓòÉΓòÉΓòÉΓòÉΓòÉΓòÉΓòÉΓòÉΓòÉΓòÉΓòÉΓòÉΓòÉΓòÉΓòÉΓòÉΓòÉΓòÉ
The following assertion was thrown:
ListTile background color or ink splashes may be invisible.
The ListTile is wrapped in a DecoratedBox that has a background color. Because ListTile paints its
background and ink splashes on the nearest Material ancestor, this DecoratedBox will hide those
effects.
To fix this, wrap the ListTile in its own Material widget, or remove the background color from the
intermediate DecoratedBox.

ListTile:
  ListTile(selectedColor: Color(alpha: 1.0000, red: 0.3843, green: 0.3569, blue: 0.4431, colorSpace: ColorSpace.sRGB), onTap: Closure: () => void)
DecoratedBox:
  DecoratedBox(bg: BoxDecoration(color: Color(alpha: 1.0000, red: 0.9686, green: 0.9490, blue: 0.9804, colorSpace: ColorSpace.sRGB), borderRadius: BorderRadius.circular(20.0)))
ΓòÉΓòÉΓòÉΓòÉΓòÉΓòÉΓòÉΓòÉΓòÉΓòÉΓòÉΓòÉΓòÉΓòÉΓòÉΓòÉΓòÉΓòÉΓòÉΓòÉΓòÉΓòÉΓòÉΓòÉΓòÉΓòÉΓòÉΓòÉΓòÉΓòÉΓòÉΓòÉΓòÉΓòÉΓòÉΓòÉΓòÉΓòÉΓòÉΓòÉΓòÉΓòÉΓòÉΓòÉΓòÉΓòÉΓòÉΓòÉΓòÉΓòÉΓòÉΓòÉΓòÉΓòÉΓòÉΓòÉΓòÉΓòÉΓòÉΓòÉΓòÉΓòÉΓòÉΓòÉΓòÉΓòÉΓòÉΓòÉΓòÉΓòÉΓòÉΓòÉΓòÉΓòÉΓòÉΓòÉΓòÉΓòÉΓòÉΓòÉΓòÉΓòÉΓòÉΓòÉΓòÉΓòÉΓòÉΓòÉΓòÉΓòÉΓòÉΓòÉΓòÉΓòÉΓòÉΓòÉΓòÉΓòÉΓòÉΓòÉ
ΓòÉΓòÉΓòí EXCEPTION CAUGHT BY FLUTTER TEST FRAMEWORK Γò₧ΓòÉΓòÉΓòÉΓòÉΓòÉΓòÉΓòÉΓòÉΓòÉΓòÉΓòÉΓòÉΓòÉΓòÉΓòÉΓòÉΓòÉΓòÉΓòÉΓòÉΓòÉΓòÉΓòÉΓòÉΓòÉΓòÉΓòÉΓòÉΓòÉΓòÉΓòÉΓòÉΓòÉΓòÉΓòÉΓòÉΓòÉΓòÉΓòÉΓòÉΓòÉΓòÉΓòÉΓòÉΓòÉΓòÉΓòÉΓòÉΓòÉΓòÉΓòÉΓòÉ
The following message was thrown:
Multiple exceptions (3) were detected during the running of the current test, and at least one was
unexpected.
ΓòÉΓòÉΓòÉΓòÉΓòÉΓòÉΓòÉΓòÉΓòÉΓòÉΓòÉΓòÉΓòÉΓòÉΓòÉΓòÉΓòÉΓòÉΓòÉΓòÉΓòÉΓòÉΓòÉΓòÉΓòÉΓòÉΓòÉΓòÉΓòÉΓòÉΓòÉΓòÉΓòÉΓòÉΓòÉΓòÉΓòÉΓòÉΓòÉΓòÉΓòÉΓòÉΓòÉΓòÉΓòÉΓòÉΓòÉΓòÉΓòÉΓòÉΓòÉΓòÉΓòÉΓòÉΓòÉΓòÉΓòÉΓòÉΓòÉΓòÉΓòÉΓòÉΓòÉΓòÉΓòÉΓòÉΓòÉΓòÉΓòÉΓòÉΓòÉΓòÉΓòÉΓòÉΓòÉΓòÉΓòÉΓòÉΓòÉΓòÉΓòÉΓòÉΓòÉΓòÉΓòÉΓòÉΓòÉΓòÉΓòÉΓòÉΓòÉΓòÉΓòÉΓòÉΓòÉΓòÉΓòÉΓòÉΓòÉΓòÉ
01:34 +374 -12: D:/Development/digital_wardrobe_app/test/features/profile/profile_screen_test.dart: shows profile sections and settings entries
01:34 +374 -12: D:/Development/digital_wardrobe_app/test/features/profile/notification_preferences_screen_test.dart: shows supported notification preferences from the profile [E]
  Test failed. See exception logs above.
  The test description was: shows supported notification preferences from the profile
  
01:35 +374 -12: D:/Development/digital_wardrobe_app/test/features/profile/notification_preferences_screen_test.dart: toggling persists through updateAlertPreferences
ΓòÉΓòÉΓòí EXCEPTION CAUGHT BY FLUTTER FRAMEWORK Γò₧ΓòÉΓòÉΓòÉΓòÉΓòÉΓòÉΓòÉΓòÉΓòÉΓòÉΓòÉΓòÉΓòÉΓòÉΓòÉΓòÉΓòÉΓòÉΓòÉΓòÉΓòÉΓòÉΓòÉΓòÉΓòÉΓòÉΓòÉΓòÉΓòÉΓòÉΓòÉΓòÉΓòÉΓòÉΓòÉΓòÉΓòÉΓòÉΓòÉΓòÉΓòÉΓòÉΓòÉΓòÉΓòÉΓòÉΓòÉΓòÉΓòÉΓòÉΓòÉΓòÉΓòÉΓòÉΓòÉΓòÉΓòÉ
The following assertion was thrown:
ListTile background color or ink splashes may be invisible.
The ListTile is wrapped in a DecoratedBox that has a background color. Because ListTile paints its
background and ink splashes on the nearest Material ancestor, this DecoratedBox will hide those
effects.
To fix this, wrap the ListTile in its own Material widget, or remove the background color from the
intermediate DecoratedBox.

ListTile:
  ListTile(selectedColor: Color(alpha: 1.0000, red: 0.3843, green: 0.3569, blue: 0.4431, colorSpace: ColorSpace.sRGB), onTap: Closure: () => void)
DecoratedBox:
  DecoratedBox(bg: BoxDecoration(color: Color(alpha: 1.0000, red: 0.9686, green: 0.9490, blue: 0.9804, colorSpace: ColorSpace.sRGB), borderRadius: BorderRadius.circular(20.0)))
ΓòÉΓòÉΓòÉΓòÉΓòÉΓòÉΓòÉΓòÉΓòÉΓòÉΓòÉΓòÉΓòÉΓòÉΓòÉΓòÉΓòÉΓòÉΓòÉΓòÉΓòÉΓòÉΓòÉΓòÉΓòÉΓòÉΓòÉΓòÉΓòÉΓòÉΓòÉΓòÉΓòÉΓòÉΓòÉΓòÉΓòÉΓòÉΓòÉΓòÉΓòÉΓòÉΓòÉΓòÉΓòÉΓòÉΓòÉΓòÉΓòÉΓòÉΓòÉΓòÉΓòÉΓòÉΓòÉΓòÉΓòÉΓòÉΓòÉΓòÉΓòÉΓòÉΓòÉΓòÉΓòÉΓòÉΓòÉΓòÉΓòÉΓòÉΓòÉΓòÉΓòÉΓòÉΓòÉΓòÉΓòÉΓòÉΓòÉΓòÉΓòÉΓòÉΓòÉΓòÉΓòÉΓòÉΓòÉΓòÉΓòÉΓòÉΓòÉΓòÉΓòÉΓòÉΓòÉΓòÉΓòÉΓòÉΓòÉΓòÉ
ΓòÉΓòÉΓòí EXCEPTION CAUGHT BY FLUTTER FRAMEWORK Γò₧ΓòÉΓòÉΓòÉΓòÉΓòÉΓòÉΓòÉΓòÉΓòÉΓòÉΓòÉΓòÉΓòÉΓòÉΓòÉΓòÉΓòÉΓòÉΓòÉΓòÉΓòÉΓòÉΓòÉΓòÉΓòÉΓòÉΓòÉΓòÉΓòÉΓòÉΓòÉΓòÉΓòÉΓòÉΓòÉΓòÉΓòÉΓòÉΓòÉΓòÉΓòÉΓòÉΓòÉΓòÉΓòÉΓòÉΓòÉΓòÉΓòÉΓòÉΓòÉΓòÉΓòÉΓòÉΓòÉΓòÉΓòÉ
The following assertion was thrown:
ListTile background color or ink splashes may be invisible.
The ListTile is wrapped in a DecoratedBox that has a background color. Because ListTile paints its
background and ink splashes on the nearest Material ancestor, this DecoratedBox will hide those
effects.
To fix this, wrap the ListTile in its own Material widget, or remove the background color from the
intermediate DecoratedBox.

ListTile:
  ListTile(selectedColor: Color(alpha: 1.0000, red: 0.3843, green: 0.3569, blue: 0.4431, colorSpace: ColorSpace.sRGB), onTap: Closure: () => void)
DecoratedBox:
  DecoratedBox(bg: BoxDecoration(color: Color(alpha: 1.0000, red: 0.9686, green: 0.9490, blue: 0.9804, colorSpace: ColorSpace.sRGB), borderRadius: BorderRadius.circular(20.0)))
ΓòÉΓòÉΓòÉΓòÉΓòÉΓòÉΓòÉΓòÉΓòÉΓòÉΓòÉΓòÉΓòÉΓòÉΓòÉΓòÉΓòÉΓòÉΓòÉΓòÉΓòÉΓòÉΓòÉΓòÉΓòÉΓòÉΓòÉΓòÉΓòÉΓòÉΓòÉΓòÉΓòÉΓòÉΓòÉΓòÉΓòÉΓòÉΓòÉΓòÉΓòÉΓòÉΓòÉΓòÉΓòÉΓòÉΓòÉΓòÉΓòÉΓòÉΓòÉΓòÉΓòÉΓòÉΓòÉΓòÉΓòÉΓòÉΓòÉΓòÉΓòÉΓòÉΓòÉΓòÉΓòÉΓòÉΓòÉΓòÉΓòÉΓòÉΓòÉΓòÉΓòÉΓòÉΓòÉΓòÉΓòÉΓòÉΓòÉΓòÉΓòÉΓòÉΓòÉΓòÉΓòÉΓòÉΓòÉΓòÉΓòÉΓòÉΓòÉΓòÉΓòÉΓòÉΓòÉΓòÉΓòÉΓòÉΓòÉΓòÉ
ΓòÉΓòÉΓòí EXCEPTION CAUGHT BY FLUTTER FRAMEWORK Γò₧ΓòÉΓòÉΓòÉΓòÉΓòÉΓòÉΓòÉΓòÉΓòÉΓòÉΓòÉΓòÉΓòÉΓòÉΓòÉΓòÉΓòÉΓòÉΓòÉΓòÉΓòÉΓòÉΓòÉΓòÉΓòÉΓòÉΓòÉΓòÉΓòÉΓòÉΓòÉΓòÉΓòÉΓòÉΓòÉΓòÉΓòÉΓòÉΓòÉΓòÉΓòÉΓòÉΓòÉΓòÉΓòÉΓòÉΓòÉΓòÉΓòÉΓòÉΓòÉΓòÉΓòÉΓòÉΓòÉΓòÉΓòÉ
The following assertion was thrown:
ListTile background color or ink splashes may be invisible.
The ListTile is wrapped in a DecoratedBox that has a background color. Because ListTile paints its
background and ink splashes on the nearest Material ancestor, this DecoratedBox will hide those
effects.
To fix this, wrap the ListTile in its own Material widget, or remove the background color from the
intermediate DecoratedBox.

ListTile:
  ListTile(selectedColor: Color(alpha: 1.0000, red: 0.3843, green: 0.3569, blue: 0.4431, colorSpace: ColorSpace.sRGB), onTap: Closure: () => void)
DecoratedBox:
  DecoratedBox(bg: BoxDecoration(color: Color(alpha: 1.0000, red: 0.9686, green: 0.9490, blue: 0.9804, colorSpace: ColorSpace.sRGB), borderRadius: BorderRadius.circular(20.0)))
ΓòÉΓòÉΓòÉΓòÉΓòÉΓòÉΓòÉΓòÉΓòÉΓòÉΓòÉΓòÉΓòÉΓòÉΓòÉΓòÉΓòÉΓòÉΓòÉΓòÉΓòÉΓòÉΓòÉΓòÉΓòÉΓòÉΓòÉΓòÉΓòÉΓòÉΓòÉΓòÉΓòÉΓòÉΓòÉΓòÉΓòÉΓòÉΓòÉΓòÉΓòÉΓòÉΓòÉΓòÉΓòÉΓòÉΓòÉΓòÉΓòÉΓòÉΓòÉΓòÉΓòÉΓòÉΓòÉΓòÉΓòÉΓòÉΓòÉΓòÉΓòÉΓòÉΓòÉΓòÉΓòÉΓòÉΓòÉΓòÉΓòÉΓòÉΓòÉΓòÉΓòÉΓòÉΓòÉΓòÉΓòÉΓòÉΓòÉΓòÉΓòÉΓòÉΓòÉΓòÉΓòÉΓòÉΓòÉΓòÉΓòÉΓòÉΓòÉΓòÉΓòÉΓòÉΓòÉΓòÉΓòÉΓòÉΓòÉΓòÉ
ΓòÉΓòÉΓòí EXCEPTION CAUGHT BY FLUTTER FRAMEWORK Γò₧ΓòÉΓòÉΓòÉΓòÉΓòÉΓòÉΓòÉΓòÉΓòÉΓòÉΓòÉΓòÉΓòÉΓòÉΓòÉΓòÉΓòÉΓòÉΓòÉΓòÉΓòÉΓòÉΓòÉΓòÉΓòÉΓòÉΓòÉΓòÉΓòÉΓòÉΓòÉΓòÉΓòÉΓòÉΓòÉΓòÉΓòÉΓòÉΓòÉΓòÉΓòÉΓòÉΓòÉΓòÉΓòÉΓòÉΓòÉΓòÉΓòÉΓòÉΓòÉΓòÉΓòÉΓòÉΓòÉΓòÉΓòÉ
The following assertion was thrown:
ListTile background color or ink splashes may be invisible.
The ListTile is wrapped in a DecoratedBox that has a background color. Because ListTile paints its
background and ink splashes on the nearest Material ancestor, this DecoratedBox will hide those
effects.
To fix this, wrap the ListTile in its own Material widget, or remove the background color from the
intermediate DecoratedBox.

ListTile:
  ListTile(selectedColor: Color(alpha: 1.0000, red: 0.3843, green: 0.3569, blue: 0.4431, colorSpace: ColorSpace.sRGB), onTap: Closure: () => void)
DecoratedBox:
  DecoratedBox(bg: BoxDecoration(color: Color(alpha: 1.0000, red: 0.9686, green: 0.9490, blue: 0.9804, colorSpace: ColorSpace.sRGB), borderRadius: BorderRadius.circular(20.0)))
ΓòÉΓòÉΓòÉΓòÉΓòÉΓòÉΓòÉΓòÉΓòÉΓòÉΓòÉΓòÉΓòÉΓòÉΓòÉΓòÉΓòÉΓòÉΓòÉΓòÉΓòÉΓòÉΓòÉΓòÉΓòÉΓòÉΓòÉΓòÉΓòÉΓòÉΓòÉΓòÉΓòÉΓòÉΓòÉΓòÉΓòÉΓòÉΓòÉΓòÉΓòÉΓòÉΓòÉΓòÉΓòÉΓòÉΓòÉΓòÉΓòÉΓòÉΓòÉΓòÉΓòÉΓòÉΓòÉΓòÉΓòÉΓòÉΓòÉΓòÉΓòÉΓòÉΓòÉΓòÉΓòÉΓòÉΓòÉΓòÉΓòÉΓòÉΓòÉΓòÉΓòÉΓòÉΓòÉΓòÉΓòÉΓòÉΓòÉΓòÉΓòÉΓòÉΓòÉΓòÉΓòÉΓòÉΓòÉΓòÉΓòÉΓòÉΓòÉΓòÉΓòÉΓòÉΓòÉΓòÉΓòÉΓòÉΓòÉΓòÉ
ΓòÉΓòÉΓòí EXCEPTION CAUGHT BY FLUTTER FRAMEWORK Γò₧ΓòÉΓòÉΓòÉΓòÉΓòÉΓòÉΓòÉΓòÉΓòÉΓòÉΓòÉΓòÉΓòÉΓòÉΓòÉΓòÉΓòÉΓòÉΓòÉΓòÉΓòÉΓòÉΓòÉΓòÉΓòÉΓòÉΓòÉΓòÉΓòÉΓòÉΓòÉΓòÉΓòÉΓòÉΓòÉΓòÉΓòÉΓòÉΓòÉΓòÉΓòÉΓòÉΓòÉΓòÉΓòÉΓòÉΓòÉΓòÉΓòÉΓòÉΓòÉΓòÉΓòÉΓòÉΓòÉΓòÉΓòÉ
The following assertion was thrown:
ListTile background color or ink splashes may be invisible.
The ListTile is wrapped in a DecoratedBox that has a background color. Because ListTile paints its
background and ink splashes on the nearest Material ancestor, this DecoratedBox will hide those
effects.
To fix this, wrap the ListTile in its own Material widget, or remove the background color from the
intermediate DecoratedBox.

ListTile:
  ListTile(selectedColor: Color(alpha: 1.0000, red: 0.3843, green: 0.3569, blue: 0.4431, colorSpace: ColorSpace.sRGB), onTap: Closure: () => void)
DecoratedBox:
  DecoratedBox(bg: BoxDecoration(color: Color(alpha: 1.0000, red: 0.9686, green: 0.9490, blue: 0.9804, colorSpace: ColorSpace.sRGB), borderRadius: BorderRadius.circular(20.0)))
ΓòÉΓòÉΓòÉΓòÉΓòÉΓòÉΓòÉΓòÉΓòÉΓòÉΓòÉΓòÉΓòÉΓòÉΓòÉΓòÉΓòÉΓòÉΓòÉΓòÉΓòÉΓòÉΓòÉΓòÉΓòÉΓòÉΓòÉΓòÉΓòÉΓòÉΓòÉΓòÉΓòÉΓòÉΓòÉΓòÉΓòÉΓòÉΓòÉΓòÉΓòÉΓòÉΓòÉΓòÉΓòÉΓòÉΓòÉΓòÉΓòÉΓòÉΓòÉΓòÉΓòÉΓòÉΓòÉΓòÉΓòÉΓòÉΓòÉΓòÉΓòÉΓòÉΓòÉΓòÉΓòÉΓòÉΓòÉΓòÉΓòÉΓòÉΓòÉΓòÉΓòÉΓòÉΓòÉΓòÉΓòÉΓòÉΓòÉΓòÉΓòÉΓòÉΓòÉΓòÉΓòÉΓòÉΓòÉΓòÉΓòÉΓòÉΓòÉΓòÉΓòÉΓòÉΓòÉΓòÉΓòÉΓòÉΓòÉΓòÉ
ΓòÉΓòÉΓòí EXCEPTION CAUGHT BY FLUTTER FRAMEWORK Γò₧ΓòÉΓòÉΓòÉΓòÉΓòÉΓòÉΓòÉΓòÉΓòÉΓòÉΓòÉΓòÉΓòÉΓòÉΓòÉΓòÉΓòÉΓòÉΓòÉΓòÉΓòÉΓòÉΓòÉΓòÉΓòÉΓòÉΓòÉΓòÉΓòÉΓòÉΓòÉΓòÉΓòÉΓòÉΓòÉΓòÉΓòÉΓòÉΓòÉΓòÉΓòÉΓòÉΓòÉΓòÉΓòÉΓòÉΓòÉΓòÉΓòÉΓòÉΓòÉΓòÉΓòÉΓòÉΓòÉΓòÉΓòÉ
The following assertion was thrown:
ListTile background color or ink splashes may be invisible.
The ListTile is wrapped in a DecoratedBox that has a background color. Because ListTile paints its
background and ink splashes on the nearest Material ancestor, this DecoratedBox will hide those
effects.
To fix this, wrap the ListTile in its own Material widget, or remove the background color from the
intermediate DecoratedBox.

ListTile:
  ListTile(selectedColor: Color(alpha: 1.0000, red: 0.3843, green: 0.3569, blue: 0.4431, colorSpace: ColorSpace.sRGB), onTap: Closure: () => void)
DecoratedBox:
  DecoratedBox(bg: BoxDecoration(color: Color(alpha: 1.0000, red: 0.9686, green: 0.9490, blue: 0.9804, colorSpace: ColorSpace.sRGB), borderRadius: BorderRadius.circular(20.0)))
ΓòÉΓòÉΓòÉΓòÉΓòÉΓòÉΓòÉΓòÉΓòÉΓòÉΓòÉΓòÉΓòÉΓòÉΓòÉΓòÉΓòÉΓòÉΓòÉΓòÉΓòÉΓòÉΓòÉΓòÉΓòÉΓòÉΓòÉΓòÉΓòÉΓòÉΓòÉΓòÉΓòÉΓòÉΓòÉΓòÉΓòÉΓòÉΓòÉΓòÉΓòÉΓòÉΓòÉΓòÉΓòÉΓòÉΓòÉΓòÉΓòÉΓòÉΓòÉΓòÉΓòÉΓòÉΓòÉΓòÉΓòÉΓòÉΓòÉΓòÉΓòÉΓòÉΓòÉΓòÉΓòÉΓòÉΓòÉΓòÉΓòÉΓòÉΓòÉΓòÉΓòÉΓòÉΓòÉΓòÉΓòÉΓòÉΓòÉΓòÉΓòÉΓòÉΓòÉΓòÉΓòÉΓòÉΓòÉΓòÉΓòÉΓòÉΓòÉΓòÉΓòÉΓòÉΓòÉΓòÉΓòÉΓòÉΓòÉΓòÉ
ΓòÉΓòÉΓòí EXCEPTION CAUGHT BY FLUTTER FRAMEWORK Γò₧ΓòÉΓòÉΓòÉΓòÉΓòÉΓòÉΓòÉΓòÉΓòÉΓòÉΓòÉΓòÉΓòÉΓòÉΓòÉΓòÉΓòÉΓòÉΓòÉΓòÉΓòÉΓòÉΓòÉΓòÉΓòÉΓòÉΓòÉΓòÉΓòÉΓòÉΓòÉΓòÉΓòÉΓòÉΓòÉΓòÉΓòÉΓòÉΓòÉΓòÉΓòÉΓòÉΓòÉΓòÉΓòÉΓòÉΓòÉΓòÉΓòÉΓòÉΓòÉΓòÉΓòÉΓòÉΓòÉΓòÉΓòÉ
The following assertion was thrown:
ListTile background color or ink splashes may be invisible.
The ListTile is wrapped in a DecoratedBox that has a background color. Because ListTile paints its
background and ink splashes on the nearest Material ancestor, this DecoratedBox will hide those
effects.
To fix this, wrap the ListTile in its own Material widget, or remove the background color from the
intermediate DecoratedBox.

ListTile:
  ListTile(selectedColor: Color(alpha: 1.0000, red: 0.3843, green: 0.3569, blue: 0.4431, colorSpace: ColorSpace.sRGB), onTap: Closure: () => void)
DecoratedBox:
  DecoratedBox(bg: BoxDecoration(color: Color(alpha: 1.0000, red: 0.9686, green: 0.9490, blue: 0.9804, colorSpace: ColorSpace.sRGB), borderRadius: BorderRadius.circular(20.0)))
ΓòÉΓòÉΓòÉΓòÉΓòÉΓòÉΓòÉΓòÉΓòÉΓòÉΓòÉΓòÉΓòÉΓòÉΓòÉΓòÉΓòÉΓòÉΓòÉΓòÉΓòÉΓòÉΓòÉΓòÉΓòÉΓòÉΓòÉΓòÉΓòÉΓòÉΓòÉΓòÉΓòÉΓòÉΓòÉΓòÉΓòÉΓòÉΓòÉΓòÉΓòÉΓòÉΓòÉΓòÉΓòÉΓòÉΓòÉΓòÉΓòÉΓòÉΓòÉΓòÉΓòÉΓòÉΓòÉΓòÉΓòÉΓòÉΓòÉΓòÉΓòÉΓòÉΓòÉΓòÉΓòÉΓòÉΓòÉΓòÉΓòÉΓòÉΓòÉΓòÉΓòÉΓòÉΓòÉΓòÉΓòÉΓòÉΓòÉΓòÉΓòÉΓòÉΓòÉΓòÉΓòÉΓòÉΓòÉΓòÉΓòÉΓòÉΓòÉΓòÉΓòÉΓòÉΓòÉΓòÉΓòÉΓòÉΓòÉΓòÉ
ΓòÉΓòÉΓòí EXCEPTION CAUGHT BY FLUTTER FRAMEWORK Γò₧ΓòÉΓòÉΓòÉΓòÉΓòÉΓòÉΓòÉΓòÉΓòÉΓòÉΓòÉΓòÉΓòÉΓòÉΓòÉΓòÉΓòÉΓòÉΓòÉΓòÉΓòÉΓòÉΓòÉΓòÉΓòÉΓòÉΓòÉΓòÉΓòÉΓòÉΓòÉΓòÉΓòÉΓòÉΓòÉΓòÉΓòÉΓòÉΓòÉΓòÉΓòÉΓòÉΓòÉΓòÉΓòÉΓòÉΓòÉΓòÉΓòÉΓòÉΓòÉΓòÉΓòÉΓòÉΓòÉΓòÉΓòÉ
The following assertion was thrown:
ListTile background color or ink splashes may be invisible.
The ListTile is wrapped in a DecoratedBox that has a background color. Because ListTile paints its
background and ink splashes on the nearest Material ancestor, this DecoratedBox will hide those
effects.
To fix this, wrap the ListTile in its own Material widget, or remove the background color from the
intermediate DecoratedBox.

ListTile:
  ListTile(selectedColor: Color(alpha: 1.0000, red: 0.3843, green: 0.3569, blue: 0.4431, colorSpace: ColorSpace.sRGB), onTap: Closure: () => void)
DecoratedBox:
  DecoratedBox(bg: BoxDecoration(color: Color(alpha: 1.0000, red: 0.9686, green: 0.9490, blue: 0.9804, colorSpace: ColorSpace.sRGB), borderRadius: BorderRadius.circular(20.0)))
ΓòÉΓòÉΓòÉΓòÉΓòÉΓòÉΓòÉΓòÉΓòÉΓòÉΓòÉΓòÉΓòÉΓòÉΓòÉΓòÉΓòÉΓòÉΓòÉΓòÉΓòÉΓòÉΓòÉΓòÉΓòÉΓòÉΓòÉΓòÉΓòÉΓòÉΓòÉΓòÉΓòÉΓòÉΓòÉΓòÉΓòÉΓòÉΓòÉΓòÉΓòÉΓòÉΓòÉΓòÉΓòÉΓòÉΓòÉΓòÉΓòÉΓòÉΓòÉΓòÉΓòÉΓòÉΓòÉΓòÉΓòÉΓòÉΓòÉΓòÉΓòÉΓòÉΓòÉΓòÉΓòÉΓòÉΓòÉΓòÉΓòÉΓòÉΓòÉΓòÉΓòÉΓòÉΓòÉΓòÉΓòÉΓòÉΓòÉΓòÉΓòÉΓòÉΓòÉΓòÉΓòÉΓòÉΓòÉΓòÉΓòÉΓòÉΓòÉΓòÉΓòÉΓòÉΓòÉΓòÉΓòÉΓòÉΓòÉΓòÉ
ΓòÉΓòÉΓòí EXCEPTION CAUGHT BY FLUTTER FRAMEWORK Γò₧ΓòÉΓòÉΓòÉΓòÉΓòÉΓòÉΓòÉΓòÉΓòÉΓòÉΓòÉΓòÉΓòÉΓòÉΓòÉΓòÉΓòÉΓòÉΓòÉΓòÉΓòÉΓòÉΓòÉΓòÉΓòÉΓòÉΓòÉΓòÉΓòÉΓòÉΓòÉΓòÉΓòÉΓòÉΓòÉΓòÉΓòÉΓòÉΓòÉΓòÉΓòÉΓòÉΓòÉΓòÉΓòÉΓòÉΓòÉΓòÉΓòÉΓòÉΓòÉΓòÉΓòÉΓòÉΓòÉΓòÉΓòÉ
The following assertion was thrown:
ListTile background color or ink splashes may be invisible.
The ListTile is wrapped in a DecoratedBox that has a background color. Because ListTile paints its
background and ink splashes on the nearest Material ancestor, this DecoratedBox will hide those
effects.
To fix this, wrap the ListTile in its own Material widget, or remove the background color from the
intermediate DecoratedBox.

ListTile:
  ListTile(selectedColor: Color(alpha: 1.0000, red: 0.3843, green: 0.3569, blue: 0.4431, colorSpace: ColorSpace.sRGB), onTap: Closure: () => void)
DecoratedBox:
  DecoratedBox(bg: BoxDecoration(color: Color(alpha: 1.0000, red: 0.9686, green: 0.9490, blue: 0.9804, colorSpace: ColorSpace.sRGB), borderRadius: BorderRadius.circular(20.0)))
ΓòÉΓòÉΓòÉΓòÉΓòÉΓòÉΓòÉΓòÉΓòÉΓòÉΓòÉΓòÉΓòÉΓòÉΓòÉΓòÉΓòÉΓòÉΓòÉΓòÉΓòÉΓòÉΓòÉΓòÉΓòÉΓòÉΓòÉΓòÉΓòÉΓòÉΓòÉΓòÉΓòÉΓòÉΓòÉΓòÉΓòÉΓòÉΓòÉΓòÉΓòÉΓòÉΓòÉΓòÉΓòÉΓòÉΓòÉΓòÉΓòÉΓòÉΓòÉΓòÉΓòÉΓòÉΓòÉΓòÉΓòÉΓòÉΓòÉΓòÉΓòÉΓòÉΓòÉΓòÉΓòÉΓòÉΓòÉΓòÉΓòÉΓòÉΓòÉΓòÉΓòÉΓòÉΓòÉΓòÉΓòÉΓòÉΓòÉΓòÉΓòÉΓòÉΓòÉΓòÉΓòÉΓòÉΓòÉΓòÉΓòÉΓòÉΓòÉΓòÉΓòÉΓòÉΓòÉΓòÉΓòÉΓòÉΓòÉΓòÉ
ΓòÉΓòÉΓòí EXCEPTION CAUGHT BY FLUTTER TEST FRAMEWORK Γò₧ΓòÉΓòÉΓòÉΓòÉΓòÉΓòÉΓòÉΓòÉΓòÉΓòÉΓòÉΓòÉΓòÉΓòÉΓòÉΓòÉΓòÉΓòÉΓòÉΓòÉΓòÉΓòÉΓòÉΓòÉΓòÉΓòÉΓòÉΓòÉΓòÉΓòÉΓòÉΓòÉΓòÉΓòÉΓòÉΓòÉΓòÉΓòÉΓòÉΓòÉΓòÉΓòÉΓòÉΓòÉΓòÉΓòÉΓòÉΓòÉΓòÉΓòÉΓòÉΓòÉ
The following message was thrown:
Multiple exceptions (9) were detected during the running of the current test, and at least one was
unexpected.
ΓòÉΓòÉΓòÉΓòÉΓòÉΓòÉΓòÉΓòÉΓòÉΓòÉΓòÉΓòÉΓòÉΓòÉΓòÉΓòÉΓòÉΓòÉΓòÉΓòÉΓòÉΓòÉΓòÉΓòÉΓòÉΓòÉΓòÉΓòÉΓòÉΓòÉΓòÉΓòÉΓòÉΓòÉΓòÉΓòÉΓòÉΓòÉΓòÉΓòÉΓòÉΓòÉΓòÉΓòÉΓòÉΓòÉΓòÉΓòÉΓòÉΓòÉΓòÉΓòÉΓòÉΓòÉΓòÉΓòÉΓòÉΓòÉΓòÉΓòÉΓòÉΓòÉΓòÉΓòÉΓòÉΓòÉΓòÉΓòÉΓòÉΓòÉΓòÉΓòÉΓòÉΓòÉΓòÉΓòÉΓòÉΓòÉΓòÉΓòÉΓòÉΓòÉΓòÉΓòÉΓòÉΓòÉΓòÉΓòÉΓòÉΓòÉΓòÉΓòÉΓòÉΓòÉΓòÉΓòÉΓòÉΓòÉΓòÉΓòÉ
01:35 +374 -13: D:/Development/digital_wardrobe_app/test/features/profile/profile_screen_test.dart: shows profile sections and settings entries
01:35 +374 -13: D:/Development/digital_wardrobe_app/test/features/profile/notification_preferences_screen_test.dart: toggling persists through updateAlertPreferences [E]
  Test failed. See exception logs above.
  The test description was: toggling persists through updateAlertPreferences
  
01:36 +374 -13: D:/Development/digital_wardrobe_app/test/features/profile/profile_screen_test.dart: shows profile sections and settings entries
ΓòÉΓòÉΓòí EXCEPTION CAUGHT BY FLUTTER FRAMEWORK Γò₧ΓòÉΓòÉΓòÉΓòÉΓòÉΓòÉΓòÉΓòÉΓòÉΓòÉΓòÉΓòÉΓòÉΓòÉΓòÉΓòÉΓòÉΓòÉΓòÉΓòÉΓòÉΓòÉΓòÉΓòÉΓòÉΓòÉΓòÉΓòÉΓòÉΓòÉΓòÉΓòÉΓòÉΓòÉΓòÉΓòÉΓòÉΓòÉΓòÉΓòÉΓòÉΓòÉΓòÉΓòÉΓòÉΓòÉΓòÉΓòÉΓòÉΓòÉΓòÉΓòÉΓòÉΓòÉΓòÉΓòÉΓòÉ
The following assertion was thrown:
ListTile background color or ink splashes may be invisible.
The ListTile is wrapped in a DecoratedBox that has a background color. Because ListTile paints its
background and ink splashes on the nearest Material ancestor, this DecoratedBox will hide those
effects.
To fix this, wrap the ListTile in its own Material widget, or remove the background color from the
intermediate DecoratedBox.

ListTile: ListTile(onTap: Closure: () => void)
DecoratedBox:
  DecoratedBox(bg: BoxDecoration(color: Color(alpha: 1.0000, red: 0.9686, green: 0.9490, blue: 0.9804, colorSpace: ColorSpace.sRGB), borderRadius: BorderRadius.circular(20.0)))
ΓòÉΓòÉΓòÉΓòÉΓòÉΓòÉΓòÉΓòÉΓòÉΓòÉΓòÉΓòÉΓòÉΓòÉΓòÉΓòÉΓòÉΓòÉΓòÉΓòÉΓòÉΓòÉΓòÉΓòÉΓòÉΓòÉΓòÉΓòÉΓòÉΓòÉΓòÉΓòÉΓòÉΓòÉΓòÉΓòÉΓòÉΓòÉΓòÉΓòÉΓòÉΓòÉΓòÉΓòÉΓòÉΓòÉΓòÉΓòÉΓòÉΓòÉΓòÉΓòÉΓòÉΓòÉΓòÉΓòÉΓòÉΓòÉΓòÉΓòÉΓòÉΓòÉΓòÉΓòÉΓòÉΓòÉΓòÉΓòÉΓòÉΓòÉΓòÉΓòÉΓòÉΓòÉΓòÉΓòÉΓòÉΓòÉΓòÉΓòÉΓòÉΓòÉΓòÉΓòÉΓòÉΓòÉΓòÉΓòÉΓòÉΓòÉΓòÉΓòÉΓòÉΓòÉΓòÉΓòÉΓòÉΓòÉΓòÉΓòÉ
ΓòÉΓòÉΓòí EXCEPTION CAUGHT BY FLUTTER FRAMEWORK Γò₧ΓòÉΓòÉΓòÉΓòÉΓòÉΓòÉΓòÉΓòÉΓòÉΓòÉΓòÉΓòÉΓòÉΓòÉΓòÉΓòÉΓòÉΓòÉΓòÉΓòÉΓòÉΓòÉΓòÉΓòÉΓòÉΓòÉΓòÉΓòÉΓòÉΓòÉΓòÉΓòÉΓòÉΓòÉΓòÉΓòÉΓòÉΓòÉΓòÉΓòÉΓòÉΓòÉΓòÉΓòÉΓòÉΓòÉΓòÉΓòÉΓòÉΓòÉΓòÉΓòÉΓòÉΓòÉΓòÉΓòÉΓòÉ
The following assertion was thrown:
ListTile background color or ink splashes may be invisible.
The ListTile is wrapped in a DecoratedBox that has a background color. Because ListTile paints its
background and ink splashes on the nearest Material ancestor, this DecoratedBox will hide those
effects.
To fix this, wrap the ListTile in its own Material widget, or remove the background color from the
intermediate DecoratedBox.

ListTile: ListTile(onTap: Closure: () => void)
DecoratedBox:
  DecoratedBox(bg: BoxDecoration(color: Color(alpha: 1.0000, red: 0.9686, green: 0.9490, blue: 0.9804, colorSpace: ColorSpace.sRGB), borderRadius: BorderRadius.circular(20.0)))
ΓòÉΓòÉΓòÉΓòÉΓòÉΓòÉΓòÉΓòÉΓòÉΓòÉΓòÉΓòÉΓòÉΓòÉΓòÉΓòÉΓòÉΓòÉΓòÉΓòÉΓòÉΓòÉΓòÉΓòÉΓòÉΓòÉΓòÉΓòÉΓòÉΓòÉΓòÉΓòÉΓòÉΓòÉΓòÉΓòÉΓòÉΓòÉΓòÉΓòÉΓòÉΓòÉΓòÉΓòÉΓòÉΓòÉΓòÉΓòÉΓòÉΓòÉΓòÉΓòÉΓòÉΓòÉΓòÉΓòÉΓòÉΓòÉΓòÉΓòÉΓòÉΓòÉΓòÉΓòÉΓòÉΓòÉΓòÉΓòÉΓòÉΓòÉΓòÉΓòÉΓòÉΓòÉΓòÉΓòÉΓòÉΓòÉΓòÉΓòÉΓòÉΓòÉΓòÉΓòÉΓòÉΓòÉΓòÉΓòÉΓòÉΓòÉΓòÉΓòÉΓòÉΓòÉΓòÉΓòÉΓòÉΓòÉΓòÉΓòÉ
ΓòÉΓòÉΓòí EXCEPTION CAUGHT BY FLUTTER FRAMEWORK Γò₧ΓòÉΓòÉΓòÉΓòÉΓòÉΓòÉΓòÉΓòÉΓòÉΓòÉΓòÉΓòÉΓòÉΓòÉΓòÉΓòÉΓòÉΓòÉΓòÉΓòÉΓòÉΓòÉΓòÉΓòÉΓòÉΓòÉΓòÉΓòÉΓòÉΓòÉΓòÉΓòÉΓòÉΓòÉΓòÉΓòÉΓòÉΓòÉΓòÉΓòÉΓòÉΓòÉΓòÉΓòÉΓòÉΓòÉΓòÉΓòÉΓòÉΓòÉΓòÉΓòÉΓòÉΓòÉΓòÉΓòÉΓòÉ
The following assertion was thrown:
ListTile background color or ink splashes may be invisible.
The ListTile is wrapped in a DecoratedBox that has a background color. Because ListTile paints its
background and ink splashes on the nearest Material ancestor, this DecoratedBox will hide those
effects.
To fix this, wrap the ListTile in its own Material widget, or remove the background color from the
intermediate DecoratedBox.

ListTile: ListTile(onTap: Closure: () => void)
DecoratedBox:
  DecoratedBox(bg: BoxDecoration(color: Color(alpha: 1.0000, red: 0.9686, green: 0.9490, blue: 0.9804, colorSpace: ColorSpace.sRGB), borderRadius: BorderRadius.circular(20.0)))
ΓòÉΓòÉΓòÉΓòÉΓòÉΓòÉΓòÉΓòÉΓòÉΓòÉΓòÉΓòÉΓòÉΓòÉΓòÉΓòÉΓòÉΓòÉΓòÉΓòÉΓòÉΓòÉΓòÉΓòÉΓòÉΓòÉΓòÉΓòÉΓòÉΓòÉΓòÉΓòÉΓòÉΓòÉΓòÉΓòÉΓòÉΓòÉΓòÉΓòÉΓòÉΓòÉΓòÉΓòÉΓòÉΓòÉΓòÉΓòÉΓòÉΓòÉΓòÉΓòÉΓòÉΓòÉΓòÉΓòÉΓòÉΓòÉΓòÉΓòÉΓòÉΓòÉΓòÉΓòÉΓòÉΓòÉΓòÉΓòÉΓòÉΓòÉΓòÉΓòÉΓòÉΓòÉΓòÉΓòÉΓòÉΓòÉΓòÉΓòÉΓòÉΓòÉΓòÉΓòÉΓòÉΓòÉΓòÉΓòÉΓòÉΓòÉΓòÉΓòÉΓòÉΓòÉΓòÉΓòÉΓòÉΓòÉΓòÉΓòÉ
ΓòÉΓòÉΓòí EXCEPTION CAUGHT BY FLUTTER FRAMEWORK Γò₧ΓòÉΓòÉΓòÉΓòÉΓòÉΓòÉΓòÉΓòÉΓòÉΓòÉΓòÉΓòÉΓòÉΓòÉΓòÉΓòÉΓòÉΓòÉΓòÉΓòÉΓòÉΓòÉΓòÉΓòÉΓòÉΓòÉΓòÉΓòÉΓòÉΓòÉΓòÉΓòÉΓòÉΓòÉΓòÉΓòÉΓòÉΓòÉΓòÉΓòÉΓòÉΓòÉΓòÉΓòÉΓòÉΓòÉΓòÉΓòÉΓòÉΓòÉΓòÉΓòÉΓòÉΓòÉΓòÉΓòÉΓòÉ
The following assertion was thrown:
ListTile background color or ink splashes may be invisible.
The ListTile is wrapped in a DecoratedBox that has a background color. Because ListTile paints its
background and ink splashes on the nearest Material ancestor, this DecoratedBox will hide those
effects.
To fix this, wrap the ListTile in its own Material widget, or remove the background color from the
intermediate DecoratedBox.

ListTile: ListTile(onTap: Closure: () => void)
DecoratedBox:
  DecoratedBox(bg: BoxDecoration(color: Color(alpha: 1.0000, red: 0.9686, green: 0.9490, blue: 0.9804, colorSpace: ColorSpace.sRGB), borderRadius: BorderRadius.circular(20.0)))
ΓòÉΓòÉΓòÉΓòÉΓòÉΓòÉΓòÉΓòÉΓòÉΓòÉΓòÉΓòÉΓòÉΓòÉΓòÉΓòÉΓòÉΓòÉΓòÉΓòÉΓòÉΓòÉΓòÉΓòÉΓòÉΓòÉΓòÉΓòÉΓòÉΓòÉΓòÉΓòÉΓòÉΓòÉΓòÉΓòÉΓòÉΓòÉΓòÉΓòÉΓòÉΓòÉΓòÉΓòÉΓòÉΓòÉΓòÉΓòÉΓòÉΓòÉΓòÉΓòÉΓòÉΓòÉΓòÉΓòÉΓòÉΓòÉΓòÉΓòÉΓòÉΓòÉΓòÉΓòÉΓòÉΓòÉΓòÉΓòÉΓòÉΓòÉΓòÉΓòÉΓòÉΓòÉΓòÉΓòÉΓòÉΓòÉΓòÉΓòÉΓòÉΓòÉΓòÉΓòÉΓòÉΓòÉΓòÉΓòÉΓòÉΓòÉΓòÉΓòÉΓòÉΓòÉΓòÉΓòÉΓòÉΓòÉΓòÉΓòÉ
ΓòÉΓòÉΓòí EXCEPTION CAUGHT BY FLUTTER FRAMEWORK Γò₧ΓòÉΓòÉΓòÉΓòÉΓòÉΓòÉΓòÉΓòÉΓòÉΓòÉΓòÉΓòÉΓòÉΓòÉΓòÉΓòÉΓòÉΓòÉΓòÉΓòÉΓòÉΓòÉΓòÉΓòÉΓòÉΓòÉΓòÉΓòÉΓòÉΓòÉΓòÉΓòÉΓòÉΓòÉΓòÉΓòÉΓòÉΓòÉΓòÉΓòÉΓòÉΓòÉΓòÉΓòÉΓòÉΓòÉΓòÉΓòÉΓòÉΓòÉΓòÉΓòÉΓòÉΓòÉΓòÉΓòÉΓòÉ
The following assertion was thrown:
ListTile background color or ink splashes may be invisible.
The ListTile is wrapped in a DecoratedBox that has a background color. Because ListTile paints its
background and ink splashes on the nearest Material ancestor, this DecoratedBox will hide those
effects.
To fix this, wrap the ListTile in its own Material widget, or remove the background color from the
intermediate DecoratedBox.

ListTile: ListTile(onTap: Closure: () => void)
DecoratedBox:
  DecoratedBox(bg: BoxDecoration(color: Color(alpha: 1.0000, red: 0.9686, green: 0.9490, blue: 0.9804, colorSpace: ColorSpace.sRGB), borderRadius: BorderRadius.circular(20.0)))
ΓòÉΓòÉΓòÉΓòÉΓòÉΓòÉΓòÉΓòÉΓòÉΓòÉΓòÉΓòÉΓòÉΓòÉΓòÉΓòÉΓòÉΓòÉΓòÉΓòÉΓòÉΓòÉΓòÉΓòÉΓòÉΓòÉΓòÉΓòÉΓòÉΓòÉΓòÉΓòÉΓòÉΓòÉΓòÉΓòÉΓòÉΓòÉΓòÉΓòÉΓòÉΓòÉΓòÉΓòÉΓòÉΓòÉΓòÉΓòÉΓòÉΓòÉΓòÉΓòÉΓòÉΓòÉΓòÉΓòÉΓòÉΓòÉΓòÉΓòÉΓòÉΓòÉΓòÉΓòÉΓòÉΓòÉΓòÉΓòÉΓòÉΓòÉΓòÉΓòÉΓòÉΓòÉΓòÉΓòÉΓòÉΓòÉΓòÉΓòÉΓòÉΓòÉΓòÉΓòÉΓòÉΓòÉΓòÉΓòÉΓòÉΓòÉΓòÉΓòÉΓòÉΓòÉΓòÉΓòÉΓòÉΓòÉΓòÉΓòÉ
ΓòÉΓòÉΓòí EXCEPTION CAUGHT BY FLUTTER FRAMEWORK Γò₧ΓòÉΓòÉΓòÉΓòÉΓòÉΓòÉΓòÉΓòÉΓòÉΓòÉΓòÉΓòÉΓòÉΓòÉΓòÉΓòÉΓòÉΓòÉΓòÉΓòÉΓòÉΓòÉΓòÉΓòÉΓòÉΓòÉΓòÉΓòÉΓòÉΓòÉΓòÉΓòÉΓòÉΓòÉΓòÉΓòÉΓòÉΓòÉΓòÉΓòÉΓòÉΓòÉΓòÉΓòÉΓòÉΓòÉΓòÉΓòÉΓòÉΓòÉΓòÉΓòÉΓòÉΓòÉΓòÉΓòÉΓòÉ
The following assertion was thrown:
ListTile background color or ink splashes may be invisible.
The ListTile is wrapped in a DecoratedBox that has a background color. Because ListTile paints its
background and ink splashes on the nearest Material ancestor, this DecoratedBox will hide those
effects.
To fix this, wrap the ListTile in its own Material widget, or remove the background color from the
intermediate DecoratedBox.

ListTile: ListTile(onTap: Closure: () => void)
DecoratedBox:
  DecoratedBox(bg: BoxDecoration(color: Color(alpha: 1.0000, red: 0.9686, green: 0.9490, blue: 0.9804, colorSpace: ColorSpace.sRGB), borderRadius: BorderRadius.circular(20.0)))
ΓòÉΓòÉΓòÉΓòÉΓòÉΓòÉΓòÉΓòÉΓòÉΓòÉΓòÉΓòÉΓòÉΓòÉΓòÉΓòÉΓòÉΓòÉΓòÉΓòÉΓòÉΓòÉΓòÉΓòÉΓòÉΓòÉΓòÉΓòÉΓòÉΓòÉΓòÉΓòÉΓòÉΓòÉΓòÉΓòÉΓòÉΓòÉΓòÉΓòÉΓòÉΓòÉΓòÉΓòÉΓòÉΓòÉΓòÉΓòÉΓòÉΓòÉΓòÉΓòÉΓòÉΓòÉΓòÉΓòÉΓòÉΓòÉΓòÉΓòÉΓòÉΓòÉΓòÉΓòÉΓòÉΓòÉΓòÉΓòÉΓòÉΓòÉΓòÉΓòÉΓòÉΓòÉΓòÉΓòÉΓòÉΓòÉΓòÉΓòÉΓòÉΓòÉΓòÉΓòÉΓòÉΓòÉΓòÉΓòÉΓòÉΓòÉΓòÉΓòÉΓòÉΓòÉΓòÉΓòÉΓòÉΓòÉΓòÉΓòÉ
ΓòÉΓòÉΓòí EXCEPTION CAUGHT BY FLUTTER FRAMEWORK Γò₧ΓòÉΓòÉΓòÉΓòÉΓòÉΓòÉΓòÉΓòÉΓòÉΓòÉΓòÉΓòÉΓòÉΓòÉΓòÉΓòÉΓòÉΓòÉΓòÉΓòÉΓòÉΓòÉΓòÉΓòÉΓòÉΓòÉΓòÉΓòÉΓòÉΓòÉΓòÉΓòÉΓòÉΓòÉΓòÉΓòÉΓòÉΓòÉΓòÉΓòÉΓòÉΓòÉΓòÉΓòÉΓòÉΓòÉΓòÉΓòÉΓòÉΓòÉΓòÉΓòÉΓòÉΓòÉΓòÉΓòÉΓòÉ
The following assertion was thrown:
ListTile background color or ink splashes may be invisible.
The ListTile is wrapped in a DecoratedBox that has a background color. Because ListTile paints its
background and ink splashes on the nearest Material ancestor, this DecoratedBox will hide those
effects.
To fix this, wrap the ListTile in its own Material widget, or remove the background color from the
intermediate DecoratedBox.

ListTile:
  ListTile(selectedColor: Color(alpha: 1.0000, red: 0.3843, green: 0.3569, blue: 0.4431, colorSpace: ColorSpace.sRGB), onTap: Closure: () => void)
DecoratedBox:
  DecoratedBox(bg: BoxDecoration(color: Color(alpha: 1.0000, red: 0.9686, green: 0.9490, blue: 0.9804, colorSpace: ColorSpace.sRGB), borderRadius: BorderRadius.circular(20.0)))
ΓòÉΓòÉΓòÉΓòÉΓòÉΓòÉΓòÉΓòÉΓòÉΓòÉΓòÉΓòÉΓòÉΓòÉΓòÉΓòÉΓòÉΓòÉΓòÉΓòÉΓòÉΓòÉΓòÉΓòÉΓòÉΓòÉΓòÉΓòÉΓòÉΓòÉΓòÉΓòÉΓòÉΓòÉΓòÉΓòÉΓòÉΓòÉΓòÉΓòÉΓòÉΓòÉΓòÉΓòÉΓòÉΓòÉΓòÉΓòÉΓòÉΓòÉΓòÉΓòÉΓòÉΓòÉΓòÉΓòÉΓòÉΓòÉΓòÉΓòÉΓòÉΓòÉΓòÉΓòÉΓòÉΓòÉΓòÉΓòÉΓòÉΓòÉΓòÉΓòÉΓòÉΓòÉΓòÉΓòÉΓòÉΓòÉΓòÉΓòÉΓòÉΓòÉΓòÉΓòÉΓòÉΓòÉΓòÉΓòÉΓòÉΓòÉΓòÉΓòÉΓòÉΓòÉΓòÉΓòÉΓòÉΓòÉΓòÉΓòÉ
ΓòÉΓòÉΓòí EXCEPTION CAUGHT BY FLUTTER FRAMEWORK Γò₧ΓòÉΓòÉΓòÉΓòÉΓòÉΓòÉΓòÉΓòÉΓòÉΓòÉΓòÉΓòÉΓòÉΓòÉΓòÉΓòÉΓòÉΓòÉΓòÉΓòÉΓòÉΓòÉΓòÉΓòÉΓòÉΓòÉΓòÉΓòÉΓòÉΓòÉΓòÉΓòÉΓòÉΓòÉΓòÉΓòÉΓòÉΓòÉΓòÉΓòÉΓòÉΓòÉΓòÉΓòÉΓòÉΓòÉΓòÉΓòÉΓòÉΓòÉΓòÉΓòÉΓòÉΓòÉΓòÉΓòÉΓòÉ
The following assertion was thrown:
ListTile background color or ink splashes may be invisible.
The ListTile is wrapped in a DecoratedBox that has a background color. Because ListTile paints its
background and ink splashes on the nearest Material ancestor, this DecoratedBox will hide those
effects.
To fix this, wrap the ListTile in its own Material widget, or remove the background color from the
intermediate DecoratedBox.

ListTile: ListTile(onTap: Closure: () => void)
DecoratedBox:
  DecoratedBox(bg: BoxDecoration(color: Color(alpha: 1.0000, red: 0.9686, green: 0.9490, blue: 0.9804, colorSpace: ColorSpace.sRGB), borderRadius: BorderRadius.circular(20.0)))
ΓòÉΓòÉΓòÉΓòÉΓòÉΓòÉΓòÉΓòÉΓòÉΓòÉΓòÉΓòÉΓòÉΓòÉΓòÉΓòÉΓòÉΓòÉΓòÉΓòÉΓòÉΓòÉΓòÉΓòÉΓòÉΓòÉΓòÉΓòÉΓòÉΓòÉΓòÉΓòÉΓòÉΓòÉΓòÉΓòÉΓòÉΓòÉΓòÉΓòÉΓòÉΓòÉΓòÉΓòÉΓòÉΓòÉΓòÉΓòÉΓòÉΓòÉΓòÉΓòÉΓòÉΓòÉΓòÉΓòÉΓòÉΓòÉΓòÉΓòÉΓòÉΓòÉΓòÉΓòÉΓòÉΓòÉΓòÉΓòÉΓòÉΓòÉΓòÉΓòÉΓòÉΓòÉΓòÉΓòÉΓòÉΓòÉΓòÉΓòÉΓòÉΓòÉΓòÉΓòÉΓòÉΓòÉΓòÉΓòÉΓòÉΓòÉΓòÉΓòÉΓòÉΓòÉΓòÉΓòÉΓòÉΓòÉΓòÉΓòÉ
ΓòÉΓòÉΓòí EXCEPTION CAUGHT BY FLUTTER FRAMEWORK Γò₧ΓòÉΓòÉΓòÉΓòÉΓòÉΓòÉΓòÉΓòÉΓòÉΓòÉΓòÉΓòÉΓòÉΓòÉΓòÉΓòÉΓòÉΓòÉΓòÉΓòÉΓòÉΓòÉΓòÉΓòÉΓòÉΓòÉΓòÉΓòÉΓòÉΓòÉΓòÉΓòÉΓòÉΓòÉΓòÉΓòÉΓòÉΓòÉΓòÉΓòÉΓòÉΓòÉΓòÉΓòÉΓòÉΓòÉΓòÉΓòÉΓòÉΓòÉΓòÉΓòÉΓòÉΓòÉΓòÉΓòÉΓòÉ
The following assertion was thrown:
ListTile background color or ink splashes may be invisible.
The ListTile is wrapped in a DecoratedBox that has a background color. Because ListTile paints its
background and ink splashes on the nearest Material ancestor, this DecoratedBox will hide those
effects.
To fix this, wrap the ListTile in its own Material widget, or remove the background color from the
intermediate DecoratedBox.

ListTile: ListTile(onTap: Closure: () => void)
DecoratedBox:
  DecoratedBox(bg: BoxDecoration(color: Color(alpha: 1.0000, red: 0.9686, green: 0.9490, blue: 0.9804, colorSpace: ColorSpace.sRGB), borderRadius: BorderRadius.circular(20.0)))
ΓòÉΓòÉΓòÉΓòÉΓòÉΓòÉΓòÉΓòÉΓòÉΓòÉΓòÉΓòÉΓòÉΓòÉΓòÉΓòÉΓòÉΓòÉΓòÉΓòÉΓòÉΓòÉΓòÉΓòÉΓòÉΓòÉΓòÉΓòÉΓòÉΓòÉΓòÉΓòÉΓòÉΓòÉΓòÉΓòÉΓòÉΓòÉΓòÉΓòÉΓòÉΓòÉΓòÉΓòÉΓòÉΓòÉΓòÉΓòÉΓòÉΓòÉΓòÉΓòÉΓòÉΓòÉΓòÉΓòÉΓòÉΓòÉΓòÉΓòÉΓòÉΓòÉΓòÉΓòÉΓòÉΓòÉΓòÉΓòÉΓòÉΓòÉΓòÉΓòÉΓòÉΓòÉΓòÉΓòÉΓòÉΓòÉΓòÉΓòÉΓòÉΓòÉΓòÉΓòÉΓòÉΓòÉΓòÉΓòÉΓòÉΓòÉΓòÉΓòÉΓòÉΓòÉΓòÉΓòÉΓòÉΓòÉΓòÉΓòÉ
ΓòÉΓòÉΓòí EXCEPTION CAUGHT BY FLUTTER TEST FRAMEWORK Γò₧ΓòÉΓòÉΓòÉΓòÉΓòÉΓòÉΓòÉΓòÉΓòÉΓòÉΓòÉΓòÉΓòÉΓòÉΓòÉΓòÉΓòÉΓòÉΓòÉΓòÉΓòÉΓòÉΓòÉΓòÉΓòÉΓòÉΓòÉΓòÉΓòÉΓòÉΓòÉΓòÉΓòÉΓòÉΓòÉΓòÉΓòÉΓòÉΓòÉΓòÉΓòÉΓòÉΓòÉΓòÉΓòÉΓòÉΓòÉΓòÉΓòÉΓòÉΓòÉΓòÉ
The following TestFailure was thrown running a test:
Expected: at least one matching candidate
  Actual: _TextWidgetFinder:<Found 0 widgets with text "Notifications": []>
   Which: means none were found but some were expected

When the exception was thrown, this was the stack:
#4      main.<anonymous closure> (file:///D:/Development/digital_wardrobe_app/test/features/profile/profile_screen_test.dart:180:5)
<asynchronous suspension>
#5      testWidgets.<anonymous closure>.<anonymous closure> (package:flutter_test/src/widget_tester.dart:192:15)
<asynchronous suspension>
#6      TestWidgetsFlutterBinding._runTestBody (package:flutter_test/src/binding.dart:1952:5)
<asynchronous suspension>
<asynchronous suspension>
(elided one frame from package:stack_trace)

This was caught by the test expectation on the following line:
  file:///D:/Development/digital_wardrobe_app/test/features/profile/profile_screen_test.dart line 180
The test description was:
  shows profile sections and settings entries
ΓòÉΓòÉΓòÉΓòÉΓòÉΓòÉΓòÉΓòÉΓòÉΓòÉΓòÉΓòÉΓòÉΓòÉΓòÉΓòÉΓòÉΓòÉΓòÉΓòÉΓòÉΓòÉΓòÉΓòÉΓòÉΓòÉΓòÉΓòÉΓòÉΓòÉΓòÉΓòÉΓòÉΓòÉΓòÉΓòÉΓòÉΓòÉΓòÉΓòÉΓòÉΓòÉΓòÉΓòÉΓòÉΓòÉΓòÉΓòÉΓòÉΓòÉΓòÉΓòÉΓòÉΓòÉΓòÉΓòÉΓòÉΓòÉΓòÉΓòÉΓòÉΓòÉΓòÉΓòÉΓòÉΓòÉΓòÉΓòÉΓòÉΓòÉΓòÉΓòÉΓòÉΓòÉΓòÉΓòÉΓòÉΓòÉΓòÉΓòÉΓòÉΓòÉΓòÉΓòÉΓòÉΓòÉΓòÉΓòÉΓòÉΓòÉΓòÉΓòÉΓòÉΓòÉΓòÉΓòÉΓòÉΓòÉΓòÉΓòÉ
ΓòÉΓòÉΓòí EXCEPTION CAUGHT BY FLUTTER TEST FRAMEWORK Γò₧ΓòÉΓòÉΓòÉΓòÉΓòÉΓòÉΓòÉΓòÉΓòÉΓòÉΓòÉΓòÉΓòÉΓòÉΓòÉΓòÉΓòÉΓòÉΓòÉΓòÉΓòÉΓòÉΓòÉΓòÉΓòÉΓòÉΓòÉΓòÉΓòÉΓòÉΓòÉΓòÉΓòÉΓòÉΓòÉΓòÉΓòÉΓòÉΓòÉΓòÉΓòÉΓòÉΓòÉΓòÉΓòÉΓòÉΓòÉΓòÉΓòÉΓòÉΓòÉΓòÉ
The following message was thrown:
Multiple exceptions (10) were detected during the running of the current test, and at least one was
unexpected.
ΓòÉΓòÉΓòÉΓòÉΓòÉΓòÉΓòÉΓòÉΓòÉΓòÉΓòÉΓòÉΓòÉΓòÉΓòÉΓòÉΓòÉΓòÉΓòÉΓòÉΓòÉΓòÉΓòÉΓòÉΓòÉΓòÉΓòÉΓòÉΓòÉΓòÉΓòÉΓòÉΓòÉΓòÉΓòÉΓòÉΓòÉΓòÉΓòÉΓòÉΓòÉΓòÉΓòÉΓòÉΓòÉΓòÉΓòÉΓòÉΓòÉΓòÉΓòÉΓòÉΓòÉΓòÉΓòÉΓòÉΓòÉΓòÉΓòÉΓòÉΓòÉΓòÉΓòÉΓòÉΓòÉΓòÉΓòÉΓòÉΓòÉΓòÉΓòÉΓòÉΓòÉΓòÉΓòÉΓòÉΓòÉΓòÉΓòÉΓòÉΓòÉΓòÉΓòÉΓòÉΓòÉΓòÉΓòÉΓòÉΓòÉΓòÉΓòÉΓòÉΓòÉΓòÉΓòÉΓòÉΓòÉΓòÉΓòÉΓòÉ
01:36 +374 -14: D:/Development/digital_wardrobe_app/test/features/profile/theme_preference_service_test.dart: dark mode preference defaults to light and persists
01:36 +374 -14: D:/Development/digital_wardrobe_app/test/features/profile/profile_screen_test.dart: shows profile sections and settings entries [E]
  Test failed. See exception logs above.
  The test description was: shows profile sections and settings entries
  
01:37 +375 -14: D:/Development/digital_wardrobe_app/test/features/profile/profile_screen_test.dart: Insights & Analytics opens the Analytics screen
ΓòÉΓòÉΓòí EXCEPTION CAUGHT BY FLUTTER FRAMEWORK Γò₧ΓòÉΓòÉΓòÉΓòÉΓòÉΓòÉΓòÉΓòÉΓòÉΓòÉΓòÉΓòÉΓòÉΓòÉΓòÉΓòÉΓòÉΓòÉΓòÉΓòÉΓòÉΓòÉΓòÉΓòÉΓòÉΓòÉΓòÉΓòÉΓòÉΓòÉΓòÉΓòÉΓòÉΓòÉΓòÉΓòÉΓòÉΓòÉΓòÉΓòÉΓòÉΓòÉΓòÉΓòÉΓòÉΓòÉΓòÉΓòÉΓòÉΓòÉΓòÉΓòÉΓòÉΓòÉΓòÉΓòÉΓòÉ
The following assertion was thrown:
ListTile background color or ink splashes may be invisible.
The ListTile is wrapped in a DecoratedBox that has a background color. Because ListTile paints its
background and ink splashes on the nearest Material ancestor, this DecoratedBox will hide those
effects.
To fix this, wrap the ListTile in its own Material widget, or remove the background color from the
intermediate DecoratedBox.

ListTile: ListTile(onTap: Closure: () => void)
DecoratedBox:
  DecoratedBox(bg: BoxDecoration(color: Color(alpha: 1.0000, red: 0.9686, green: 0.9490, blue: 0.9804, colorSpace: ColorSpace.sRGB), borderRadius: BorderRadius.circular(20.0)))
ΓòÉΓòÉΓòÉΓòÉΓòÉΓòÉΓòÉΓòÉΓòÉΓòÉΓòÉΓòÉΓòÉΓòÉΓòÉΓòÉΓòÉΓòÉΓòÉΓòÉΓòÉΓòÉΓòÉΓòÉΓòÉΓòÉΓòÉΓòÉΓòÉΓòÉΓòÉΓòÉΓòÉΓòÉΓòÉΓòÉΓòÉΓòÉΓòÉΓòÉΓòÉΓòÉΓòÉΓòÉΓòÉΓòÉΓòÉΓòÉΓòÉΓòÉΓòÉΓòÉΓòÉΓòÉΓòÉΓòÉΓòÉΓòÉΓòÉΓòÉΓòÉΓòÉΓòÉΓòÉΓòÉΓòÉΓòÉΓòÉΓòÉΓòÉΓòÉΓòÉΓòÉΓòÉΓòÉΓòÉΓòÉΓòÉΓòÉΓòÉΓòÉΓòÉΓòÉΓòÉΓòÉΓòÉΓòÉΓòÉΓòÉΓòÉΓòÉΓòÉΓòÉΓòÉΓòÉΓòÉΓòÉΓòÉΓòÉΓòÉ
ΓòÉΓòÉΓòí EXCEPTION CAUGHT BY FLUTTER FRAMEWORK Γò₧ΓòÉΓòÉΓòÉΓòÉΓòÉΓòÉΓòÉΓòÉΓòÉΓòÉΓòÉΓòÉΓòÉΓòÉΓòÉΓòÉΓòÉΓòÉΓòÉΓòÉΓòÉΓòÉΓòÉΓòÉΓòÉΓòÉΓòÉΓòÉΓòÉΓòÉΓòÉΓòÉΓòÉΓòÉΓòÉΓòÉΓòÉΓòÉΓòÉΓòÉΓòÉΓòÉΓòÉΓòÉΓòÉΓòÉΓòÉΓòÉΓòÉΓòÉΓòÉΓòÉΓòÉΓòÉΓòÉΓòÉΓòÉ
The following assertion was thrown:
ListTile background color or ink splashes may be invisible.
The ListTile is wrapped in a DecoratedBox that has a background color. Because ListTile paints its
background and ink splashes on the nearest Material ancestor, this DecoratedBox will hide those
effects.
To fix this, wrap the ListTile in its own Material widget, or remove the background color from the
intermediate DecoratedBox.

ListTile: ListTile(onTap: Closure: () => void)
DecoratedBox:
  DecoratedBox(bg: BoxDecoration(color: Color(alpha: 1.0000, red: 0.9686, green: 0.9490, blue: 0.9804, colorSpace: ColorSpace.sRGB), borderRadius: BorderRadius.circular(20.0)))
ΓòÉΓòÉΓòÉΓòÉΓòÉΓòÉΓòÉΓòÉΓòÉΓòÉΓòÉΓòÉΓòÉΓòÉΓòÉΓòÉΓòÉΓòÉΓòÉΓòÉΓòÉΓòÉΓòÉΓòÉΓòÉΓòÉΓòÉΓòÉΓòÉΓòÉΓòÉΓòÉΓòÉΓòÉΓòÉΓòÉΓòÉΓòÉΓòÉΓòÉΓòÉΓòÉΓòÉΓòÉΓòÉΓòÉΓòÉΓòÉΓòÉΓòÉΓòÉΓòÉΓòÉΓòÉΓòÉΓòÉΓòÉΓòÉΓòÉΓòÉΓòÉΓòÉΓòÉΓòÉΓòÉΓòÉΓòÉΓòÉΓòÉΓòÉΓòÉΓòÉΓòÉΓòÉΓòÉΓòÉΓòÉΓòÉΓòÉΓòÉΓòÉΓòÉΓòÉΓòÉΓòÉΓòÉΓòÉΓòÉΓòÉΓòÉΓòÉΓòÉΓòÉΓòÉΓòÉΓòÉΓòÉΓòÉΓòÉΓòÉ
ΓòÉΓòÉΓòí EXCEPTION CAUGHT BY FLUTTER FRAMEWORK Γò₧ΓòÉΓòÉΓòÉΓòÉΓòÉΓòÉΓòÉΓòÉΓòÉΓòÉΓòÉΓòÉΓòÉΓòÉΓòÉΓòÉΓòÉΓòÉΓòÉΓòÉΓòÉΓòÉΓòÉΓòÉΓòÉΓòÉΓòÉΓòÉΓòÉΓòÉΓòÉΓòÉΓòÉΓòÉΓòÉΓòÉΓòÉΓòÉΓòÉΓòÉΓòÉΓòÉΓòÉΓòÉΓòÉΓòÉΓòÉΓòÉΓòÉΓòÉΓòÉΓòÉΓòÉΓòÉΓòÉΓòÉΓòÉ
The following assertion was thrown:
ListTile background color or ink splashes may be invisible.
The ListTile is wrapped in a DecoratedBox that has a background color. Because ListTile paints its
background and ink splashes on the nearest Material ancestor, this DecoratedBox will hide those
effects.
To fix this, wrap the ListTile in its own Material widget, or remove the background color from the
intermediate DecoratedBox.

ListTile: ListTile(onTap: Closure: () => void)
DecoratedBox:
  DecoratedBox(bg: BoxDecoration(color: Color(alpha: 1.0000, red: 0.9686, green: 0.9490, blue: 0.9804, colorSpace: ColorSpace.sRGB), borderRadius: BorderRadius.circular(20.0)))
ΓòÉΓòÉΓòÉΓòÉΓòÉΓòÉΓòÉΓòÉΓòÉΓòÉΓòÉΓòÉΓòÉΓòÉΓòÉΓòÉΓòÉΓòÉΓòÉΓòÉΓòÉΓòÉΓòÉΓòÉΓòÉΓòÉΓòÉΓòÉΓòÉΓòÉΓòÉΓòÉΓòÉΓòÉΓòÉΓòÉΓòÉΓòÉΓòÉΓòÉΓòÉΓòÉΓòÉΓòÉΓòÉΓòÉΓòÉΓòÉΓòÉΓòÉΓòÉΓòÉΓòÉΓòÉΓòÉΓòÉΓòÉΓòÉΓòÉΓòÉΓòÉΓòÉΓòÉΓòÉΓòÉΓòÉΓòÉΓòÉΓòÉΓòÉΓòÉΓòÉΓòÉΓòÉΓòÉΓòÉΓòÉΓòÉΓòÉΓòÉΓòÉΓòÉΓòÉΓòÉΓòÉΓòÉΓòÉΓòÉΓòÉΓòÉΓòÉΓòÉΓòÉΓòÉΓòÉΓòÉΓòÉΓòÉΓòÉΓòÉ
ΓòÉΓòÉΓòí EXCEPTION CAUGHT BY FLUTTER FRAMEWORK Γò₧ΓòÉΓòÉΓòÉΓòÉΓòÉΓòÉΓòÉΓòÉΓòÉΓòÉΓòÉΓòÉΓòÉΓòÉΓòÉΓòÉΓòÉΓòÉΓòÉΓòÉΓòÉΓòÉΓòÉΓòÉΓòÉΓòÉΓòÉΓòÉΓòÉΓòÉΓòÉΓòÉΓòÉΓòÉΓòÉΓòÉΓòÉΓòÉΓòÉΓòÉΓòÉΓòÉΓòÉΓòÉΓòÉΓòÉΓòÉΓòÉΓòÉΓòÉΓòÉΓòÉΓòÉΓòÉΓòÉΓòÉΓòÉ
The following assertion was thrown:
ListTile background color or ink splashes may be invisible.
The ListTile is wrapped in a DecoratedBox that has a background color. Because ListTile paints its
background and ink splashes on the nearest Material ancestor, this DecoratedBox will hide those
effects.
To fix this, wrap the ListTile in its own Material widget, or remove the background color from the
intermediate DecoratedBox.

ListTile: ListTile(onTap: Closure: () => void)
DecoratedBox:
  DecoratedBox(bg: BoxDecoration(color: Color(alpha: 1.0000, red: 0.9686, green: 0.9490, blue: 0.9804, colorSpace: ColorSpace.sRGB), borderRadius: BorderRadius.circular(20.0)))
ΓòÉΓòÉΓòÉΓòÉΓòÉΓòÉΓòÉΓòÉΓòÉΓòÉΓòÉΓòÉΓòÉΓòÉΓòÉΓòÉΓòÉΓòÉΓòÉΓòÉΓòÉΓòÉΓòÉΓòÉΓòÉΓòÉΓòÉΓòÉΓòÉΓòÉΓòÉΓòÉΓòÉΓòÉΓòÉΓòÉΓòÉΓòÉΓòÉΓòÉΓòÉΓòÉΓòÉΓòÉΓòÉΓòÉΓòÉΓòÉΓòÉΓòÉΓòÉΓòÉΓòÉΓòÉΓòÉΓòÉΓòÉΓòÉΓòÉΓòÉΓòÉΓòÉΓòÉΓòÉΓòÉΓòÉΓòÉΓòÉΓòÉΓòÉΓòÉΓòÉΓòÉΓòÉΓòÉΓòÉΓòÉΓòÉΓòÉΓòÉΓòÉΓòÉΓòÉΓòÉΓòÉΓòÉΓòÉΓòÉΓòÉΓòÉΓòÉΓòÉΓòÉΓòÉΓòÉΓòÉΓòÉΓòÉΓòÉΓòÉ
ΓòÉΓòÉΓòí EXCEPTION CAUGHT BY FLUTTER FRAMEWORK Γò₧ΓòÉΓòÉΓòÉΓòÉΓòÉΓòÉΓòÉΓòÉΓòÉΓòÉΓòÉΓòÉΓòÉΓòÉΓòÉΓòÉΓòÉΓòÉΓòÉΓòÉΓòÉΓòÉΓòÉΓòÉΓòÉΓòÉΓòÉΓòÉΓòÉΓòÉΓòÉΓòÉΓòÉΓòÉΓòÉΓòÉΓòÉΓòÉΓòÉΓòÉΓòÉΓòÉΓòÉΓòÉΓòÉΓòÉΓòÉΓòÉΓòÉΓòÉΓòÉΓòÉΓòÉΓòÉΓòÉΓòÉΓòÉ
The following assertion was thrown:
ListTile background color or ink splashes may be invisible.
The ListTile is wrapped in a DecoratedBox that has a background color. Because ListTile paints its
background and ink splashes on the nearest Material ancestor, this DecoratedBox will hide those
effects.
To fix this, wrap the ListTile in its own Material widget, or remove the background color from the
intermediate DecoratedBox.

ListTile: ListTile(onTap: Closure: () => void)
DecoratedBox:
  DecoratedBox(bg: BoxDecoration(color: Color(alpha: 1.0000, red: 0.9686, green: 0.9490, blue: 0.9804, colorSpace: ColorSpace.sRGB), borderRadius: BorderRadius.circular(20.0)))
ΓòÉΓòÉΓòÉΓòÉΓòÉΓòÉΓòÉΓòÉΓòÉΓòÉΓòÉΓòÉΓòÉΓòÉΓòÉΓòÉΓòÉΓòÉΓòÉΓòÉΓòÉΓòÉΓòÉΓòÉΓòÉΓòÉΓòÉΓòÉΓòÉΓòÉΓòÉΓòÉΓòÉΓòÉΓòÉΓòÉΓòÉΓòÉΓòÉΓòÉΓòÉΓòÉΓòÉΓòÉΓòÉΓòÉΓòÉΓòÉΓòÉΓòÉΓòÉΓòÉΓòÉΓòÉΓòÉΓòÉΓòÉΓòÉΓòÉΓòÉΓòÉΓòÉΓòÉΓòÉΓòÉΓòÉΓòÉΓòÉΓòÉΓòÉΓòÉΓòÉΓòÉΓòÉΓòÉΓòÉΓòÉΓòÉΓòÉΓòÉΓòÉΓòÉΓòÉΓòÉΓòÉΓòÉΓòÉΓòÉΓòÉΓòÉΓòÉΓòÉΓòÉΓòÉΓòÉΓòÉΓòÉΓòÉΓòÉΓòÉ
ΓòÉΓòÉΓòí EXCEPTION CAUGHT BY FLUTTER FRAMEWORK Γò₧ΓòÉΓòÉΓòÉΓòÉΓòÉΓòÉΓòÉΓòÉΓòÉΓòÉΓòÉΓòÉΓòÉΓòÉΓòÉΓòÉΓòÉΓòÉΓòÉΓòÉΓòÉΓòÉΓòÉΓòÉΓòÉΓòÉΓòÉΓòÉΓòÉΓòÉΓòÉΓòÉΓòÉΓòÉΓòÉΓòÉΓòÉΓòÉΓòÉΓòÉΓòÉΓòÉΓòÉΓòÉΓòÉΓòÉΓòÉΓòÉΓòÉΓòÉΓòÉΓòÉΓòÉΓòÉΓòÉΓòÉΓòÉ
The following assertion was thrown:
ListTile background color or ink splashes may be invisible.
The ListTile is wrapped in a DecoratedBox that has a background color. Because ListTile paints its
background and ink splashes on the nearest Material ancestor, this DecoratedBox will hide those
effects.
To fix this, wrap the ListTile in its own Material widget, or remove the background color from the
intermediate DecoratedBox.

ListTile: ListTile(onTap: Closure: () => void)
DecoratedBox:
  DecoratedBox(bg: BoxDecoration(color: Color(alpha: 1.0000, red: 0.9686, green: 0.9490, blue: 0.9804, colorSpace: ColorSpace.sRGB), borderRadius: BorderRadius.circular(20.0)))
ΓòÉΓòÉΓòÉΓòÉΓòÉΓòÉΓòÉΓòÉΓòÉΓòÉΓòÉΓòÉΓòÉΓòÉΓòÉΓòÉΓòÉΓòÉΓòÉΓòÉΓòÉΓòÉΓòÉΓòÉΓòÉΓòÉΓòÉΓòÉΓòÉΓòÉΓòÉΓòÉΓòÉΓòÉΓòÉΓòÉΓòÉΓòÉΓòÉΓòÉΓòÉΓòÉΓòÉΓòÉΓòÉΓòÉΓòÉΓòÉΓòÉΓòÉΓòÉΓòÉΓòÉΓòÉΓòÉΓòÉΓòÉΓòÉΓòÉΓòÉΓòÉΓòÉΓòÉΓòÉΓòÉΓòÉΓòÉΓòÉΓòÉΓòÉΓòÉΓòÉΓòÉΓòÉΓòÉΓòÉΓòÉΓòÉΓòÉΓòÉΓòÉΓòÉΓòÉΓòÉΓòÉΓòÉΓòÉΓòÉΓòÉΓòÉΓòÉΓòÉΓòÉΓòÉΓòÉΓòÉΓòÉΓòÉΓòÉΓòÉ
ΓòÉΓòÉΓòí EXCEPTION CAUGHT BY FLUTTER FRAMEWORK Γò₧ΓòÉΓòÉΓòÉΓòÉΓòÉΓòÉΓòÉΓòÉΓòÉΓòÉΓòÉΓòÉΓòÉΓòÉΓòÉΓòÉΓòÉΓòÉΓòÉΓòÉΓòÉΓòÉΓòÉΓòÉΓòÉΓòÉΓòÉΓòÉΓòÉΓòÉΓòÉΓòÉΓòÉΓòÉΓòÉΓòÉΓòÉΓòÉΓòÉΓòÉΓòÉΓòÉΓòÉΓòÉΓòÉΓòÉΓòÉΓòÉΓòÉΓòÉΓòÉΓòÉΓòÉΓòÉΓòÉΓòÉΓòÉ
The following assertion was thrown:
ListTile background color or ink splashes may be invisible.
The ListTile is wrapped in a DecoratedBox that has a background color. Because ListTile paints its
background and ink splashes on the nearest Material ancestor, this DecoratedBox will hide those
effects.
To fix this, wrap the ListTile in its own Material widget, or remove the background color from the
intermediate DecoratedBox.

ListTile:
  ListTile(selectedColor: Color(alpha: 1.0000, red: 0.3843, green: 0.3569, blue: 0.4431, colorSpace: ColorSpace.sRGB), onTap: Closure: () => void)
DecoratedBox:
  DecoratedBox(bg: BoxDecoration(color: Color(alpha: 1.0000, red: 0.9686, green: 0.9490, blue: 0.9804, colorSpace: ColorSpace.sRGB), borderRadius: BorderRadius.circular(20.0)))
ΓòÉΓòÉΓòÉΓòÉΓòÉΓòÉΓòÉΓòÉΓòÉΓòÉΓòÉΓòÉΓòÉΓòÉΓòÉΓòÉΓòÉΓòÉΓòÉΓòÉΓòÉΓòÉΓòÉΓòÉΓòÉΓòÉΓòÉΓòÉΓòÉΓòÉΓòÉΓòÉΓòÉΓòÉΓòÉΓòÉΓòÉΓòÉΓòÉΓòÉΓòÉΓòÉΓòÉΓòÉΓòÉΓòÉΓòÉΓòÉΓòÉΓòÉΓòÉΓòÉΓòÉΓòÉΓòÉΓòÉΓòÉΓòÉΓòÉΓòÉΓòÉΓòÉΓòÉΓòÉΓòÉΓòÉΓòÉΓòÉΓòÉΓòÉΓòÉΓòÉΓòÉΓòÉΓòÉΓòÉΓòÉΓòÉΓòÉΓòÉΓòÉΓòÉΓòÉΓòÉΓòÉΓòÉΓòÉΓòÉΓòÉΓòÉΓòÉΓòÉΓòÉΓòÉΓòÉΓòÉΓòÉΓòÉΓòÉΓòÉ
ΓòÉΓòÉΓòí EXCEPTION CAUGHT BY FLUTTER FRAMEWORK Γò₧ΓòÉΓòÉΓòÉΓòÉΓòÉΓòÉΓòÉΓòÉΓòÉΓòÉΓòÉΓòÉΓòÉΓòÉΓòÉΓòÉΓòÉΓòÉΓòÉΓòÉΓòÉΓòÉΓòÉΓòÉΓòÉΓòÉΓòÉΓòÉΓòÉΓòÉΓòÉΓòÉΓòÉΓòÉΓòÉΓòÉΓòÉΓòÉΓòÉΓòÉΓòÉΓòÉΓòÉΓòÉΓòÉΓòÉΓòÉΓòÉΓòÉΓòÉΓòÉΓòÉΓòÉΓòÉΓòÉΓòÉΓòÉ
The following assertion was thrown:
ListTile background color or ink splashes may be invisible.
The ListTile is wrapped in a DecoratedBox that has a background color. Because ListTile paints its
background and ink splashes on the nearest Material ancestor, this DecoratedBox will hide those
effects.
To fix this, wrap the ListTile in its own Material widget, or remove the background color from the
intermediate DecoratedBox.

ListTile: ListTile(onTap: Closure: () => void)
DecoratedBox:
  DecoratedBox(bg: BoxDecoration(color: Color(alpha: 1.0000, red: 0.9686, green: 0.9490, blue: 0.9804, colorSpace: ColorSpace.sRGB), borderRadius: BorderRadius.circular(20.0)))
ΓòÉΓòÉΓòÉΓòÉΓòÉΓòÉΓòÉΓòÉΓòÉΓòÉΓòÉΓòÉΓòÉΓòÉΓòÉΓòÉΓòÉΓòÉΓòÉΓòÉΓòÉΓòÉΓòÉΓòÉΓòÉΓòÉΓòÉΓòÉΓòÉΓòÉΓòÉΓòÉΓòÉΓòÉΓòÉΓòÉΓòÉΓòÉΓòÉΓòÉΓòÉΓòÉΓòÉΓòÉΓòÉΓòÉΓòÉΓòÉΓòÉΓòÉΓòÉΓòÉΓòÉΓòÉΓòÉΓòÉΓòÉΓòÉΓòÉΓòÉΓòÉΓòÉΓòÉΓòÉΓòÉΓòÉΓòÉΓòÉΓòÉΓòÉΓòÉΓòÉΓòÉΓòÉΓòÉΓòÉΓòÉΓòÉΓòÉΓòÉΓòÉΓòÉΓòÉΓòÉΓòÉΓòÉΓòÉΓòÉΓòÉΓòÉΓòÉΓòÉΓòÉΓòÉΓòÉΓòÉΓòÉΓòÉΓòÉΓòÉ
ΓòÉΓòÉΓòí EXCEPTION CAUGHT BY FLUTTER FRAMEWORK Γò₧ΓòÉΓòÉΓòÉΓòÉΓòÉΓòÉΓòÉΓòÉΓòÉΓòÉΓòÉΓòÉΓòÉΓòÉΓòÉΓòÉΓòÉΓòÉΓòÉΓòÉΓòÉΓòÉΓòÉΓòÉΓòÉΓòÉΓòÉΓòÉΓòÉΓòÉΓòÉΓòÉΓòÉΓòÉΓòÉΓòÉΓòÉΓòÉΓòÉΓòÉΓòÉΓòÉΓòÉΓòÉΓòÉΓòÉΓòÉΓòÉΓòÉΓòÉΓòÉΓòÉΓòÉΓòÉΓòÉΓòÉΓòÉ
The following assertion was thrown:
ListTile background color or ink splashes may be invisible.
The ListTile is wrapped in a DecoratedBox that has a background color. Because ListTile paints its
background and ink splashes on the nearest Material ancestor, this DecoratedBox will hide those
effects.
To fix this, wrap the ListTile in its own Material widget, or remove the background color from the
intermediate DecoratedBox.

ListTile: ListTile(onTap: Closure: () => void)
DecoratedBox:
  DecoratedBox(bg: BoxDecoration(color: Color(alpha: 1.0000, red: 0.9686, green: 0.9490, blue: 0.9804, colorSpace: ColorSpace.sRGB), borderRadius: BorderRadius.circular(20.0)))
ΓòÉΓòÉΓòÉΓòÉΓòÉΓòÉΓòÉΓòÉΓòÉΓòÉΓòÉΓòÉΓòÉΓòÉΓòÉΓòÉΓòÉΓòÉΓòÉΓòÉΓòÉΓòÉΓòÉΓòÉΓòÉΓòÉΓòÉΓòÉΓòÉΓòÉΓòÉΓòÉΓòÉΓòÉΓòÉΓòÉΓòÉΓòÉΓòÉΓòÉΓòÉΓòÉΓòÉΓòÉΓòÉΓòÉΓòÉΓòÉΓòÉΓòÉΓòÉΓòÉΓòÉΓòÉΓòÉΓòÉΓòÉΓòÉΓòÉΓòÉΓòÉΓòÉΓòÉΓòÉΓòÉΓòÉΓòÉΓòÉΓòÉΓòÉΓòÉΓòÉΓòÉΓòÉΓòÉΓòÉΓòÉΓòÉΓòÉΓòÉΓòÉΓòÉΓòÉΓòÉΓòÉΓòÉΓòÉΓòÉΓòÉΓòÉΓòÉΓòÉΓòÉΓòÉΓòÉΓòÉΓòÉΓòÉΓòÉΓòÉ
ΓòÉΓòÉΓòí EXCEPTION CAUGHT BY FLUTTER TEST FRAMEWORK Γò₧ΓòÉΓòÉΓòÉΓòÉΓòÉΓòÉΓòÉΓòÉΓòÉΓòÉΓòÉΓòÉΓòÉΓòÉΓòÉΓòÉΓòÉΓòÉΓòÉΓòÉΓòÉΓòÉΓòÉΓòÉΓòÉΓòÉΓòÉΓòÉΓòÉΓòÉΓòÉΓòÉΓòÉΓòÉΓòÉΓòÉΓòÉΓòÉΓòÉΓòÉΓòÉΓòÉΓòÉΓòÉΓòÉΓòÉΓòÉΓòÉΓòÉΓòÉΓòÉΓòÉ
The following message was thrown:
Multiple exceptions (9) were detected during the running of the current test, and at least one was
unexpected.
ΓòÉΓòÉΓòÉΓòÉΓòÉΓòÉΓòÉΓòÉΓòÉΓòÉΓòÉΓòÉΓòÉΓòÉΓòÉΓòÉΓòÉΓòÉΓòÉΓòÉΓòÉΓòÉΓòÉΓòÉΓòÉΓòÉΓòÉΓòÉΓòÉΓòÉΓòÉΓòÉΓòÉΓòÉΓòÉΓòÉΓòÉΓòÉΓòÉΓòÉΓòÉΓòÉΓòÉΓòÉΓòÉΓòÉΓòÉΓòÉΓòÉΓòÉΓòÉΓòÉΓòÉΓòÉΓòÉΓòÉΓòÉΓòÉΓòÉΓòÉΓòÉΓòÉΓòÉΓòÉΓòÉΓòÉΓòÉΓòÉΓòÉΓòÉΓòÉΓòÉΓòÉΓòÉΓòÉΓòÉΓòÉΓòÉΓòÉΓòÉΓòÉΓòÉΓòÉΓòÉΓòÉΓòÉΓòÉΓòÉΓòÉΓòÉΓòÉΓòÉΓòÉΓòÉΓòÉΓòÉΓòÉΓòÉΓòÉΓòÉ
01:37 +375 -15: D:/Development/digital_wardrobe_app/test/features/profile/profile_screen_test.dart: Insights & Analytics opens the Analytics screen [E]
  Test failed. See exception logs above.
  The test description was: Insights & Analytics opens the Analytics screen
  
01:37 +375 -15: D:/Development/digital_wardrobe_app/test/features/profile/profile_screen_test.dart: Edit Account opens the existing edit-name dialog
ΓòÉΓòÉΓòí EXCEPTION CAUGHT BY FLUTTER FRAMEWORK Γò₧ΓòÉΓòÉΓòÉΓòÉΓòÉΓòÉΓòÉΓòÉΓòÉΓòÉΓòÉΓòÉΓòÉΓòÉΓòÉΓòÉΓòÉΓòÉΓòÉΓòÉΓòÉΓòÉΓòÉΓòÉΓòÉΓòÉΓòÉΓòÉΓòÉΓòÉΓòÉΓòÉΓòÉΓòÉΓòÉΓòÉΓòÉΓòÉΓòÉΓòÉΓòÉΓòÉΓòÉΓòÉΓòÉΓòÉΓòÉΓòÉΓòÉΓòÉΓòÉΓòÉΓòÉΓòÉΓòÉΓòÉΓòÉ
The following assertion was thrown:
ListTile background color or ink splashes may be invisible.
The ListTile is wrapped in a DecoratedBox that has a background color. Because ListTile paints its
background and ink splashes on the nearest Material ancestor, this DecoratedBox will hide those
effects.
To fix this, wrap the ListTile in its own Material widget, or remove the background color from the
intermediate DecoratedBox.

ListTile: ListTile(onTap: Closure: () => void)
DecoratedBox:
  DecoratedBox(bg: BoxDecoration(color: Color(alpha: 1.0000, red: 0.9686, green: 0.9490, blue: 0.9804, colorSpace: ColorSpace.sRGB), borderRadius: BorderRadius.circular(20.0)))
ΓòÉΓòÉΓòÉΓòÉΓòÉΓòÉΓòÉΓòÉΓòÉΓòÉΓòÉΓòÉΓòÉΓòÉΓòÉΓòÉΓòÉΓòÉΓòÉΓòÉΓòÉΓòÉΓòÉΓòÉΓòÉΓòÉΓòÉΓòÉΓòÉΓòÉΓòÉΓòÉΓòÉΓòÉΓòÉΓòÉΓòÉΓòÉΓòÉΓòÉΓòÉΓòÉΓòÉΓòÉΓòÉΓòÉΓòÉΓòÉΓòÉΓòÉΓòÉΓòÉΓòÉΓòÉΓòÉΓòÉΓòÉΓòÉΓòÉΓòÉΓòÉΓòÉΓòÉΓòÉΓòÉΓòÉΓòÉΓòÉΓòÉΓòÉΓòÉΓòÉΓòÉΓòÉΓòÉΓòÉΓòÉΓòÉΓòÉΓòÉΓòÉΓòÉΓòÉΓòÉΓòÉΓòÉΓòÉΓòÉΓòÉΓòÉΓòÉΓòÉΓòÉΓòÉΓòÉΓòÉΓòÉΓòÉΓòÉΓòÉ
ΓòÉΓòÉΓòí EXCEPTION CAUGHT BY FLUTTER FRAMEWORK Γò₧ΓòÉΓòÉΓòÉΓòÉΓòÉΓòÉΓòÉΓòÉΓòÉΓòÉΓòÉΓòÉΓòÉΓòÉΓòÉΓòÉΓòÉΓòÉΓòÉΓòÉΓòÉΓòÉΓòÉΓòÉΓòÉΓòÉΓòÉΓòÉΓòÉΓòÉΓòÉΓòÉΓòÉΓòÉΓòÉΓòÉΓòÉΓòÉΓòÉΓòÉΓòÉΓòÉΓòÉΓòÉΓòÉΓòÉΓòÉΓòÉΓòÉΓòÉΓòÉΓòÉΓòÉΓòÉΓòÉΓòÉΓòÉ
The following assertion was thrown:
ListTile background color or ink splashes may be invisible.
The ListTile is wrapped in a DecoratedBox that has a background color. Because ListTile paints its
background and ink splashes on the nearest Material ancestor, this DecoratedBox will hide those
effects.
To fix this, wrap the ListTile in its own Material widget, or remove the background color from the
intermediate DecoratedBox.

ListTile: ListTile(onTap: Closure: () => void)
DecoratedBox:
  DecoratedBox(bg: BoxDecoration(color: Color(alpha: 1.0000, red: 0.9686, green: 0.9490, blue: 0.9804, colorSpace: ColorSpace.sRGB), borderRadius: BorderRadius.circular(20.0)))
ΓòÉΓòÉΓòÉΓòÉΓòÉΓòÉΓòÉΓòÉΓòÉΓòÉΓòÉΓòÉΓòÉΓòÉΓòÉΓòÉΓòÉΓòÉΓòÉΓòÉΓòÉΓòÉΓòÉΓòÉΓòÉΓòÉΓòÉΓòÉΓòÉΓòÉΓòÉΓòÉΓòÉΓòÉΓòÉΓòÉΓòÉΓòÉΓòÉΓòÉΓòÉΓòÉΓòÉΓòÉΓòÉΓòÉΓòÉΓòÉΓòÉΓòÉΓòÉΓòÉΓòÉΓòÉΓòÉΓòÉΓòÉΓòÉΓòÉΓòÉΓòÉΓòÉΓòÉΓòÉΓòÉΓòÉΓòÉΓòÉΓòÉΓòÉΓòÉΓòÉΓòÉΓòÉΓòÉΓòÉΓòÉΓòÉΓòÉΓòÉΓòÉΓòÉΓòÉΓòÉΓòÉΓòÉΓòÉΓòÉΓòÉΓòÉΓòÉΓòÉΓòÉΓòÉΓòÉΓòÉΓòÉΓòÉΓòÉΓòÉ
ΓòÉΓòÉΓòí EXCEPTION CAUGHT BY FLUTTER FRAMEWORK Γò₧ΓòÉΓòÉΓòÉΓòÉΓòÉΓòÉΓòÉΓòÉΓòÉΓòÉΓòÉΓòÉΓòÉΓòÉΓòÉΓòÉΓòÉΓòÉΓòÉΓòÉΓòÉΓòÉΓòÉΓòÉΓòÉΓòÉΓòÉΓòÉΓòÉΓòÉΓòÉΓòÉΓòÉΓòÉΓòÉΓòÉΓòÉΓòÉΓòÉΓòÉΓòÉΓòÉΓòÉΓòÉΓòÉΓòÉΓòÉΓòÉΓòÉΓòÉΓòÉΓòÉΓòÉΓòÉΓòÉΓòÉΓòÉ
The following assertion was thrown:
ListTile background color or ink splashes may be invisible.
The ListTile is wrapped in a DecoratedBox that has a background color. Because ListTile paints its
background and ink splashes on the nearest Material ancestor, this DecoratedBox will hide those
effects.
To fix this, wrap the ListTile in its own Material widget, or remove the background color from the
intermediate DecoratedBox.

ListTile: ListTile(onTap: Closure: () => void)
DecoratedBox:
  DecoratedBox(bg: BoxDecoration(color: Color(alpha: 1.0000, red: 0.9686, green: 0.9490, blue: 0.9804, colorSpace: ColorSpace.sRGB), borderRadius: BorderRadius.circular(20.0)))
ΓòÉΓòÉΓòÉΓòÉΓòÉΓòÉΓòÉΓòÉΓòÉΓòÉΓòÉΓòÉΓòÉΓòÉΓòÉΓòÉΓòÉΓòÉΓòÉΓòÉΓòÉΓòÉΓòÉΓòÉΓòÉΓòÉΓòÉΓòÉΓòÉΓòÉΓòÉΓòÉΓòÉΓòÉΓòÉΓòÉΓòÉΓòÉΓòÉΓòÉΓòÉΓòÉΓòÉΓòÉΓòÉΓòÉΓòÉΓòÉΓòÉΓòÉΓòÉΓòÉΓòÉΓòÉΓòÉΓòÉΓòÉΓòÉΓòÉΓòÉΓòÉΓòÉΓòÉΓòÉΓòÉΓòÉΓòÉΓòÉΓòÉΓòÉΓòÉΓòÉΓòÉΓòÉΓòÉΓòÉΓòÉΓòÉΓòÉΓòÉΓòÉΓòÉΓòÉΓòÉΓòÉΓòÉΓòÉΓòÉΓòÉΓòÉΓòÉΓòÉΓòÉΓòÉΓòÉΓòÉΓòÉΓòÉΓòÉΓòÉ
ΓòÉΓòÉΓòí EXCEPTION CAUGHT BY FLUTTER FRAMEWORK Γò₧ΓòÉΓòÉΓòÉΓòÉΓòÉΓòÉΓòÉΓòÉΓòÉΓòÉΓòÉΓòÉΓòÉΓòÉΓòÉΓòÉΓòÉΓòÉΓòÉΓòÉΓòÉΓòÉΓòÉΓòÉΓòÉΓòÉΓòÉΓòÉΓòÉΓòÉΓòÉΓòÉΓòÉΓòÉΓòÉΓòÉΓòÉΓòÉΓòÉΓòÉΓòÉΓòÉΓòÉΓòÉΓòÉΓòÉΓòÉΓòÉΓòÉΓòÉΓòÉΓòÉΓòÉΓòÉΓòÉΓòÉΓòÉ
The following assertion was thrown:
ListTile background color or ink splashes may be invisible.
The ListTile is wrapped in a DecoratedBox that has a background color. Because ListTile paints its
background and ink splashes on the nearest Material ancestor, this DecoratedBox will hide those
effects.
To fix this, wrap the ListTile in its own Material widget, or remove the background color from the
intermediate DecoratedBox.

ListTile: ListTile(onTap: Closure: () => void)
DecoratedBox:
  DecoratedBox(bg: BoxDecoration(color: Color(alpha: 1.0000, red: 0.9686, green: 0.9490, blue: 0.9804, colorSpace: ColorSpace.sRGB), borderRadius: BorderRadius.circular(20.0)))
ΓòÉΓòÉΓòÉΓòÉΓòÉΓòÉΓòÉΓòÉΓòÉΓòÉΓòÉΓòÉΓòÉΓòÉΓòÉΓòÉΓòÉΓòÉΓòÉΓòÉΓòÉΓòÉΓòÉΓòÉΓòÉΓòÉΓòÉΓòÉΓòÉΓòÉΓòÉΓòÉΓòÉΓòÉΓòÉΓòÉΓòÉΓòÉΓòÉΓòÉΓòÉΓòÉΓòÉΓòÉΓòÉΓòÉΓòÉΓòÉΓòÉΓòÉΓòÉΓòÉΓòÉΓòÉΓòÉΓòÉΓòÉΓòÉΓòÉΓòÉΓòÉΓòÉΓòÉΓòÉΓòÉΓòÉΓòÉΓòÉΓòÉΓòÉΓòÉΓòÉΓòÉΓòÉΓòÉΓòÉΓòÉΓòÉΓòÉΓòÉΓòÉΓòÉΓòÉΓòÉΓòÉΓòÉΓòÉΓòÉΓòÉΓòÉΓòÉΓòÉΓòÉΓòÉΓòÉΓòÉΓòÉΓòÉΓòÉΓòÉ
ΓòÉΓòÉΓòí EXCEPTION CAUGHT BY FLUTTER FRAMEWORK Γò₧ΓòÉΓòÉΓòÉΓòÉΓòÉΓòÉΓòÉΓòÉΓòÉΓòÉΓòÉΓòÉΓòÉΓòÉΓòÉΓòÉΓòÉΓòÉΓòÉΓòÉΓòÉΓòÉΓòÉΓòÉΓòÉΓòÉΓòÉΓòÉΓòÉΓòÉΓòÉΓòÉΓòÉΓòÉΓòÉΓòÉΓòÉΓòÉΓòÉΓòÉΓòÉΓòÉΓòÉΓòÉΓòÉΓòÉΓòÉΓòÉΓòÉΓòÉΓòÉΓòÉΓòÉΓòÉΓòÉΓòÉΓòÉ
The following assertion was thrown:
ListTile background color or ink splashes may be invisible.
The ListTile is wrapped in a DecoratedBox that has a background color. Because ListTile paints its
background and ink splashes on the nearest Material ancestor, this DecoratedBox will hide those
effects.
To fix this, wrap the ListTile in its own Material widget, or remove the background color from the
intermediate DecoratedBox.

ListTile: ListTile(onTap: Closure: () => void)
DecoratedBox:
  DecoratedBox(bg: BoxDecoration(color: Color(alpha: 1.0000, red: 0.9686, green: 0.9490, blue: 0.9804, colorSpace: ColorSpace.sRGB), borderRadius: BorderRadius.circular(20.0)))
ΓòÉΓòÉΓòÉΓòÉΓòÉΓòÉΓòÉΓòÉΓòÉΓòÉΓòÉΓòÉΓòÉΓòÉΓòÉΓòÉΓòÉΓòÉΓòÉΓòÉΓòÉΓòÉΓòÉΓòÉΓòÉΓòÉΓòÉΓòÉΓòÉΓòÉΓòÉΓòÉΓòÉΓòÉΓòÉΓòÉΓòÉΓòÉΓòÉΓòÉΓòÉΓòÉΓòÉΓòÉΓòÉΓòÉΓòÉΓòÉΓòÉΓòÉΓòÉΓòÉΓòÉΓòÉΓòÉΓòÉΓòÉΓòÉΓòÉΓòÉΓòÉΓòÉΓòÉΓòÉΓòÉΓòÉΓòÉΓòÉΓòÉΓòÉΓòÉΓòÉΓòÉΓòÉΓòÉΓòÉΓòÉΓòÉΓòÉΓòÉΓòÉΓòÉΓòÉΓòÉΓòÉΓòÉΓòÉΓòÉΓòÉΓòÉΓòÉΓòÉΓòÉΓòÉΓòÉΓòÉΓòÉΓòÉΓòÉΓòÉ
ΓòÉΓòÉΓòí EXCEPTION CAUGHT BY FLUTTER FRAMEWORK Γò₧ΓòÉΓòÉΓòÉΓòÉΓòÉΓòÉΓòÉΓòÉΓòÉΓòÉΓòÉΓòÉΓòÉΓòÉΓòÉΓòÉΓòÉΓòÉΓòÉΓòÉΓòÉΓòÉΓòÉΓòÉΓòÉΓòÉΓòÉΓòÉΓòÉΓòÉΓòÉΓòÉΓòÉΓòÉΓòÉΓòÉΓòÉΓòÉΓòÉΓòÉΓòÉΓòÉΓòÉΓòÉΓòÉΓòÉΓòÉΓòÉΓòÉΓòÉΓòÉΓòÉΓòÉΓòÉΓòÉΓòÉΓòÉ
The following assertion was thrown:
ListTile background color or ink splashes may be invisible.
The ListTile is wrapped in a DecoratedBox that has a background color. Because ListTile paints its
background and ink splashes on the nearest Material ancestor, this DecoratedBox will hide those
effects.
To fix this, wrap the ListTile in its own Material widget, or remove the background color from the
intermediate DecoratedBox.

ListTile: ListTile(onTap: Closure: () => void)
DecoratedBox:
  DecoratedBox(bg: BoxDecoration(color: Color(alpha: 1.0000, red: 0.9686, green: 0.9490, blue: 0.9804, colorSpace: ColorSpace.sRGB), borderRadius: BorderRadius.circular(20.0)))
ΓòÉΓòÉΓòÉΓòÉΓòÉΓòÉΓòÉΓòÉΓòÉΓòÉΓòÉΓòÉΓòÉΓòÉΓòÉΓòÉΓòÉΓòÉΓòÉΓòÉΓòÉΓòÉΓòÉΓòÉΓòÉΓòÉΓòÉΓòÉΓòÉΓòÉΓòÉΓòÉΓòÉΓòÉΓòÉΓòÉΓòÉΓòÉΓòÉΓòÉΓòÉΓòÉΓòÉΓòÉΓòÉΓòÉΓòÉΓòÉΓòÉΓòÉΓòÉΓòÉΓòÉΓòÉΓòÉΓòÉΓòÉΓòÉΓòÉΓòÉΓòÉΓòÉΓòÉΓòÉΓòÉΓòÉΓòÉΓòÉΓòÉΓòÉΓòÉΓòÉΓòÉΓòÉΓòÉΓòÉΓòÉΓòÉΓòÉΓòÉΓòÉΓòÉΓòÉΓòÉΓòÉΓòÉΓòÉΓòÉΓòÉΓòÉΓòÉΓòÉΓòÉΓòÉΓòÉΓòÉΓòÉΓòÉΓòÉΓòÉ
ΓòÉΓòÉΓòí EXCEPTION CAUGHT BY FLUTTER FRAMEWORK Γò₧ΓòÉΓòÉΓòÉΓòÉΓòÉΓòÉΓòÉΓòÉΓòÉΓòÉΓòÉΓòÉΓòÉΓòÉΓòÉΓòÉΓòÉΓòÉΓòÉΓòÉΓòÉΓòÉΓòÉΓòÉΓòÉΓòÉΓòÉΓòÉΓòÉΓòÉΓòÉΓòÉΓòÉΓòÉΓòÉΓòÉΓòÉΓòÉΓòÉΓòÉΓòÉΓòÉΓòÉΓòÉΓòÉΓòÉΓòÉΓòÉΓòÉΓòÉΓòÉΓòÉΓòÉΓòÉΓòÉΓòÉΓòÉ
The following assertion was thrown:
ListTile background color or ink splashes may be invisible.
The ListTile is wrapped in a DecoratedBox that has a background color. Because ListTile paints its
background and ink splashes on the nearest Material ancestor, this DecoratedBox will hide those
effects.
To fix this, wrap the ListTile in its own Material widget, or remove the background color from the
intermediate DecoratedBox.

ListTile:
  ListTile(selectedColor: Color(alpha: 1.0000, red: 0.3843, green: 0.3569, blue: 0.4431, colorSpace: ColorSpace.sRGB), onTap: Closure: () => void)
DecoratedBox:
  DecoratedBox(bg: BoxDecoration(color: Color(alpha: 1.0000, red: 0.9686, green: 0.9490, blue: 0.9804, colorSpace: ColorSpace.sRGB), borderRadius: BorderRadius.circular(20.0)))
ΓòÉΓòÉΓòÉΓòÉΓòÉΓòÉΓòÉΓòÉΓòÉΓòÉΓòÉΓòÉΓòÉΓòÉΓòÉΓòÉΓòÉΓòÉΓòÉΓòÉΓòÉΓòÉΓòÉΓòÉΓòÉΓòÉΓòÉΓòÉΓòÉΓòÉΓòÉΓòÉΓòÉΓòÉΓòÉΓòÉΓòÉΓòÉΓòÉΓòÉΓòÉΓòÉΓòÉΓòÉΓòÉΓòÉΓòÉΓòÉΓòÉΓòÉΓòÉΓòÉΓòÉΓòÉΓòÉΓòÉΓòÉΓòÉΓòÉΓòÉΓòÉΓòÉΓòÉΓòÉΓòÉΓòÉΓòÉΓòÉΓòÉΓòÉΓòÉΓòÉΓòÉΓòÉΓòÉΓòÉΓòÉΓòÉΓòÉΓòÉΓòÉΓòÉΓòÉΓòÉΓòÉΓòÉΓòÉΓòÉΓòÉΓòÉΓòÉΓòÉΓòÉΓòÉΓòÉΓòÉΓòÉΓòÉΓòÉΓòÉ
ΓòÉΓòÉΓòí EXCEPTION CAUGHT BY FLUTTER FRAMEWORK Γò₧ΓòÉΓòÉΓòÉΓòÉΓòÉΓòÉΓòÉΓòÉΓòÉΓòÉΓòÉΓòÉΓòÉΓòÉΓòÉΓòÉΓòÉΓòÉΓòÉΓòÉΓòÉΓòÉΓòÉΓòÉΓòÉΓòÉΓòÉΓòÉΓòÉΓòÉΓòÉΓòÉΓòÉΓòÉΓòÉΓòÉΓòÉΓòÉΓòÉΓòÉΓòÉΓòÉΓòÉΓòÉΓòÉΓòÉΓòÉΓòÉΓòÉΓòÉΓòÉΓòÉΓòÉΓòÉΓòÉΓòÉΓòÉ
The following assertion was thrown:
ListTile background color or ink splashes may be invisible.
The ListTile is wrapped in a DecoratedBox that has a background color. Because ListTile paints its
background and ink splashes on the nearest Material ancestor, this DecoratedBox will hide those
effects.
To fix this, wrap the ListTile in its own Material widget, or remove the background color from the
intermediate DecoratedBox.

ListTile: ListTile(onTap: Closure: () => void)
DecoratedBox:
  DecoratedBox(bg: BoxDecoration(color: Color(alpha: 1.0000, red: 0.9686, green: 0.9490, blue: 0.9804, colorSpace: ColorSpace.sRGB), borderRadius: BorderRadius.circular(20.0)))
ΓòÉΓòÉΓòÉΓòÉΓòÉΓòÉΓòÉΓòÉΓòÉΓòÉΓòÉΓòÉΓòÉΓòÉΓòÉΓòÉΓòÉΓòÉΓòÉΓòÉΓòÉΓòÉΓòÉΓòÉΓòÉΓòÉΓòÉΓòÉΓòÉΓòÉΓòÉΓòÉΓòÉΓòÉΓòÉΓòÉΓòÉΓòÉΓòÉΓòÉΓòÉΓòÉΓòÉΓòÉΓòÉΓòÉΓòÉΓòÉΓòÉΓòÉΓòÉΓòÉΓòÉΓòÉΓòÉΓòÉΓòÉΓòÉΓòÉΓòÉΓòÉΓòÉΓòÉΓòÉΓòÉΓòÉΓòÉΓòÉΓòÉΓòÉΓòÉΓòÉΓòÉΓòÉΓòÉΓòÉΓòÉΓòÉΓòÉΓòÉΓòÉΓòÉΓòÉΓòÉΓòÉΓòÉΓòÉΓòÉΓòÉΓòÉΓòÉΓòÉΓòÉΓòÉΓòÉΓòÉΓòÉΓòÉΓòÉΓòÉ
ΓòÉΓòÉΓòí EXCEPTION CAUGHT BY FLUTTER FRAMEWORK Γò₧ΓòÉΓòÉΓòÉΓòÉΓòÉΓòÉΓòÉΓòÉΓòÉΓòÉΓòÉΓòÉΓòÉΓòÉΓòÉΓòÉΓòÉΓòÉΓòÉΓòÉΓòÉΓòÉΓòÉΓòÉΓòÉΓòÉΓòÉΓòÉΓòÉΓòÉΓòÉΓòÉΓòÉΓòÉΓòÉΓòÉΓòÉΓòÉΓòÉΓòÉΓòÉΓòÉΓòÉΓòÉΓòÉΓòÉΓòÉΓòÉΓòÉΓòÉΓòÉΓòÉΓòÉΓòÉΓòÉΓòÉΓòÉ
The following assertion was thrown:
ListTile background color or ink splashes may be invisible.
The ListTile is wrapped in a DecoratedBox that has a background color. Because ListTile paints its
background and ink splashes on the nearest Material ancestor, this DecoratedBox will hide those
effects.
To fix this, wrap the ListTile in its own Material widget, or remove the background color from the
intermediate DecoratedBox.

ListTile: ListTile(onTap: Closure: () => void)
DecoratedBox:
  DecoratedBox(bg: BoxDecoration(color: Color(alpha: 1.0000, red: 0.9686, green: 0.9490, blue: 0.9804, colorSpace: ColorSpace.sRGB), borderRadius: BorderRadius.circular(20.0)))
ΓòÉΓòÉΓòÉΓòÉΓòÉΓòÉΓòÉΓòÉΓòÉΓòÉΓòÉΓòÉΓòÉΓòÉΓòÉΓòÉΓòÉΓòÉΓòÉΓòÉΓòÉΓòÉΓòÉΓòÉΓòÉΓòÉΓòÉΓòÉΓòÉΓòÉΓòÉΓòÉΓòÉΓòÉΓòÉΓòÉΓòÉΓòÉΓòÉΓòÉΓòÉΓòÉΓòÉΓòÉΓòÉΓòÉΓòÉΓòÉΓòÉΓòÉΓòÉΓòÉΓòÉΓòÉΓòÉΓòÉΓòÉΓòÉΓòÉΓòÉΓòÉΓòÉΓòÉΓòÉΓòÉΓòÉΓòÉΓòÉΓòÉΓòÉΓòÉΓòÉΓòÉΓòÉΓòÉΓòÉΓòÉΓòÉΓòÉΓòÉΓòÉΓòÉΓòÉΓòÉΓòÉΓòÉΓòÉΓòÉΓòÉΓòÉΓòÉΓòÉΓòÉΓòÉΓòÉΓòÉΓòÉΓòÉΓòÉΓòÉ
ΓòÉΓòÉΓòí EXCEPTION CAUGHT BY FLUTTER TEST FRAMEWORK Γò₧ΓòÉΓòÉΓòÉΓòÉΓòÉΓòÉΓòÉΓòÉΓòÉΓòÉΓòÉΓòÉΓòÉΓòÉΓòÉΓòÉΓòÉΓòÉΓòÉΓòÉΓòÉΓòÉΓòÉΓòÉΓòÉΓòÉΓòÉΓòÉΓòÉΓòÉΓòÉΓòÉΓòÉΓòÉΓòÉΓòÉΓòÉΓòÉΓòÉΓòÉΓòÉΓòÉΓòÉΓòÉΓòÉΓòÉΓòÉΓòÉΓòÉΓòÉΓòÉΓòÉ
The following assertion was thrown running a test:
The finder "Found 0 widgets with text "Edit Account": []" (used in a call to "tap()") could not find
any matching widgets.

When the exception was thrown, this was the stack:
#0      WidgetController._getElementPoint (package:flutter_test/src/controller.dart:2095:7)
#1      WidgetController.getCenter (package:flutter_test/src/controller.dart:1947:12)
#2      WidgetController.tap (package:flutter_test/src/controller.dart:1080:7)
#3      main.<anonymous closure> (file:///D:/Development/digital_wardrobe_app/test/features/profile/profile_screen_test.dart:211:18)
<asynchronous suspension>
#4      testWidgets.<anonymous closure>.<anonymous closure> (package:flutter_test/src/widget_tester.dart:192:15)
<asynchronous suspension>
#5      TestWidgetsFlutterBinding._runTestBody (package:flutter_test/src/binding.dart:1952:5)
<asynchronous suspension>
<asynchronous suspension>
(elided one frame from package:stack_trace)

The test description was:
  Edit Account opens the existing edit-name dialog
ΓòÉΓòÉΓòÉΓòÉΓòÉΓòÉΓòÉΓòÉΓòÉΓòÉΓòÉΓòÉΓòÉΓòÉΓòÉΓòÉΓòÉΓòÉΓòÉΓòÉΓòÉΓòÉΓòÉΓòÉΓòÉΓòÉΓòÉΓòÉΓòÉΓòÉΓòÉΓòÉΓòÉΓòÉΓòÉΓòÉΓòÉΓòÉΓòÉΓòÉΓòÉΓòÉΓòÉΓòÉΓòÉΓòÉΓòÉΓòÉΓòÉΓòÉΓòÉΓòÉΓòÉΓòÉΓòÉΓòÉΓòÉΓòÉΓòÉΓòÉΓòÉΓòÉΓòÉΓòÉΓòÉΓòÉΓòÉΓòÉΓòÉΓòÉΓòÉΓòÉΓòÉΓòÉΓòÉΓòÉΓòÉΓòÉΓòÉΓòÉΓòÉΓòÉΓòÉΓòÉΓòÉΓòÉΓòÉΓòÉΓòÉΓòÉΓòÉΓòÉΓòÉΓòÉΓòÉΓòÉΓòÉΓòÉΓòÉΓòÉ
ΓòÉΓòÉΓòí EXCEPTION CAUGHT BY FLUTTER TEST FRAMEWORK Γò₧ΓòÉΓòÉΓòÉΓòÉΓòÉΓòÉΓòÉΓòÉΓòÉΓòÉΓòÉΓòÉΓòÉΓòÉΓòÉΓòÉΓòÉΓòÉΓòÉΓòÉΓòÉΓòÉΓòÉΓòÉΓòÉΓòÉΓòÉΓòÉΓòÉΓòÉΓòÉΓòÉΓòÉΓòÉΓòÉΓòÉΓòÉΓòÉΓòÉΓòÉΓòÉΓòÉΓòÉΓòÉΓòÉΓòÉΓòÉΓòÉΓòÉΓòÉΓòÉΓòÉ
The following message was thrown:
Multiple exceptions (10) were detected during the running of the current test, and at least one was
unexpected.
ΓòÉΓòÉΓòÉΓòÉΓòÉΓòÉΓòÉΓòÉΓòÉΓòÉΓòÉΓòÉΓòÉΓòÉΓòÉΓòÉΓòÉΓòÉΓòÉΓòÉΓòÉΓòÉΓòÉΓòÉΓòÉΓòÉΓòÉΓòÉΓòÉΓòÉΓòÉΓòÉΓòÉΓòÉΓòÉΓòÉΓòÉΓòÉΓòÉΓòÉΓòÉΓòÉΓòÉΓòÉΓòÉΓòÉΓòÉΓòÉΓòÉΓòÉΓòÉΓòÉΓòÉΓòÉΓòÉΓòÉΓòÉΓòÉΓòÉΓòÉΓòÉΓòÉΓòÉΓòÉΓòÉΓòÉΓòÉΓòÉΓòÉΓòÉΓòÉΓòÉΓòÉΓòÉΓòÉΓòÉΓòÉΓòÉΓòÉΓòÉΓòÉΓòÉΓòÉΓòÉΓòÉΓòÉΓòÉΓòÉΓòÉΓòÉΓòÉΓòÉΓòÉΓòÉΓòÉΓòÉΓòÉΓòÉΓòÉΓòÉ
01:38 +375 -16: D:/Development/digital_wardrobe_app/test/features/profile/profile_screen_test.dart: Edit Account opens the existing edit-name dialog [E]
  Test failed. See exception logs above.
  The test description was: Edit Account opens the existing edit-name dialog
  
01:38 +375 -16: D:/Development/digital_wardrobe_app/test/features/profile/profile_screen_test.dart: Edit Account save immediately updates the displayed account name
ΓòÉΓòÉΓòí EXCEPTION CAUGHT BY FLUTTER FRAMEWORK Γò₧ΓòÉΓòÉΓòÉΓòÉΓòÉΓòÉΓòÉΓòÉΓòÉΓòÉΓòÉΓòÉΓòÉΓòÉΓòÉΓòÉΓòÉΓòÉΓòÉΓòÉΓòÉΓòÉΓòÉΓòÉΓòÉΓòÉΓòÉΓòÉΓòÉΓòÉΓòÉΓòÉΓòÉΓòÉΓòÉΓòÉΓòÉΓòÉΓòÉΓòÉΓòÉΓòÉΓòÉΓòÉΓòÉΓòÉΓòÉΓòÉΓòÉΓòÉΓòÉΓòÉΓòÉΓòÉΓòÉΓòÉΓòÉ
The following assertion was thrown:
ListTile background color or ink splashes may be invisible.
The ListTile is wrapped in a DecoratedBox that has a background color. Because ListTile paints its
background and ink splashes on the nearest Material ancestor, this DecoratedBox will hide those
effects.
To fix this, wrap the ListTile in its own Material widget, or remove the background color from the
intermediate DecoratedBox.

ListTile: ListTile(onTap: Closure: () => void)
DecoratedBox:
  DecoratedBox(bg: BoxDecoration(color: Color(alpha: 1.0000, red: 0.9686, green: 0.9490, blue: 0.9804, colorSpace: ColorSpace.sRGB), borderRadius: BorderRadius.circular(20.0)))
ΓòÉΓòÉΓòÉΓòÉΓòÉΓòÉΓòÉΓòÉΓòÉΓòÉΓòÉΓòÉΓòÉΓòÉΓòÉΓòÉΓòÉΓòÉΓòÉΓòÉΓòÉΓòÉΓòÉΓòÉΓòÉΓòÉΓòÉΓòÉΓòÉΓòÉΓòÉΓòÉΓòÉΓòÉΓòÉΓòÉΓòÉΓòÉΓòÉΓòÉΓòÉΓòÉΓòÉΓòÉΓòÉΓòÉΓòÉΓòÉΓòÉΓòÉΓòÉΓòÉΓòÉΓòÉΓòÉΓòÉΓòÉΓòÉΓòÉΓòÉΓòÉΓòÉΓòÉΓòÉΓòÉΓòÉΓòÉΓòÉΓòÉΓòÉΓòÉΓòÉΓòÉΓòÉΓòÉΓòÉΓòÉΓòÉΓòÉΓòÉΓòÉΓòÉΓòÉΓòÉΓòÉΓòÉΓòÉΓòÉΓòÉΓòÉΓòÉΓòÉΓòÉΓòÉΓòÉΓòÉΓòÉΓòÉΓòÉΓòÉ
ΓòÉΓòÉΓòí EXCEPTION CAUGHT BY FLUTTER FRAMEWORK Γò₧ΓòÉΓòÉΓòÉΓòÉΓòÉΓòÉΓòÉΓòÉΓòÉΓòÉΓòÉΓòÉΓòÉΓòÉΓòÉΓòÉΓòÉΓòÉΓòÉΓòÉΓòÉΓòÉΓòÉΓòÉΓòÉΓòÉΓòÉΓòÉΓòÉΓòÉΓòÉΓòÉΓòÉΓòÉΓòÉΓòÉΓòÉΓòÉΓòÉΓòÉΓòÉΓòÉΓòÉΓòÉΓòÉΓòÉΓòÉΓòÉΓòÉΓòÉΓòÉΓòÉΓòÉΓòÉΓòÉΓòÉΓòÉ
The following assertion was thrown:
ListTile background color or ink splashes may be invisible.
The ListTile is wrapped in a DecoratedBox that has a background color. Because ListTile paints its
background and ink splashes on the nearest Material ancestor, this DecoratedBox will hide those
effects.
To fix this, wrap the ListTile in its own Material widget, or remove the background color from the
intermediate DecoratedBox.

ListTile: ListTile(onTap: Closure: () => void)
DecoratedBox:
  DecoratedBox(bg: BoxDecoration(color: Color(alpha: 1.0000, red: 0.9686, green: 0.9490, blue: 0.9804, colorSpace: ColorSpace.sRGB), borderRadius: BorderRadius.circular(20.0)))
ΓòÉΓòÉΓòÉΓòÉΓòÉΓòÉΓòÉΓòÉΓòÉΓòÉΓòÉΓòÉΓòÉΓòÉΓòÉΓòÉΓòÉΓòÉΓòÉΓòÉΓòÉΓòÉΓòÉΓòÉΓòÉΓòÉΓòÉΓòÉΓòÉΓòÉΓòÉΓòÉΓòÉΓòÉΓòÉΓòÉΓòÉΓòÉΓòÉΓòÉΓòÉΓòÉΓòÉΓòÉΓòÉΓòÉΓòÉΓòÉΓòÉΓòÉΓòÉΓòÉΓòÉΓòÉΓòÉΓòÉΓòÉΓòÉΓòÉΓòÉΓòÉΓòÉΓòÉΓòÉΓòÉΓòÉΓòÉΓòÉΓòÉΓòÉΓòÉΓòÉΓòÉΓòÉΓòÉΓòÉΓòÉΓòÉΓòÉΓòÉΓòÉΓòÉΓòÉΓòÉΓòÉΓòÉΓòÉΓòÉΓòÉΓòÉΓòÉΓòÉΓòÉΓòÉΓòÉΓòÉΓòÉΓòÉΓòÉΓòÉ
ΓòÉΓòÉΓòí EXCEPTION CAUGHT BY FLUTTER FRAMEWORK Γò₧ΓòÉΓòÉΓòÉΓòÉΓòÉΓòÉΓòÉΓòÉΓòÉΓòÉΓòÉΓòÉΓòÉΓòÉΓòÉΓòÉΓòÉΓòÉΓòÉΓòÉΓòÉΓòÉΓòÉΓòÉΓòÉΓòÉΓòÉΓòÉΓòÉΓòÉΓòÉΓòÉΓòÉΓòÉΓòÉΓòÉΓòÉΓòÉΓòÉΓòÉΓòÉΓòÉΓòÉΓòÉΓòÉΓòÉΓòÉΓòÉΓòÉΓòÉΓòÉΓòÉΓòÉΓòÉΓòÉΓòÉΓòÉ
The following assertion was thrown:
ListTile background color or ink splashes may be invisible.
The ListTile is wrapped in a DecoratedBox that has a background color. Because ListTile paints its
background and ink splashes on the nearest Material ancestor, this DecoratedBox will hide those
effects.
To fix this, wrap the ListTile in its own Material widget, or remove the background color from the
intermediate DecoratedBox.

ListTile: ListTile(onTap: Closure: () => void)
DecoratedBox:
  DecoratedBox(bg: BoxDecoration(color: Color(alpha: 1.0000, red: 0.9686, green: 0.9490, blue: 0.9804, colorSpace: ColorSpace.sRGB), borderRadius: BorderRadius.circular(20.0)))
ΓòÉΓòÉΓòÉΓòÉΓòÉΓòÉΓòÉΓòÉΓòÉΓòÉΓòÉΓòÉΓòÉΓòÉΓòÉΓòÉΓòÉΓòÉΓòÉΓòÉΓòÉΓòÉΓòÉΓòÉΓòÉΓòÉΓòÉΓòÉΓòÉΓòÉΓòÉΓòÉΓòÉΓòÉΓòÉΓòÉΓòÉΓòÉΓòÉΓòÉΓòÉΓòÉΓòÉΓòÉΓòÉΓòÉΓòÉΓòÉΓòÉΓòÉΓòÉΓòÉΓòÉΓòÉΓòÉΓòÉΓòÉΓòÉΓòÉΓòÉΓòÉΓòÉΓòÉΓòÉΓòÉΓòÉΓòÉΓòÉΓòÉΓòÉΓòÉΓòÉΓòÉΓòÉΓòÉΓòÉΓòÉΓòÉΓòÉΓòÉΓòÉΓòÉΓòÉΓòÉΓòÉΓòÉΓòÉΓòÉΓòÉΓòÉΓòÉΓòÉΓòÉΓòÉΓòÉΓòÉΓòÉΓòÉΓòÉΓòÉ
ΓòÉΓòÉΓòí EXCEPTION CAUGHT BY FLUTTER FRAMEWORK Γò₧ΓòÉΓòÉΓòÉΓòÉΓòÉΓòÉΓòÉΓòÉΓòÉΓòÉΓòÉΓòÉΓòÉΓòÉΓòÉΓòÉΓòÉΓòÉΓòÉΓòÉΓòÉΓòÉΓòÉΓòÉΓòÉΓòÉΓòÉΓòÉΓòÉΓòÉΓòÉΓòÉΓòÉΓòÉΓòÉΓòÉΓòÉΓòÉΓòÉΓòÉΓòÉΓòÉΓòÉΓòÉΓòÉΓòÉΓòÉΓòÉΓòÉΓòÉΓòÉΓòÉΓòÉΓòÉΓòÉΓòÉΓòÉ
The following assertion was thrown:
ListTile background color or ink splashes may be invisible.
The ListTile is wrapped in a DecoratedBox that has a background color. Because ListTile paints its
background and ink splashes on the nearest Material ancestor, this DecoratedBox will hide those
effects.
To fix this, wrap the ListTile in its own Material widget, or remove the background color from the
intermediate DecoratedBox.

ListTile: ListTile(onTap: Closure: () => void)
DecoratedBox:
  DecoratedBox(bg: BoxDecoration(color: Color(alpha: 1.0000, red: 0.9686, green: 0.9490, blue: 0.9804, colorSpace: ColorSpace.sRGB), borderRadius: BorderRadius.circular(20.0)))
ΓòÉΓòÉΓòÉΓòÉΓòÉΓòÉΓòÉΓòÉΓòÉΓòÉΓòÉΓòÉΓòÉΓòÉΓòÉΓòÉΓòÉΓòÉΓòÉΓòÉΓòÉΓòÉΓòÉΓòÉΓòÉΓòÉΓòÉΓòÉΓòÉΓòÉΓòÉΓòÉΓòÉΓòÉΓòÉΓòÉΓòÉΓòÉΓòÉΓòÉΓòÉΓòÉΓòÉΓòÉΓòÉΓòÉΓòÉΓòÉΓòÉΓòÉΓòÉΓòÉΓòÉΓòÉΓòÉΓòÉΓòÉΓòÉΓòÉΓòÉΓòÉΓòÉΓòÉΓòÉΓòÉΓòÉΓòÉΓòÉΓòÉΓòÉΓòÉΓòÉΓòÉΓòÉΓòÉΓòÉΓòÉΓòÉΓòÉΓòÉΓòÉΓòÉΓòÉΓòÉΓòÉΓòÉΓòÉΓòÉΓòÉΓòÉΓòÉΓòÉΓòÉΓòÉΓòÉΓòÉΓòÉΓòÉΓòÉΓòÉ
ΓòÉΓòÉΓòí EXCEPTION CAUGHT BY FLUTTER FRAMEWORK Γò₧ΓòÉΓòÉΓòÉΓòÉΓòÉΓòÉΓòÉΓòÉΓòÉΓòÉΓòÉΓòÉΓòÉΓòÉΓòÉΓòÉΓòÉΓòÉΓòÉΓòÉΓòÉΓòÉΓòÉΓòÉΓòÉΓòÉΓòÉΓòÉΓòÉΓòÉΓòÉΓòÉΓòÉΓòÉΓòÉΓòÉΓòÉΓòÉΓòÉΓòÉΓòÉΓòÉΓòÉΓòÉΓòÉΓòÉΓòÉΓòÉΓòÉΓòÉΓòÉΓòÉΓòÉΓòÉΓòÉΓòÉΓòÉ
The following assertion was thrown:
ListTile background color or ink splashes may be invisible.
The ListTile is wrapped in a DecoratedBox that has a background color. Because ListTile paints its
background and ink splashes on the nearest Material ancestor, this DecoratedBox will hide those
effects.
To fix this, wrap the ListTile in its own Material widget, or remove the background color from the
intermediate DecoratedBox.

ListTile: ListTile(onTap: Closure: () => void)
DecoratedBox:
  DecoratedBox(bg: BoxDecoration(color: Color(alpha: 1.0000, red: 0.9686, green: 0.9490, blue: 0.9804, colorSpace: ColorSpace.sRGB), borderRadius: BorderRadius.circular(20.0)))
ΓòÉΓòÉΓòÉΓòÉΓòÉΓòÉΓòÉΓòÉΓòÉΓòÉΓòÉΓòÉΓòÉΓòÉΓòÉΓòÉΓòÉΓòÉΓòÉΓòÉΓòÉΓòÉΓòÉΓòÉΓòÉΓòÉΓòÉΓòÉΓòÉΓòÉΓòÉΓòÉΓòÉΓòÉΓòÉΓòÉΓòÉΓòÉΓòÉΓòÉΓòÉΓòÉΓòÉΓòÉΓòÉΓòÉΓòÉΓòÉΓòÉΓòÉΓòÉΓòÉΓòÉΓòÉΓòÉΓòÉΓòÉΓòÉΓòÉΓòÉΓòÉΓòÉΓòÉΓòÉΓòÉΓòÉΓòÉΓòÉΓòÉΓòÉΓòÉΓòÉΓòÉΓòÉΓòÉΓòÉΓòÉΓòÉΓòÉΓòÉΓòÉΓòÉΓòÉΓòÉΓòÉΓòÉΓòÉΓòÉΓòÉΓòÉΓòÉΓòÉΓòÉΓòÉΓòÉΓòÉΓòÉΓòÉΓòÉΓòÉ
ΓòÉΓòÉΓòí EXCEPTION CAUGHT BY FLUTTER FRAMEWORK Γò₧ΓòÉΓòÉΓòÉΓòÉΓòÉΓòÉΓòÉΓòÉΓòÉΓòÉΓòÉΓòÉΓòÉΓòÉΓòÉΓòÉΓòÉΓòÉΓòÉΓòÉΓòÉΓòÉΓòÉΓòÉΓòÉΓòÉΓòÉΓòÉΓòÉΓòÉΓòÉΓòÉΓòÉΓòÉΓòÉΓòÉΓòÉΓòÉΓòÉΓòÉΓòÉΓòÉΓòÉΓòÉΓòÉΓòÉΓòÉΓòÉΓòÉΓòÉΓòÉΓòÉΓòÉΓòÉΓòÉΓòÉΓòÉ
The following assertion was thrown:
ListTile background color or ink splashes may be invisible.
The ListTile is wrapped in a DecoratedBox that has a background color. Because ListTile paints its
background and ink splashes on the nearest Material ancestor, this DecoratedBox will hide those
effects.
To fix this, wrap the ListTile in its own Material widget, or remove the background color from the
intermediate DecoratedBox.

ListTile: ListTile(onTap: Closure: () => void)
DecoratedBox:
  DecoratedBox(bg: BoxDecoration(color: Color(alpha: 1.0000, red: 0.9686, green: 0.9490, blue: 0.9804, colorSpace: ColorSpace.sRGB), borderRadius: BorderRadius.circular(20.0)))
ΓòÉΓòÉΓòÉΓòÉΓòÉΓòÉΓòÉΓòÉΓòÉΓòÉΓòÉΓòÉΓòÉΓòÉΓòÉΓòÉΓòÉΓòÉΓòÉΓòÉΓòÉΓòÉΓòÉΓòÉΓòÉΓòÉΓòÉΓòÉΓòÉΓòÉΓòÉΓòÉΓòÉΓòÉΓòÉΓòÉΓòÉΓòÉΓòÉΓòÉΓòÉΓòÉΓòÉΓòÉΓòÉΓòÉΓòÉΓòÉΓòÉΓòÉΓòÉΓòÉΓòÉΓòÉΓòÉΓòÉΓòÉΓòÉΓòÉΓòÉΓòÉΓòÉΓòÉΓòÉΓòÉΓòÉΓòÉΓòÉΓòÉΓòÉΓòÉΓòÉΓòÉΓòÉΓòÉΓòÉΓòÉΓòÉΓòÉΓòÉΓòÉΓòÉΓòÉΓòÉΓòÉΓòÉΓòÉΓòÉΓòÉΓòÉΓòÉΓòÉΓòÉΓòÉΓòÉΓòÉΓòÉΓòÉΓòÉΓòÉ
ΓòÉΓòÉΓòí EXCEPTION CAUGHT BY FLUTTER FRAMEWORK Γò₧ΓòÉΓòÉΓòÉΓòÉΓòÉΓòÉΓòÉΓòÉΓòÉΓòÉΓòÉΓòÉΓòÉΓòÉΓòÉΓòÉΓòÉΓòÉΓòÉΓòÉΓòÉΓòÉΓòÉΓòÉΓòÉΓòÉΓòÉΓòÉΓòÉΓòÉΓòÉΓòÉΓòÉΓòÉΓòÉΓòÉΓòÉΓòÉΓòÉΓòÉΓòÉΓòÉΓòÉΓòÉΓòÉΓòÉΓòÉΓòÉΓòÉΓòÉΓòÉΓòÉΓòÉΓòÉΓòÉΓòÉΓòÉ
The following assertion was thrown:
ListTile background color or ink splashes may be invisible.
The ListTile is wrapped in a DecoratedBox that has a background color. Because ListTile paints its
background and ink splashes on the nearest Material ancestor, this DecoratedBox will hide those
effects.
To fix this, wrap the ListTile in its own Material widget, or remove the background color from the
intermediate DecoratedBox.

ListTile:
  ListTile(selectedColor: Color(alpha: 1.0000, red: 0.3843, green: 0.3569, blue: 0.4431, colorSpace: ColorSpace.sRGB), onTap: Closure: () => void)
DecoratedBox:
  DecoratedBox(bg: BoxDecoration(color: Color(alpha: 1.0000, red: 0.9686, green: 0.9490, blue: 0.9804, colorSpace: ColorSpace.sRGB), borderRadius: BorderRadius.circular(20.0)))
ΓòÉΓòÉΓòÉΓòÉΓòÉΓòÉΓòÉΓòÉΓòÉΓòÉΓòÉΓòÉΓòÉΓòÉΓòÉΓòÉΓòÉΓòÉΓòÉΓòÉΓòÉΓòÉΓòÉΓòÉΓòÉΓòÉΓòÉΓòÉΓòÉΓòÉΓòÉΓòÉΓòÉΓòÉΓòÉΓòÉΓòÉΓòÉΓòÉΓòÉΓòÉΓòÉΓòÉΓòÉΓòÉΓòÉΓòÉΓòÉΓòÉΓòÉΓòÉΓòÉΓòÉΓòÉΓòÉΓòÉΓòÉΓòÉΓòÉΓòÉΓòÉΓòÉΓòÉΓòÉΓòÉΓòÉΓòÉΓòÉΓòÉΓòÉΓòÉΓòÉΓòÉΓòÉΓòÉΓòÉΓòÉΓòÉΓòÉΓòÉΓòÉΓòÉΓòÉΓòÉΓòÉΓòÉΓòÉΓòÉΓòÉΓòÉΓòÉΓòÉΓòÉΓòÉΓòÉΓòÉΓòÉΓòÉΓòÉΓòÉ
ΓòÉΓòÉΓòí EXCEPTION CAUGHT BY FLUTTER FRAMEWORK Γò₧ΓòÉΓòÉΓòÉΓòÉΓòÉΓòÉΓòÉΓòÉΓòÉΓòÉΓòÉΓòÉΓòÉΓòÉΓòÉΓòÉΓòÉΓòÉΓòÉΓòÉΓòÉΓòÉΓòÉΓòÉΓòÉΓòÉΓòÉΓòÉΓòÉΓòÉΓòÉΓòÉΓòÉΓòÉΓòÉΓòÉΓòÉΓòÉΓòÉΓòÉΓòÉΓòÉΓòÉΓòÉΓòÉΓòÉΓòÉΓòÉΓòÉΓòÉΓòÉΓòÉΓòÉΓòÉΓòÉΓòÉΓòÉ
The following assertion was thrown:
ListTile background color or ink splashes may be invisible.
The ListTile is wrapped in a DecoratedBox that has a background color. Because ListTile paints its
background and ink splashes on the nearest Material ancestor, this DecoratedBox will hide those
effects.
To fix this, wrap the ListTile in its own Material widget, or remove the background color from the
intermediate DecoratedBox.

ListTile: ListTile(onTap: Closure: () => void)
DecoratedBox:
  DecoratedBox(bg: BoxDecoration(color: Color(alpha: 1.0000, red: 0.9686, green: 0.9490, blue: 0.9804, colorSpace: ColorSpace.sRGB), borderRadius: BorderRadius.circular(20.0)))
ΓòÉΓòÉΓòÉΓòÉΓòÉΓòÉΓòÉΓòÉΓòÉΓòÉΓòÉΓòÉΓòÉΓòÉΓòÉΓòÉΓòÉΓòÉΓòÉΓòÉΓòÉΓòÉΓòÉΓòÉΓòÉΓòÉΓòÉΓòÉΓòÉΓòÉΓòÉΓòÉΓòÉΓòÉΓòÉΓòÉΓòÉΓòÉΓòÉΓòÉΓòÉΓòÉΓòÉΓòÉΓòÉΓòÉΓòÉΓòÉΓòÉΓòÉΓòÉΓòÉΓòÉΓòÉΓòÉΓòÉΓòÉΓòÉΓòÉΓòÉΓòÉΓòÉΓòÉΓòÉΓòÉΓòÉΓòÉΓòÉΓòÉΓòÉΓòÉΓòÉΓòÉΓòÉΓòÉΓòÉΓòÉΓòÉΓòÉΓòÉΓòÉΓòÉΓòÉΓòÉΓòÉΓòÉΓòÉΓòÉΓòÉΓòÉΓòÉΓòÉΓòÉΓòÉΓòÉΓòÉΓòÉΓòÉΓòÉΓòÉ
ΓòÉΓòÉΓòí EXCEPTION CAUGHT BY FLUTTER FRAMEWORK Γò₧ΓòÉΓòÉΓòÉΓòÉΓòÉΓòÉΓòÉΓòÉΓòÉΓòÉΓòÉΓòÉΓòÉΓòÉΓòÉΓòÉΓòÉΓòÉΓòÉΓòÉΓòÉΓòÉΓòÉΓòÉΓòÉΓòÉΓòÉΓòÉΓòÉΓòÉΓòÉΓòÉΓòÉΓòÉΓòÉΓòÉΓòÉΓòÉΓòÉΓòÉΓòÉΓòÉΓòÉΓòÉΓòÉΓòÉΓòÉΓòÉΓòÉΓòÉΓòÉΓòÉΓòÉΓòÉΓòÉΓòÉΓòÉ
The following assertion was thrown:
ListTile background color or ink splashes may be invisible.
The ListTile is wrapped in a DecoratedBox that has a background color. Because ListTile paints its
background and ink splashes on the nearest Material ancestor, this DecoratedBox will hide those
effects.
To fix this, wrap the ListTile in its own Material widget, or remove the background color from the
intermediate DecoratedBox.

ListTile: ListTile(onTap: Closure: () => void)
DecoratedBox:
  DecoratedBox(bg: BoxDecoration(color: Color(alpha: 1.0000, red: 0.9686, green: 0.9490, blue: 0.9804, colorSpace: ColorSpace.sRGB), borderRadius: BorderRadius.circular(20.0)))
ΓòÉΓòÉΓòÉΓòÉΓòÉΓòÉΓòÉΓòÉΓòÉΓòÉΓòÉΓòÉΓòÉΓòÉΓòÉΓòÉΓòÉΓòÉΓòÉΓòÉΓòÉΓòÉΓòÉΓòÉΓòÉΓòÉΓòÉΓòÉΓòÉΓòÉΓòÉΓòÉΓòÉΓòÉΓòÉΓòÉΓòÉΓòÉΓòÉΓòÉΓòÉΓòÉΓòÉΓòÉΓòÉΓòÉΓòÉΓòÉΓòÉΓòÉΓòÉΓòÉΓòÉΓòÉΓòÉΓòÉΓòÉΓòÉΓòÉΓòÉΓòÉΓòÉΓòÉΓòÉΓòÉΓòÉΓòÉΓòÉΓòÉΓòÉΓòÉΓòÉΓòÉΓòÉΓòÉΓòÉΓòÉΓòÉΓòÉΓòÉΓòÉΓòÉΓòÉΓòÉΓòÉΓòÉΓòÉΓòÉΓòÉΓòÉΓòÉΓòÉΓòÉΓòÉΓòÉΓòÉΓòÉΓòÉΓòÉΓòÉ
ΓòÉΓòÉΓòí EXCEPTION CAUGHT BY FLUTTER TEST FRAMEWORK Γò₧ΓòÉΓòÉΓòÉΓòÉΓòÉΓòÉΓòÉΓòÉΓòÉΓòÉΓòÉΓòÉΓòÉΓòÉΓòÉΓòÉΓòÉΓòÉΓòÉΓòÉΓòÉΓòÉΓòÉΓòÉΓòÉΓòÉΓòÉΓòÉΓòÉΓòÉΓòÉΓòÉΓòÉΓòÉΓòÉΓòÉΓòÉΓòÉΓòÉΓòÉΓòÉΓòÉΓòÉΓòÉΓòÉΓòÉΓòÉΓòÉΓòÉΓòÉΓòÉΓòÉ
The following assertion was thrown running a test:
The finder "Found 0 widgets with text "Edit Account": []" (used in a call to "tap()") could not find
any matching widgets.

When the exception was thrown, this was the stack:
#0      WidgetController._getElementPoint (package:flutter_test/src/controller.dart:2095:7)
#1      WidgetController.getCenter (package:flutter_test/src/controller.dart:1947:12)
#2      WidgetController.tap (package:flutter_test/src/controller.dart:1080:7)
#3      main.<anonymous closure> (file:///D:/Development/digital_wardrobe_app/test/features/profile/profile_screen_test.dart:244:20)
<asynchronous suspension>
#4      testWidgets.<anonymous closure>.<anonymous closure> (package:flutter_test/src/widget_tester.dart:192:15)
<asynchronous suspension>
#5      TestWidgetsFlutterBinding._runTestBody (package:flutter_test/src/binding.dart:1952:5)
<asynchronous suspension>
<asynchronous suspension>
(elided one frame from package:stack_trace)

The test description was:
  Edit Account save immediately updates the displayed account name
ΓòÉΓòÉΓòÉΓòÉΓòÉΓòÉΓòÉΓòÉΓòÉΓòÉΓòÉΓòÉΓòÉΓòÉΓòÉΓòÉΓòÉΓòÉΓòÉΓòÉΓòÉΓòÉΓòÉΓòÉΓòÉΓòÉΓòÉΓòÉΓòÉΓòÉΓòÉΓòÉΓòÉΓòÉΓòÉΓòÉΓòÉΓòÉΓòÉΓòÉΓòÉΓòÉΓòÉΓòÉΓòÉΓòÉΓòÉΓòÉΓòÉΓòÉΓòÉΓòÉΓòÉΓòÉΓòÉΓòÉΓòÉΓòÉΓòÉΓòÉΓòÉΓòÉΓòÉΓòÉΓòÉΓòÉΓòÉΓòÉΓòÉΓòÉΓòÉΓòÉΓòÉΓòÉΓòÉΓòÉΓòÉΓòÉΓòÉΓòÉΓòÉΓòÉΓòÉΓòÉΓòÉΓòÉΓòÉΓòÉΓòÉΓòÉΓòÉΓòÉΓòÉΓòÉΓòÉΓòÉΓòÉΓòÉΓòÉΓòÉ
ΓòÉΓòÉΓòí EXCEPTION CAUGHT BY FLUTTER TEST FRAMEWORK Γò₧ΓòÉΓòÉΓòÉΓòÉΓòÉΓòÉΓòÉΓòÉΓòÉΓòÉΓòÉΓòÉΓòÉΓòÉΓòÉΓòÉΓòÉΓòÉΓòÉΓòÉΓòÉΓòÉΓòÉΓòÉΓòÉΓòÉΓòÉΓòÉΓòÉΓòÉΓòÉΓòÉΓòÉΓòÉΓòÉΓòÉΓòÉΓòÉΓòÉΓòÉΓòÉΓòÉΓòÉΓòÉΓòÉΓòÉΓòÉΓòÉΓòÉΓòÉΓòÉΓòÉ
The following message was thrown:
Multiple exceptions (10) were detected during the running of the current test, and at least one was
unexpected.
ΓòÉΓòÉΓòÉΓòÉΓòÉΓòÉΓòÉΓòÉΓòÉΓòÉΓòÉΓòÉΓòÉΓòÉΓòÉΓòÉΓòÉΓòÉΓòÉΓòÉΓòÉΓòÉΓòÉΓòÉΓòÉΓòÉΓòÉΓòÉΓòÉΓòÉΓòÉΓòÉΓòÉΓòÉΓòÉΓòÉΓòÉΓòÉΓòÉΓòÉΓòÉΓòÉΓòÉΓòÉΓòÉΓòÉΓòÉΓòÉΓòÉΓòÉΓòÉΓòÉΓòÉΓòÉΓòÉΓòÉΓòÉΓòÉΓòÉΓòÉΓòÉΓòÉΓòÉΓòÉΓòÉΓòÉΓòÉΓòÉΓòÉΓòÉΓòÉΓòÉΓòÉΓòÉΓòÉΓòÉΓòÉΓòÉΓòÉΓòÉΓòÉΓòÉΓòÉΓòÉΓòÉΓòÉΓòÉΓòÉΓòÉΓòÉΓòÉΓòÉΓòÉΓòÉΓòÉΓòÉΓòÉΓòÉΓòÉΓòÉ
01:39 +375 -17: D:/Development/digital_wardrobe_app/test/features/shell/app_shell_screen_test.dart: (setUpAll)
01:39 +375 -17: D:/Development/digital_wardrobe_app/test/features/profile/profile_screen_test.dart: Edit Account save immediately updates the displayed account name [E]
  Test failed. See exception logs above.
  The test description was: Edit Account save immediately updates the displayed account name
  
01:39 +375 -17: D:/Development/digital_wardrobe_app/test/features/profile/profile_screen_test.dart: Dark Mode toggle updates the theme mode state
ΓòÉΓòÉΓòí EXCEPTION CAUGHT BY FLUTTER FRAMEWORK Γò₧ΓòÉΓòÉΓòÉΓòÉΓòÉΓòÉΓòÉΓòÉΓòÉΓòÉΓòÉΓòÉΓòÉΓòÉΓòÉΓòÉΓòÉΓòÉΓòÉΓòÉΓòÉΓòÉΓòÉΓòÉΓòÉΓòÉΓòÉΓòÉΓòÉΓòÉΓòÉΓòÉΓòÉΓòÉΓòÉΓòÉΓòÉΓòÉΓòÉΓòÉΓòÉΓòÉΓòÉΓòÉΓòÉΓòÉΓòÉΓòÉΓòÉΓòÉΓòÉΓòÉΓòÉΓòÉΓòÉΓòÉΓòÉ
The following assertion was thrown:
ListTile background color or ink splashes may be invisible.
The ListTile is wrapped in a DecoratedBox that has a background color. Because ListTile paints its
background and ink splashes on the nearest Material ancestor, this DecoratedBox will hide those
effects.
To fix this, wrap the ListTile in its own Material widget, or remove the background color from the
intermediate DecoratedBox.

ListTile: ListTile(onTap: Closure: () => void)
DecoratedBox:
  DecoratedBox(bg: BoxDecoration(color: Color(alpha: 1.0000, red: 0.9686, green: 0.9490, blue: 0.9804, colorSpace: ColorSpace.sRGB), borderRadius: BorderRadius.circular(20.0)))
ΓòÉΓòÉΓòÉΓòÉΓòÉΓòÉΓòÉΓòÉΓòÉΓòÉΓòÉΓòÉΓòÉΓòÉΓòÉΓòÉΓòÉΓòÉΓòÉΓòÉΓòÉΓòÉΓòÉΓòÉΓòÉΓòÉΓòÉΓòÉΓòÉΓòÉΓòÉΓòÉΓòÉΓòÉΓòÉΓòÉΓòÉΓòÉΓòÉΓòÉΓòÉΓòÉΓòÉΓòÉΓòÉΓòÉΓòÉΓòÉΓòÉΓòÉΓòÉΓòÉΓòÉΓòÉΓòÉΓòÉΓòÉΓòÉΓòÉΓòÉΓòÉΓòÉΓòÉΓòÉΓòÉΓòÉΓòÉΓòÉΓòÉΓòÉΓòÉΓòÉΓòÉΓòÉΓòÉΓòÉΓòÉΓòÉΓòÉΓòÉΓòÉΓòÉΓòÉΓòÉΓòÉΓòÉΓòÉΓòÉΓòÉΓòÉΓòÉΓòÉΓòÉΓòÉΓòÉΓòÉΓòÉΓòÉΓòÉΓòÉ
ΓòÉΓòÉΓòí EXCEPTION CAUGHT BY FLUTTER FRAMEWORK Γò₧ΓòÉΓòÉΓòÉΓòÉΓòÉΓòÉΓòÉΓòÉΓòÉΓòÉΓòÉΓòÉΓòÉΓòÉΓòÉΓòÉΓòÉΓòÉΓòÉΓòÉΓòÉΓòÉΓòÉΓòÉΓòÉΓòÉΓòÉΓòÉΓòÉΓòÉΓòÉΓòÉΓòÉΓòÉΓòÉΓòÉΓòÉΓòÉΓòÉΓòÉΓòÉΓòÉΓòÉΓòÉΓòÉΓòÉΓòÉΓòÉΓòÉΓòÉΓòÉΓòÉΓòÉΓòÉΓòÉΓòÉΓòÉ
The following assertion was thrown:
ListTile background color or ink splashes may be invisible.
The ListTile is wrapped in a DecoratedBox that has a background color. Because ListTile paints its
background and ink splashes on the nearest Material ancestor, this DecoratedBox will hide those
effects.
To fix this, wrap the ListTile in its own Material widget, or remove the background color from the
intermediate DecoratedBox.

ListTile: ListTile(onTap: Closure: () => void)
DecoratedBox:
  DecoratedBox(bg: BoxDecoration(color: Color(alpha: 1.0000, red: 0.9686, green: 0.9490, blue: 0.9804, colorSpace: ColorSpace.sRGB), borderRadius: BorderRadius.circular(20.0)))
ΓòÉΓòÉΓòÉΓòÉΓòÉΓòÉΓòÉΓòÉΓòÉΓòÉΓòÉΓòÉΓòÉΓòÉΓòÉΓòÉΓòÉΓòÉΓòÉΓòÉΓòÉΓòÉΓòÉΓòÉΓòÉΓòÉΓòÉΓòÉΓòÉΓòÉΓòÉΓòÉΓòÉΓòÉΓòÉΓòÉΓòÉΓòÉΓòÉΓòÉΓòÉΓòÉΓòÉΓòÉΓòÉΓòÉΓòÉΓòÉΓòÉΓòÉΓòÉΓòÉΓòÉΓòÉΓòÉΓòÉΓòÉΓòÉΓòÉΓòÉΓòÉΓòÉΓòÉΓòÉΓòÉΓòÉΓòÉΓòÉΓòÉΓòÉΓòÉΓòÉΓòÉΓòÉΓòÉΓòÉΓòÉΓòÉΓòÉΓòÉΓòÉΓòÉΓòÉΓòÉΓòÉΓòÉΓòÉΓòÉΓòÉΓòÉΓòÉΓòÉΓòÉΓòÉΓòÉΓòÉΓòÉΓòÉΓòÉΓòÉ
ΓòÉΓòÉΓòí EXCEPTION CAUGHT BY FLUTTER FRAMEWORK Γò₧ΓòÉΓòÉΓòÉΓòÉΓòÉΓòÉΓòÉΓòÉΓòÉΓòÉΓòÉΓòÉΓòÉΓòÉΓòÉΓòÉΓòÉΓòÉΓòÉΓòÉΓòÉΓòÉΓòÉΓòÉΓòÉΓòÉΓòÉΓòÉΓòÉΓòÉΓòÉΓòÉΓòÉΓòÉΓòÉΓòÉΓòÉΓòÉΓòÉΓòÉΓòÉΓòÉΓòÉΓòÉΓòÉΓòÉΓòÉΓòÉΓòÉΓòÉΓòÉΓòÉΓòÉΓòÉΓòÉΓòÉΓòÉ
The following assertion was thrown:
ListTile background color or ink splashes may be invisible.
The ListTile is wrapped in a DecoratedBox that has a background color. Because ListTile paints its
background and ink splashes on the nearest Material ancestor, this DecoratedBox will hide those
effects.
To fix this, wrap the ListTile in its own Material widget, or remove the background color from the
intermediate DecoratedBox.

ListTile: ListTile(onTap: Closure: () => void)
DecoratedBox:
  DecoratedBox(bg: BoxDecoration(color: Color(alpha: 1.0000, red: 0.9686, green: 0.9490, blue: 0.9804, colorSpace: ColorSpace.sRGB), borderRadius: BorderRadius.circular(20.0)))
ΓòÉΓòÉΓòÉΓòÉΓòÉΓòÉΓòÉΓòÉΓòÉΓòÉΓòÉΓòÉΓòÉΓòÉΓòÉΓòÉΓòÉΓòÉΓòÉΓòÉΓòÉΓòÉΓòÉΓòÉΓòÉΓòÉΓòÉΓòÉΓòÉΓòÉΓòÉΓòÉΓòÉΓòÉΓòÉΓòÉΓòÉΓòÉΓòÉΓòÉΓòÉΓòÉΓòÉΓòÉΓòÉΓòÉΓòÉΓòÉΓòÉΓòÉΓòÉΓòÉΓòÉΓòÉΓòÉΓòÉΓòÉΓòÉΓòÉΓòÉΓòÉΓòÉΓòÉΓòÉΓòÉΓòÉΓòÉΓòÉΓòÉΓòÉΓòÉΓòÉΓòÉΓòÉΓòÉΓòÉΓòÉΓòÉΓòÉΓòÉΓòÉΓòÉΓòÉΓòÉΓòÉΓòÉΓòÉΓòÉΓòÉΓòÉΓòÉΓòÉΓòÉΓòÉΓòÉΓòÉΓòÉΓòÉΓòÉΓòÉ
ΓòÉΓòÉΓòí EXCEPTION CAUGHT BY FLUTTER FRAMEWORK Γò₧ΓòÉΓòÉΓòÉΓòÉΓòÉΓòÉΓòÉΓòÉΓòÉΓòÉΓòÉΓòÉΓòÉΓòÉΓòÉΓòÉΓòÉΓòÉΓòÉΓòÉΓòÉΓòÉΓòÉΓòÉΓòÉΓòÉΓòÉΓòÉΓòÉΓòÉΓòÉΓòÉΓòÉΓòÉΓòÉΓòÉΓòÉΓòÉΓòÉΓòÉΓòÉΓòÉΓòÉΓòÉΓòÉΓòÉΓòÉΓòÉΓòÉΓòÉΓòÉΓòÉΓòÉΓòÉΓòÉΓòÉΓòÉ
The following assertion was thrown:
ListTile background color or ink splashes may be invisible.
The ListTile is wrapped in a DecoratedBox that has a background color. Because ListTile paints its
background and ink splashes on the nearest Material ancestor, this DecoratedBox will hide those
effects.
To fix this, wrap the ListTile in its own Material widget, or remove the background color from the
intermediate DecoratedBox.

ListTile: ListTile(onTap: Closure: () => void)
DecoratedBox:
  DecoratedBox(bg: BoxDecoration(color: Color(alpha: 1.0000, red: 0.9686, green: 0.9490, blue: 0.9804, colorSpace: ColorSpace.sRGB), borderRadius: BorderRadius.circular(20.0)))
ΓòÉΓòÉΓòÉΓòÉΓòÉΓòÉΓòÉΓòÉΓòÉΓòÉΓòÉΓòÉΓòÉΓòÉΓòÉΓòÉΓòÉΓòÉΓòÉΓòÉΓòÉΓòÉΓòÉΓòÉΓòÉΓòÉΓòÉΓòÉΓòÉΓòÉΓòÉΓòÉΓòÉΓòÉΓòÉΓòÉΓòÉΓòÉΓòÉΓòÉΓòÉΓòÉΓòÉΓòÉΓòÉΓòÉΓòÉΓòÉΓòÉΓòÉΓòÉΓòÉΓòÉΓòÉΓòÉΓòÉΓòÉΓòÉΓòÉΓòÉΓòÉΓòÉΓòÉΓòÉΓòÉΓòÉΓòÉΓòÉΓòÉΓòÉΓòÉΓòÉΓòÉΓòÉΓòÉΓòÉΓòÉΓòÉΓòÉΓòÉΓòÉΓòÉΓòÉΓòÉΓòÉΓòÉΓòÉΓòÉΓòÉΓòÉΓòÉΓòÉΓòÉΓòÉΓòÉΓòÉΓòÉΓòÉΓòÉΓòÉ
ΓòÉΓòÉΓòí EXCEPTION CAUGHT BY FLUTTER FRAMEWORK Γò₧ΓòÉΓòÉΓòÉΓòÉΓòÉΓòÉΓòÉΓòÉΓòÉΓòÉΓòÉΓòÉΓòÉΓòÉΓòÉΓòÉΓòÉΓòÉΓòÉΓòÉΓòÉΓòÉΓòÉΓòÉΓòÉΓòÉΓòÉΓòÉΓòÉΓòÉΓòÉΓòÉΓòÉΓòÉΓòÉΓòÉΓòÉΓòÉΓòÉΓòÉΓòÉΓòÉΓòÉΓòÉΓòÉΓòÉΓòÉΓòÉΓòÉΓòÉΓòÉΓòÉΓòÉΓòÉΓòÉΓòÉΓòÉ
The following assertion was thrown:
ListTile background color or ink splashes may be invisible.
The ListTile is wrapped in a DecoratedBox that has a background color. Because ListTile paints its
background and ink splashes on the nearest Material ancestor, this DecoratedBox will hide those
effects.
To fix this, wrap the ListTile in its own Material widget, or remove the background color from the
intermediate DecoratedBox.

ListTile: ListTile(onTap: Closure: () => void)
DecoratedBox:
  DecoratedBox(bg: BoxDecoration(color: Color(alpha: 1.0000, red: 0.9686, green: 0.9490, blue: 0.9804, colorSpace: ColorSpace.sRGB), borderRadius: BorderRadius.circular(20.0)))
ΓòÉΓòÉΓòÉΓòÉΓòÉΓòÉΓòÉΓòÉΓòÉΓòÉΓòÉΓòÉΓòÉΓòÉΓòÉΓòÉΓòÉΓòÉΓòÉΓòÉΓòÉΓòÉΓòÉΓòÉΓòÉΓòÉΓòÉΓòÉΓòÉΓòÉΓòÉΓòÉΓòÉΓòÉΓòÉΓòÉΓòÉΓòÉΓòÉΓòÉΓòÉΓòÉΓòÉΓòÉΓòÉΓòÉΓòÉΓòÉΓòÉΓòÉΓòÉΓòÉΓòÉΓòÉΓòÉΓòÉΓòÉΓòÉΓòÉΓòÉΓòÉΓòÉΓòÉΓòÉΓòÉΓòÉΓòÉΓòÉΓòÉΓòÉΓòÉΓòÉΓòÉΓòÉΓòÉΓòÉΓòÉΓòÉΓòÉΓòÉΓòÉΓòÉΓòÉΓòÉΓòÉΓòÉΓòÉΓòÉΓòÉΓòÉΓòÉΓòÉΓòÉΓòÉΓòÉΓòÉΓòÉΓòÉΓòÉΓòÉ
ΓòÉΓòÉΓòí EXCEPTION CAUGHT BY FLUTTER FRAMEWORK Γò₧ΓòÉΓòÉΓòÉΓòÉΓòÉΓòÉΓòÉΓòÉΓòÉΓòÉΓòÉΓòÉΓòÉΓòÉΓòÉΓòÉΓòÉΓòÉΓòÉΓòÉΓòÉΓòÉΓòÉΓòÉΓòÉΓòÉΓòÉΓòÉΓòÉΓòÉΓòÉΓòÉΓòÉΓòÉΓòÉΓòÉΓòÉΓòÉΓòÉΓòÉΓòÉΓòÉΓòÉΓòÉΓòÉΓòÉΓòÉΓòÉΓòÉΓòÉΓòÉΓòÉΓòÉΓòÉΓòÉΓòÉΓòÉ
The following assertion was thrown:
ListTile background color or ink splashes may be invisible.
The ListTile is wrapped in a DecoratedBox that has a background color. Because ListTile paints its
background and ink splashes on the nearest Material ancestor, this DecoratedBox will hide those
effects.
To fix this, wrap the ListTile in its own Material widget, or remove the background color from the
intermediate DecoratedBox.

ListTile: ListTile(onTap: Closure: () => void)
DecoratedBox:
  DecoratedBox(bg: BoxDecoration(color: Color(alpha: 1.0000, red: 0.9686, green: 0.9490, blue: 0.9804, colorSpace: ColorSpace.sRGB), borderRadius: BorderRadius.circular(20.0)))
ΓòÉΓòÉΓòÉΓòÉΓòÉΓòÉΓòÉΓòÉΓòÉΓòÉΓòÉΓòÉΓòÉΓòÉΓòÉΓòÉΓòÉΓòÉΓòÉΓòÉΓòÉΓòÉΓòÉΓòÉΓòÉΓòÉΓòÉΓòÉΓòÉΓòÉΓòÉΓòÉΓòÉΓòÉΓòÉΓòÉΓòÉΓòÉΓòÉΓòÉΓòÉΓòÉΓòÉΓòÉΓòÉΓòÉΓòÉΓòÉΓòÉΓòÉΓòÉΓòÉΓòÉΓòÉΓòÉΓòÉΓòÉΓòÉΓòÉΓòÉΓòÉΓòÉΓòÉΓòÉΓòÉΓòÉΓòÉΓòÉΓòÉΓòÉΓòÉΓòÉΓòÉΓòÉΓòÉΓòÉΓòÉΓòÉΓòÉΓòÉΓòÉΓòÉΓòÉΓòÉΓòÉΓòÉΓòÉΓòÉΓòÉΓòÉΓòÉΓòÉΓòÉΓòÉΓòÉΓòÉΓòÉΓòÉΓòÉΓòÉ
ΓòÉΓòÉΓòí EXCEPTION CAUGHT BY FLUTTER FRAMEWORK Γò₧ΓòÉΓòÉΓòÉΓòÉΓòÉΓòÉΓòÉΓòÉΓòÉΓòÉΓòÉΓòÉΓòÉΓòÉΓòÉΓòÉΓòÉΓòÉΓòÉΓòÉΓòÉΓòÉΓòÉΓòÉΓòÉΓòÉΓòÉΓòÉΓòÉΓòÉΓòÉΓòÉΓòÉΓòÉΓòÉΓòÉΓòÉΓòÉΓòÉΓòÉΓòÉΓòÉΓòÉΓòÉΓòÉΓòÉΓòÉΓòÉΓòÉΓòÉΓòÉΓòÉΓòÉΓòÉΓòÉΓòÉΓòÉ
The following assertion was thrown:
ListTile background color or ink splashes may be invisible.
The ListTile is wrapped in a DecoratedBox that has a background color. Because ListTile paints its
background and ink splashes on the nearest Material ancestor, this DecoratedBox will hide those
effects.
To fix this, wrap the ListTile in its own Material widget, or remove the background color from the
intermediate DecoratedBox.

ListTile:
  ListTile(selectedColor: Color(alpha: 1.0000, red: 0.3843, green: 0.3569, blue: 0.4431, colorSpace: ColorSpace.sRGB), onTap: Closure: () => void)
DecoratedBox:
  DecoratedBox(bg: BoxDecoration(color: Color(alpha: 1.0000, red: 0.9686, green: 0.9490, blue: 0.9804, colorSpace: ColorSpace.sRGB), borderRadius: BorderRadius.circular(20.0)))
ΓòÉΓòÉΓòÉΓòÉΓòÉΓòÉΓòÉΓòÉΓòÉΓòÉΓòÉΓòÉΓòÉΓòÉΓòÉΓòÉΓòÉΓòÉΓòÉΓòÉΓòÉΓòÉΓòÉΓòÉΓòÉΓòÉΓòÉΓòÉΓòÉΓòÉΓòÉΓòÉΓòÉΓòÉΓòÉΓòÉΓòÉΓòÉΓòÉΓòÉΓòÉΓòÉΓòÉΓòÉΓòÉΓòÉΓòÉΓòÉΓòÉΓòÉΓòÉΓòÉΓòÉΓòÉΓòÉΓòÉΓòÉΓòÉΓòÉΓòÉΓòÉΓòÉΓòÉΓòÉΓòÉΓòÉΓòÉΓòÉΓòÉΓòÉΓòÉΓòÉΓòÉΓòÉΓòÉΓòÉΓòÉΓòÉΓòÉΓòÉΓòÉΓòÉΓòÉΓòÉΓòÉΓòÉΓòÉΓòÉΓòÉΓòÉΓòÉΓòÉΓòÉΓòÉΓòÉΓòÉΓòÉΓòÉΓòÉΓòÉ
ΓòÉΓòÉΓòí EXCEPTION CAUGHT BY FLUTTER FRAMEWORK Γò₧ΓòÉΓòÉΓòÉΓòÉΓòÉΓòÉΓòÉΓòÉΓòÉΓòÉΓòÉΓòÉΓòÉΓòÉΓòÉΓòÉΓòÉΓòÉΓòÉΓòÉΓòÉΓòÉΓòÉΓòÉΓòÉΓòÉΓòÉΓòÉΓòÉΓòÉΓòÉΓòÉΓòÉΓòÉΓòÉΓòÉΓòÉΓòÉΓòÉΓòÉΓòÉΓòÉΓòÉΓòÉΓòÉΓòÉΓòÉΓòÉΓòÉΓòÉΓòÉΓòÉΓòÉΓòÉΓòÉΓòÉΓòÉ
The following assertion was thrown:
ListTile background color or ink splashes may be invisible.
The ListTile is wrapped in a DecoratedBox that has a background color. Because ListTile paints its
background and ink splashes on the nearest Material ancestor, this DecoratedBox will hide those
effects.
To fix this, wrap the ListTile in its own Material widget, or remove the background color from the
intermediate DecoratedBox.

ListTile: ListTile(onTap: Closure: () => void)
DecoratedBox:
  DecoratedBox(bg: BoxDecoration(color: Color(alpha: 1.0000, red: 0.9686, green: 0.9490, blue: 0.9804, colorSpace: ColorSpace.sRGB), borderRadius: BorderRadius.circular(20.0)))
ΓòÉΓòÉΓòÉΓòÉΓòÉΓòÉΓòÉΓòÉΓòÉΓòÉΓòÉΓòÉΓòÉΓòÉΓòÉΓòÉΓòÉΓòÉΓòÉΓòÉΓòÉΓòÉΓòÉΓòÉΓòÉΓòÉΓòÉΓòÉΓòÉΓòÉΓòÉΓòÉΓòÉΓòÉΓòÉΓòÉΓòÉΓòÉΓòÉΓòÉΓòÉΓòÉΓòÉΓòÉΓòÉΓòÉΓòÉΓòÉΓòÉΓòÉΓòÉΓòÉΓòÉΓòÉΓòÉΓòÉΓòÉΓòÉΓòÉΓòÉΓòÉΓòÉΓòÉΓòÉΓòÉΓòÉΓòÉΓòÉΓòÉΓòÉΓòÉΓòÉΓòÉΓòÉΓòÉΓòÉΓòÉΓòÉΓòÉΓòÉΓòÉΓòÉΓòÉΓòÉΓòÉΓòÉΓòÉΓòÉΓòÉΓòÉΓòÉΓòÉΓòÉΓòÉΓòÉΓòÉΓòÉΓòÉΓòÉΓòÉ
ΓòÉΓòÉΓòí EXCEPTION CAUGHT BY FLUTTER FRAMEWORK Γò₧ΓòÉΓòÉΓòÉΓòÉΓòÉΓòÉΓòÉΓòÉΓòÉΓòÉΓòÉΓòÉΓòÉΓòÉΓòÉΓòÉΓòÉΓòÉΓòÉΓòÉΓòÉΓòÉΓòÉΓòÉΓòÉΓòÉΓòÉΓòÉΓòÉΓòÉΓòÉΓòÉΓòÉΓòÉΓòÉΓòÉΓòÉΓòÉΓòÉΓòÉΓòÉΓòÉΓòÉΓòÉΓòÉΓòÉΓòÉΓòÉΓòÉΓòÉΓòÉΓòÉΓòÉΓòÉΓòÉΓòÉΓòÉ
The following assertion was thrown:
ListTile background color or ink splashes may be invisible.
The ListTile is wrapped in a DecoratedBox that has a background color. Because ListTile paints its
background and ink splashes on the nearest Material ancestor, this DecoratedBox will hide those
effects.
To fix this, wrap the ListTile in its own Material widget, or remove the background color from the
intermediate DecoratedBox.

ListTile: ListTile(onTap: Closure: () => void)
DecoratedBox:
  DecoratedBox(bg: BoxDecoration(color: Color(alpha: 1.0000, red: 0.9686, green: 0.9490, blue: 0.9804, colorSpace: ColorSpace.sRGB), borderRadius: BorderRadius.circular(20.0)))
ΓòÉΓòÉΓòÉΓòÉΓòÉΓòÉΓòÉΓòÉΓòÉΓòÉΓòÉΓòÉΓòÉΓòÉΓòÉΓòÉΓòÉΓòÉΓòÉΓòÉΓòÉΓòÉΓòÉΓòÉΓòÉΓòÉΓòÉΓòÉΓòÉΓòÉΓòÉΓòÉΓòÉΓòÉΓòÉΓòÉΓòÉΓòÉΓòÉΓòÉΓòÉΓòÉΓòÉΓòÉΓòÉΓòÉΓòÉΓòÉΓòÉΓòÉΓòÉΓòÉΓòÉΓòÉΓòÉΓòÉΓòÉΓòÉΓòÉΓòÉΓòÉΓòÉΓòÉΓòÉΓòÉΓòÉΓòÉΓòÉΓòÉΓòÉΓòÉΓòÉΓòÉΓòÉΓòÉΓòÉΓòÉΓòÉΓòÉΓòÉΓòÉΓòÉΓòÉΓòÉΓòÉΓòÉΓòÉΓòÉΓòÉΓòÉΓòÉΓòÉΓòÉΓòÉΓòÉΓòÉΓòÉΓòÉΓòÉΓòÉ
ΓòÉΓòÉΓòí EXCEPTION CAUGHT BY FLUTTER FRAMEWORK Γò₧ΓòÉΓòÉΓòÉΓòÉΓòÉΓòÉΓòÉΓòÉΓòÉΓòÉΓòÉΓòÉΓòÉΓòÉΓòÉΓòÉΓòÉΓòÉΓòÉΓòÉΓòÉΓòÉΓòÉΓòÉΓòÉΓòÉΓòÉΓòÉΓòÉΓòÉΓòÉΓòÉΓòÉΓòÉΓòÉΓòÉΓòÉΓòÉΓòÉΓòÉΓòÉΓòÉΓòÉΓòÉΓòÉΓòÉΓòÉΓòÉΓòÉΓòÉΓòÉΓòÉΓòÉΓòÉΓòÉΓòÉΓòÉ
The following assertion was thrown:
ListTile background color or ink splashes may be invisible.
The ListTile is wrapped in a DecoratedBox that has a background color. Because ListTile paints its
background and ink splashes on the nearest Material ancestor, this DecoratedBox will hide those
effects.
To fix this, wrap the ListTile in its own Material widget, or remove the background color from the
intermediate DecoratedBox.

ListTile: ListTile(onTap: Closure: () => void)
DecoratedBox:
  DecoratedBox(bg: BoxDecoration(color: Color(alpha: 1.0000, red: 0.9686, green: 0.9490, blue: 0.9804, colorSpace: ColorSpace.sRGB), borderRadius: BorderRadius.circular(20.0)))
ΓòÉΓòÉΓòÉΓòÉΓòÉΓòÉΓòÉΓòÉΓòÉΓòÉΓòÉΓòÉΓòÉΓòÉΓòÉΓòÉΓòÉΓòÉΓòÉΓòÉΓòÉΓòÉΓòÉΓòÉΓòÉΓòÉΓòÉΓòÉΓòÉΓòÉΓòÉΓòÉΓòÉΓòÉΓòÉΓòÉΓòÉΓòÉΓòÉΓòÉΓòÉΓòÉΓòÉΓòÉΓòÉΓòÉΓòÉΓòÉΓòÉΓòÉΓòÉΓòÉΓòÉΓòÉΓòÉΓòÉΓòÉΓòÉΓòÉΓòÉΓòÉΓòÉΓòÉΓòÉΓòÉΓòÉΓòÉΓòÉΓòÉΓòÉΓòÉΓòÉΓòÉΓòÉΓòÉΓòÉΓòÉΓòÉΓòÉΓòÉΓòÉΓòÉΓòÉΓòÉΓòÉΓòÉΓòÉΓòÉΓòÉΓòÉΓòÉΓòÉΓòÉΓòÉΓòÉΓòÉΓòÉΓòÉΓòÉΓòÉ
ΓòÉΓòÉΓòí EXCEPTION CAUGHT BY FLUTTER FRAMEWORK Γò₧ΓòÉΓòÉΓòÉΓòÉΓòÉΓòÉΓòÉΓòÉΓòÉΓòÉΓòÉΓòÉΓòÉΓòÉΓòÉΓòÉΓòÉΓòÉΓòÉΓòÉΓòÉΓòÉΓòÉΓòÉΓòÉΓòÉΓòÉΓòÉΓòÉΓòÉΓòÉΓòÉΓòÉΓòÉΓòÉΓòÉΓòÉΓòÉΓòÉΓòÉΓòÉΓòÉΓòÉΓòÉΓòÉΓòÉΓòÉΓòÉΓòÉΓòÉΓòÉΓòÉΓòÉΓòÉΓòÉΓòÉΓòÉ
The following assertion was thrown:
ListTile background color or ink splashes may be invisible.
The ListTile is wrapped in a DecoratedBox that has a background color. Because ListTile paints its
background and ink splashes on the nearest Material ancestor, this DecoratedBox will hide those
effects.
To fix this, wrap the ListTile in its own Material widget, or remove the background color from the
intermediate DecoratedBox.

ListTile: ListTile(onTap: Closure: () => void)
DecoratedBox:
  DecoratedBox(bg: BoxDecoration(color: Color(alpha: 1.0000, red: 0.9686, green: 0.9490, blue: 0.9804, colorSpace: ColorSpace.sRGB), borderRadius: BorderRadius.circular(20.0)))
ΓòÉΓòÉΓòÉΓòÉΓòÉΓòÉΓòÉΓòÉΓòÉΓòÉΓòÉΓòÉΓòÉΓòÉΓòÉΓòÉΓòÉΓòÉΓòÉΓòÉΓòÉΓòÉΓòÉΓòÉΓòÉΓòÉΓòÉΓòÉΓòÉΓòÉΓòÉΓòÉΓòÉΓòÉΓòÉΓòÉΓòÉΓòÉΓòÉΓòÉΓòÉΓòÉΓòÉΓòÉΓòÉΓòÉΓòÉΓòÉΓòÉΓòÉΓòÉΓòÉΓòÉΓòÉΓòÉΓòÉΓòÉΓòÉΓòÉΓòÉΓòÉΓòÉΓòÉΓòÉΓòÉΓòÉΓòÉΓòÉΓòÉΓòÉΓòÉΓòÉΓòÉΓòÉΓòÉΓòÉΓòÉΓòÉΓòÉΓòÉΓòÉΓòÉΓòÉΓòÉΓòÉΓòÉΓòÉΓòÉΓòÉΓòÉΓòÉΓòÉΓòÉΓòÉΓòÉΓòÉΓòÉΓòÉΓòÉΓòÉ
ΓòÉΓòÉΓòí EXCEPTION CAUGHT BY FLUTTER FRAMEWORK Γò₧ΓòÉΓòÉΓòÉΓòÉΓòÉΓòÉΓòÉΓòÉΓòÉΓòÉΓòÉΓòÉΓòÉΓòÉΓòÉΓòÉΓòÉΓòÉΓòÉΓòÉΓòÉΓòÉΓòÉΓòÉΓòÉΓòÉΓòÉΓòÉΓòÉΓòÉΓòÉΓòÉΓòÉΓòÉΓòÉΓòÉΓòÉΓòÉΓòÉΓòÉΓòÉΓòÉΓòÉΓòÉΓòÉΓòÉΓòÉΓòÉΓòÉΓòÉΓòÉΓòÉΓòÉΓòÉΓòÉΓòÉΓòÉ
The following assertion was thrown:
ListTile background color or ink splashes may be invisible.
The ListTile is wrapped in a DecoratedBox that has a background color. Because ListTile paints its
background and ink splashes on the nearest Material ancestor, this DecoratedBox will hide those
effects.
To fix this, wrap the ListTile in its own Material widget, or remove the background color from the
intermediate DecoratedBox.

ListTile: ListTile(onTap: Closure: () => void)
DecoratedBox:
  DecoratedBox(bg: BoxDecoration(color: Color(alpha: 1.0000, red: 0.9686, green: 0.9490, blue: 0.9804, colorSpace: ColorSpace.sRGB), borderRadius: BorderRadius.circular(20.0)))
ΓòÉΓòÉΓòÉΓòÉΓòÉΓòÉΓòÉΓòÉΓòÉΓòÉΓòÉΓòÉΓòÉΓòÉΓòÉΓòÉΓòÉΓòÉΓòÉΓòÉΓòÉΓòÉΓòÉΓòÉΓòÉΓòÉΓòÉΓòÉΓòÉΓòÉΓòÉΓòÉΓòÉΓòÉΓòÉΓòÉΓòÉΓòÉΓòÉΓòÉΓòÉΓòÉΓòÉΓòÉΓòÉΓòÉΓòÉΓòÉΓòÉΓòÉΓòÉΓòÉΓòÉΓòÉΓòÉΓòÉΓòÉΓòÉΓòÉΓòÉΓòÉΓòÉΓòÉΓòÉΓòÉΓòÉΓòÉΓòÉΓòÉΓòÉΓòÉΓòÉΓòÉΓòÉΓòÉΓòÉΓòÉΓòÉΓòÉΓòÉΓòÉΓòÉΓòÉΓòÉΓòÉΓòÉΓòÉΓòÉΓòÉΓòÉΓòÉΓòÉΓòÉΓòÉΓòÉΓòÉΓòÉΓòÉΓòÉΓòÉ
ΓòÉΓòÉΓòí EXCEPTION CAUGHT BY FLUTTER FRAMEWORK Γò₧ΓòÉΓòÉΓòÉΓòÉΓòÉΓòÉΓòÉΓòÉΓòÉΓòÉΓòÉΓòÉΓòÉΓòÉΓòÉΓòÉΓòÉΓòÉΓòÉΓòÉΓòÉΓòÉΓòÉΓòÉΓòÉΓòÉΓòÉΓòÉΓòÉΓòÉΓòÉΓòÉΓòÉΓòÉΓòÉΓòÉΓòÉΓòÉΓòÉΓòÉΓòÉΓòÉΓòÉΓòÉΓòÉΓòÉΓòÉΓòÉΓòÉΓòÉΓòÉΓòÉΓòÉΓòÉΓòÉΓòÉΓòÉ
The following assertion was thrown:
ListTile background color or ink splashes may be invisible.
The ListTile is wrapped in a DecoratedBox that has a background color. Because ListTile paints its
background and ink splashes on the nearest Material ancestor, this DecoratedBox will hide those
effects.
To fix this, wrap the ListTile in its own Material widget, or remove the background color from the
intermediate DecoratedBox.

ListTile: ListTile(onTap: Closure: () => void)
DecoratedBox:
  DecoratedBox(bg: BoxDecoration(color: Color(alpha: 1.0000, red: 0.9686, green: 0.9490, blue: 0.9804, colorSpace: ColorSpace.sRGB), borderRadius: BorderRadius.circular(20.0)))
ΓòÉΓòÉΓòÉΓòÉΓòÉΓòÉΓòÉΓòÉΓòÉΓòÉΓòÉΓòÉΓòÉΓòÉΓòÉΓòÉΓòÉΓòÉΓòÉΓòÉΓòÉΓòÉΓòÉΓòÉΓòÉΓòÉΓòÉΓòÉΓòÉΓòÉΓòÉΓòÉΓòÉΓòÉΓòÉΓòÉΓòÉΓòÉΓòÉΓòÉΓòÉΓòÉΓòÉΓòÉΓòÉΓòÉΓòÉΓòÉΓòÉΓòÉΓòÉΓòÉΓòÉΓòÉΓòÉΓòÉΓòÉΓòÉΓòÉΓòÉΓòÉΓòÉΓòÉΓòÉΓòÉΓòÉΓòÉΓòÉΓòÉΓòÉΓòÉΓòÉΓòÉΓòÉΓòÉΓòÉΓòÉΓòÉΓòÉΓòÉΓòÉΓòÉΓòÉΓòÉΓòÉΓòÉΓòÉΓòÉΓòÉΓòÉΓòÉΓòÉΓòÉΓòÉΓòÉΓòÉΓòÉΓòÉΓòÉΓòÉ
ΓòÉΓòÉΓòí EXCEPTION CAUGHT BY FLUTTER FRAMEWORK Γò₧ΓòÉΓòÉΓòÉΓòÉΓòÉΓòÉΓòÉΓòÉΓòÉΓòÉΓòÉΓòÉΓòÉΓòÉΓòÉΓòÉΓòÉΓòÉΓòÉΓòÉΓòÉΓòÉΓòÉΓòÉΓòÉΓòÉΓòÉΓòÉΓòÉΓòÉΓòÉΓòÉΓòÉΓòÉΓòÉΓòÉΓòÉΓòÉΓòÉΓòÉΓòÉΓòÉΓòÉΓòÉΓòÉΓòÉΓòÉΓòÉΓòÉΓòÉΓòÉΓòÉΓòÉΓòÉΓòÉΓòÉΓòÉ
The following assertion was thrown:
ListTile background color or ink splashes may be invisible.
The ListTile is wrapped in a DecoratedBox that has a background color. Because ListTile paints its
background and ink splashes on the nearest Material ancestor, this DecoratedBox will hide those
effects.
To fix this, wrap the ListTile in its own Material widget, or remove the background color from the
intermediate DecoratedBox.

ListTile: ListTile(onTap: Closure: () => void)
DecoratedBox:
  DecoratedBox(bg: BoxDecoration(color: Color(alpha: 1.0000, red: 0.9686, green: 0.9490, blue: 0.9804, colorSpace: ColorSpace.sRGB), borderRadius: BorderRadius.circular(20.0)))
ΓòÉΓòÉΓòÉΓòÉΓòÉΓòÉΓòÉΓòÉΓòÉΓòÉΓòÉΓòÉΓòÉΓòÉΓòÉΓòÉΓòÉΓòÉΓòÉΓòÉΓòÉΓòÉΓòÉΓòÉΓòÉΓòÉΓòÉΓòÉΓòÉΓòÉΓòÉΓòÉΓòÉΓòÉΓòÉΓòÉΓòÉΓòÉΓòÉΓòÉΓòÉΓòÉΓòÉΓòÉΓòÉΓòÉΓòÉΓòÉΓòÉΓòÉΓòÉΓòÉΓòÉΓòÉΓòÉΓòÉΓòÉΓòÉΓòÉΓòÉΓòÉΓòÉΓòÉΓòÉΓòÉΓòÉΓòÉΓòÉΓòÉΓòÉΓòÉΓòÉΓòÉΓòÉΓòÉΓòÉΓòÉΓòÉΓòÉΓòÉΓòÉΓòÉΓòÉΓòÉΓòÉΓòÉΓòÉΓòÉΓòÉΓòÉΓòÉΓòÉΓòÉΓòÉΓòÉΓòÉΓòÉΓòÉΓòÉΓòÉ
ΓòÉΓòÉΓòí EXCEPTION CAUGHT BY FLUTTER FRAMEWORK Γò₧ΓòÉΓòÉΓòÉΓòÉΓòÉΓòÉΓòÉΓòÉΓòÉΓòÉΓòÉΓòÉΓòÉΓòÉΓòÉΓòÉΓòÉΓòÉΓòÉΓòÉΓòÉΓòÉΓòÉΓòÉΓòÉΓòÉΓòÉΓòÉΓòÉΓòÉΓòÉΓòÉΓòÉΓòÉΓòÉΓòÉΓòÉΓòÉΓòÉΓòÉΓòÉΓòÉΓòÉΓòÉΓòÉΓòÉΓòÉΓòÉΓòÉΓòÉΓòÉΓòÉΓòÉΓòÉΓòÉΓòÉΓòÉ
The following assertion was thrown:
ListTile background color or ink splashes may be invisible.
The ListTile is wrapped in a DecoratedBox that has a background color. Because ListTile paints its
background and ink splashes on the nearest Material ancestor, this DecoratedBox will hide those
effects.
To fix this, wrap the ListTile in its own Material widget, or remove the background color from the
intermediate DecoratedBox.

ListTile: ListTile(onTap: Closure: () => void)
DecoratedBox:
  DecoratedBox(bg: BoxDecoration(color: Color(alpha: 1.0000, red: 0.9686, green: 0.9490, blue: 0.9804, colorSpace: ColorSpace.sRGB), borderRadius: BorderRadius.circular(20.0)))
ΓòÉΓòÉΓòÉΓòÉΓòÉΓòÉΓòÉΓòÉΓòÉΓòÉΓòÉΓòÉΓòÉΓòÉΓòÉΓòÉΓòÉΓòÉΓòÉΓòÉΓòÉΓòÉΓòÉΓòÉΓòÉΓòÉΓòÉΓòÉΓòÉΓòÉΓòÉΓòÉΓòÉΓòÉΓòÉΓòÉΓòÉΓòÉΓòÉΓòÉΓòÉΓòÉΓòÉΓòÉΓòÉΓòÉΓòÉΓòÉΓòÉΓòÉΓòÉΓòÉΓòÉΓòÉΓòÉΓòÉΓòÉΓòÉΓòÉΓòÉΓòÉΓòÉΓòÉΓòÉΓòÉΓòÉΓòÉΓòÉΓòÉΓòÉΓòÉΓòÉΓòÉΓòÉΓòÉΓòÉΓòÉΓòÉΓòÉΓòÉΓòÉΓòÉΓòÉΓòÉΓòÉΓòÉΓòÉΓòÉΓòÉΓòÉΓòÉΓòÉΓòÉΓòÉΓòÉΓòÉΓòÉΓòÉΓòÉΓòÉ
ΓòÉΓòÉΓòí EXCEPTION CAUGHT BY FLUTTER FRAMEWORK Γò₧ΓòÉΓòÉΓòÉΓòÉΓòÉΓòÉΓòÉΓòÉΓòÉΓòÉΓòÉΓòÉΓòÉΓòÉΓòÉΓòÉΓòÉΓòÉΓòÉΓòÉΓòÉΓòÉΓòÉΓòÉΓòÉΓòÉΓòÉΓòÉΓòÉΓòÉΓòÉΓòÉΓòÉΓòÉΓòÉΓòÉΓòÉΓòÉΓòÉΓòÉΓòÉΓòÉΓòÉΓòÉΓòÉΓòÉΓòÉΓòÉΓòÉΓòÉΓòÉΓòÉΓòÉΓòÉΓòÉΓòÉΓòÉ
The following assertion was thrown:
ListTile background color or ink splashes may be invisible.
The ListTile is wrapped in a DecoratedBox that has a background color. Because ListTile paints its
background and ink splashes on the nearest Material ancestor, this DecoratedBox will hide those
effects.
To fix this, wrap the ListTile in its own Material widget, or remove the background color from the
intermediate DecoratedBox.

ListTile:
  ListTile(selectedColor: Color(alpha: 1.0000, red: 0.3843, green: 0.3569, blue: 0.4431, colorSpace: ColorSpace.sRGB), onTap: Closure: () => void)
DecoratedBox:
  DecoratedBox(bg: BoxDecoration(color: Color(alpha: 1.0000, red: 0.9686, green: 0.9490, blue: 0.9804, colorSpace: ColorSpace.sRGB), borderRadius: BorderRadius.circular(20.0)))
ΓòÉΓòÉΓòÉΓòÉΓòÉΓòÉΓòÉΓòÉΓòÉΓòÉΓòÉΓòÉΓòÉΓòÉΓòÉΓòÉΓòÉΓòÉΓòÉΓòÉΓòÉΓòÉΓòÉΓòÉΓòÉΓòÉΓòÉΓòÉΓòÉΓòÉΓòÉΓòÉΓòÉΓòÉΓòÉΓòÉΓòÉΓòÉΓòÉΓòÉΓòÉΓòÉΓòÉΓòÉΓòÉΓòÉΓòÉΓòÉΓòÉΓòÉΓòÉΓòÉΓòÉΓòÉΓòÉΓòÉΓòÉΓòÉΓòÉΓòÉΓòÉΓòÉΓòÉΓòÉΓòÉΓòÉΓòÉΓòÉΓòÉΓòÉΓòÉΓòÉΓòÉΓòÉΓòÉΓòÉΓòÉΓòÉΓòÉΓòÉΓòÉΓòÉΓòÉΓòÉΓòÉΓòÉΓòÉΓòÉΓòÉΓòÉΓòÉΓòÉΓòÉΓòÉΓòÉΓòÉΓòÉΓòÉΓòÉΓòÉ
ΓòÉΓòÉΓòí EXCEPTION CAUGHT BY FLUTTER FRAMEWORK Γò₧ΓòÉΓòÉΓòÉΓòÉΓòÉΓòÉΓòÉΓòÉΓòÉΓòÉΓòÉΓòÉΓòÉΓòÉΓòÉΓòÉΓòÉΓòÉΓòÉΓòÉΓòÉΓòÉΓòÉΓòÉΓòÉΓòÉΓòÉΓòÉΓòÉΓòÉΓòÉΓòÉΓòÉΓòÉΓòÉΓòÉΓòÉΓòÉΓòÉΓòÉΓòÉΓòÉΓòÉΓòÉΓòÉΓòÉΓòÉΓòÉΓòÉΓòÉΓòÉΓòÉΓòÉΓòÉΓòÉΓòÉΓòÉ
The following assertion was thrown:
ListTile background color or ink splashes may be invisible.
The ListTile is wrapped in a DecoratedBox that has a background color. Because ListTile paints its
background and ink splashes on the nearest Material ancestor, this DecoratedBox will hide those
effects.
To fix this, wrap the ListTile in its own Material widget, or remove the background color from the
intermediate DecoratedBox.

ListTile: ListTile(onTap: Closure: () => void)
DecoratedBox:
  DecoratedBox(bg: BoxDecoration(color: Color(alpha: 1.0000, red: 0.9686, green: 0.9490, blue: 0.9804, colorSpace: ColorSpace.sRGB), borderRadius: BorderRadius.circular(20.0)))
ΓòÉΓòÉΓòÉΓòÉΓòÉΓòÉΓòÉΓòÉΓòÉΓòÉΓòÉΓòÉΓòÉΓòÉΓòÉΓòÉΓòÉΓòÉΓòÉΓòÉΓòÉΓòÉΓòÉΓòÉΓòÉΓòÉΓòÉΓòÉΓòÉΓòÉΓòÉΓòÉΓòÉΓòÉΓòÉΓòÉΓòÉΓòÉΓòÉΓòÉΓòÉΓòÉΓòÉΓòÉΓòÉΓòÉΓòÉΓòÉΓòÉΓòÉΓòÉΓòÉΓòÉΓòÉΓòÉΓòÉΓòÉΓòÉΓòÉΓòÉΓòÉΓòÉΓòÉΓòÉΓòÉΓòÉΓòÉΓòÉΓòÉΓòÉΓòÉΓòÉΓòÉΓòÉΓòÉΓòÉΓòÉΓòÉΓòÉΓòÉΓòÉΓòÉΓòÉΓòÉΓòÉΓòÉΓòÉΓòÉΓòÉΓòÉΓòÉΓòÉΓòÉΓòÉΓòÉΓòÉΓòÉΓòÉΓòÉΓòÉ
ΓòÉΓòÉΓòí EXCEPTION CAUGHT BY FLUTTER FRAMEWORK Γò₧ΓòÉΓòÉΓòÉΓòÉΓòÉΓòÉΓòÉΓòÉΓòÉΓòÉΓòÉΓòÉΓòÉΓòÉΓòÉΓòÉΓòÉΓòÉΓòÉΓòÉΓòÉΓòÉΓòÉΓòÉΓòÉΓòÉΓòÉΓòÉΓòÉΓòÉΓòÉΓòÉΓòÉΓòÉΓòÉΓòÉΓòÉΓòÉΓòÉΓòÉΓòÉΓòÉΓòÉΓòÉΓòÉΓòÉΓòÉΓòÉΓòÉΓòÉΓòÉΓòÉΓòÉΓòÉΓòÉΓòÉΓòÉ
The following assertion was thrown:
ListTile background color or ink splashes may be invisible.
The ListTile is wrapped in a DecoratedBox that has a background color. Because ListTile paints its
background and ink splashes on the nearest Material ancestor, this DecoratedBox will hide those
effects.
To fix this, wrap the ListTile in its own Material widget, or remove the background color from the
intermediate DecoratedBox.

ListTile: ListTile(onTap: Closure: () => void)
DecoratedBox:
  DecoratedBox(bg: BoxDecoration(color: Color(alpha: 1.0000, red: 0.9686, green: 0.9490, blue: 0.9804, colorSpace: ColorSpace.sRGB), borderRadius: BorderRadius.circular(20.0)))
ΓòÉΓòÉΓòÉΓòÉΓòÉΓòÉΓòÉΓòÉΓòÉΓòÉΓòÉΓòÉΓòÉΓòÉΓòÉΓòÉΓòÉΓòÉΓòÉΓòÉΓòÉΓòÉΓòÉΓòÉΓòÉΓòÉΓòÉΓòÉΓòÉΓòÉΓòÉΓòÉΓòÉΓòÉΓòÉΓòÉΓòÉΓòÉΓòÉΓòÉΓòÉΓòÉΓòÉΓòÉΓòÉΓòÉΓòÉΓòÉΓòÉΓòÉΓòÉΓòÉΓòÉΓòÉΓòÉΓòÉΓòÉΓòÉΓòÉΓòÉΓòÉΓòÉΓòÉΓòÉΓòÉΓòÉΓòÉΓòÉΓòÉΓòÉΓòÉΓòÉΓòÉΓòÉΓòÉΓòÉΓòÉΓòÉΓòÉΓòÉΓòÉΓòÉΓòÉΓòÉΓòÉΓòÉΓòÉΓòÉΓòÉΓòÉΓòÉΓòÉΓòÉΓòÉΓòÉΓòÉΓòÉΓòÉΓòÉΓòÉ
ΓòÉΓòÉΓòí EXCEPTION CAUGHT BY FLUTTER TEST FRAMEWORK Γò₧ΓòÉΓòÉΓòÉΓòÉΓòÉΓòÉΓòÉΓòÉΓòÉΓòÉΓòÉΓòÉΓòÉΓòÉΓòÉΓòÉΓòÉΓòÉΓòÉΓòÉΓòÉΓòÉΓòÉΓòÉΓòÉΓòÉΓòÉΓòÉΓòÉΓòÉΓòÉΓòÉΓòÉΓòÉΓòÉΓòÉΓòÉΓòÉΓòÉΓòÉΓòÉΓòÉΓòÉΓòÉΓòÉΓòÉΓòÉΓòÉΓòÉΓòÉΓòÉΓòÉ
The following message was thrown:
Multiple exceptions (18) were detected during the running of the current test, and at least one was
unexpected.
ΓòÉΓòÉΓòÉΓòÉΓòÉΓòÉΓòÉΓòÉΓòÉΓòÉΓòÉΓòÉΓòÉΓòÉΓòÉΓòÉΓòÉΓòÉΓòÉΓòÉΓòÉΓòÉΓòÉΓòÉΓòÉΓòÉΓòÉΓòÉΓòÉΓòÉΓòÉΓòÉΓòÉΓòÉΓòÉΓòÉΓòÉΓòÉΓòÉΓòÉΓòÉΓòÉΓòÉΓòÉΓòÉΓòÉΓòÉΓòÉΓòÉΓòÉΓòÉΓòÉΓòÉΓòÉΓòÉΓòÉΓòÉΓòÉΓòÉΓòÉΓòÉΓòÉΓòÉΓòÉΓòÉΓòÉΓòÉΓòÉΓòÉΓòÉΓòÉΓòÉΓòÉΓòÉΓòÉΓòÉΓòÉΓòÉΓòÉΓòÉΓòÉΓòÉΓòÉΓòÉΓòÉΓòÉΓòÉΓòÉΓòÉΓòÉΓòÉΓòÉΓòÉΓòÉΓòÉΓòÉΓòÉΓòÉΓòÉΓòÉ
01:39 +375 -18: D:/Development/digital_wardrobe_app/test/features/shell/app_shell_screen_test.dart: back press from another tab returns to previous visited tab
01:39 +375 -18: D:/Development/digital_wardrobe_app/test/features/profile/profile_screen_test.dart: Dark Mode toggle updates the theme mode state [E]
  Test failed. See exception logs above.
  The test description was: Dark Mode toggle updates the theme mode state
  
01:40 +375 -18: D:/Development/digital_wardrobe_app/test/features/profile/profile_screen_test.dart: deactivate account requires confirmation then deactivates and signs out
ΓòÉΓòÉΓòí EXCEPTION CAUGHT BY FLUTTER FRAMEWORK Γò₧ΓòÉΓòÉΓòÉΓòÉΓòÉΓòÉΓòÉΓòÉΓòÉΓòÉΓòÉΓòÉΓòÉΓòÉΓòÉΓòÉΓòÉΓòÉΓòÉΓòÉΓòÉΓòÉΓòÉΓòÉΓòÉΓòÉΓòÉΓòÉΓòÉΓòÉΓòÉΓòÉΓòÉΓòÉΓòÉΓòÉΓòÉΓòÉΓòÉΓòÉΓòÉΓòÉΓòÉΓòÉΓòÉΓòÉΓòÉΓòÉΓòÉΓòÉΓòÉΓòÉΓòÉΓòÉΓòÉΓòÉΓòÉ
The following assertion was thrown:
ListTile background color or ink splashes may be invisible.
The ListTile is wrapped in a DecoratedBox that has a background color. Because ListTile paints its
background and ink splashes on the nearest Material ancestor, this DecoratedBox will hide those
effects.
To fix this, wrap the ListTile in its own Material widget, or remove the background color from the
intermediate DecoratedBox.

ListTile: ListTile(onTap: Closure: () => void)
DecoratedBox:
  DecoratedBox(bg: BoxDecoration(color: Color(alpha: 1.0000, red: 0.9686, green: 0.9490, blue: 0.9804, colorSpace: ColorSpace.sRGB), borderRadius: BorderRadius.circular(20.0)))
ΓòÉΓòÉΓòÉΓòÉΓòÉΓòÉΓòÉΓòÉΓòÉΓòÉΓòÉΓòÉΓòÉΓòÉΓòÉΓòÉΓòÉΓòÉΓòÉΓòÉΓòÉΓòÉΓòÉΓòÉΓòÉΓòÉΓòÉΓòÉΓòÉΓòÉΓòÉΓòÉΓòÉΓòÉΓòÉΓòÉΓòÉΓòÉΓòÉΓòÉΓòÉΓòÉΓòÉΓòÉΓòÉΓòÉΓòÉΓòÉΓòÉΓòÉΓòÉΓòÉΓòÉΓòÉΓòÉΓòÉΓòÉΓòÉΓòÉΓòÉΓòÉΓòÉΓòÉΓòÉΓòÉΓòÉΓòÉΓòÉΓòÉΓòÉΓòÉΓòÉΓòÉΓòÉΓòÉΓòÉΓòÉΓòÉΓòÉΓòÉΓòÉΓòÉΓòÉΓòÉΓòÉΓòÉΓòÉΓòÉΓòÉΓòÉΓòÉΓòÉΓòÉΓòÉΓòÉΓòÉΓòÉΓòÉΓòÉΓòÉ
ΓòÉΓòÉΓòí EXCEPTION CAUGHT BY FLUTTER FRAMEWORK Γò₧ΓòÉΓòÉΓòÉΓòÉΓòÉΓòÉΓòÉΓòÉΓòÉΓòÉΓòÉΓòÉΓòÉΓòÉΓòÉΓòÉΓòÉΓòÉΓòÉΓòÉΓòÉΓòÉΓòÉΓòÉΓòÉΓòÉΓòÉΓòÉΓòÉΓòÉΓòÉΓòÉΓòÉΓòÉΓòÉΓòÉΓòÉΓòÉΓòÉΓòÉΓòÉΓòÉΓòÉΓòÉΓòÉΓòÉΓòÉΓòÉΓòÉΓòÉΓòÉΓòÉΓòÉΓòÉΓòÉΓòÉΓòÉ
The following assertion was thrown:
ListTile background color or ink splashes may be invisible.
The ListTile is wrapped in a DecoratedBox that has a background color. Because ListTile paints its
background and ink splashes on the nearest Material ancestor, this DecoratedBox will hide those
effects.
To fix this, wrap the ListTile in its own Material widget, or remove the background color from the
intermediate DecoratedBox.

ListTile: ListTile(onTap: Closure: () => void)
DecoratedBox:
  DecoratedBox(bg: BoxDecoration(color: Color(alpha: 1.0000, red: 0.9686, green: 0.9490, blue: 0.9804, colorSpace: ColorSpace.sRGB), borderRadius: BorderRadius.circular(20.0)))
ΓòÉΓòÉΓòÉΓòÉΓòÉΓòÉΓòÉΓòÉΓòÉΓòÉΓòÉΓòÉΓòÉΓòÉΓòÉΓòÉΓòÉΓòÉΓòÉΓòÉΓòÉΓòÉΓòÉΓòÉΓòÉΓòÉΓòÉΓòÉΓòÉΓòÉΓòÉΓòÉΓòÉΓòÉΓòÉΓòÉΓòÉΓòÉΓòÉΓòÉΓòÉΓòÉΓòÉΓòÉΓòÉΓòÉΓòÉΓòÉΓòÉΓòÉΓòÉΓòÉΓòÉΓòÉΓòÉΓòÉΓòÉΓòÉΓòÉΓòÉΓòÉΓòÉΓòÉΓòÉΓòÉΓòÉΓòÉΓòÉΓòÉΓòÉΓòÉΓòÉΓòÉΓòÉΓòÉΓòÉΓòÉΓòÉΓòÉΓòÉΓòÉΓòÉΓòÉΓòÉΓòÉΓòÉΓòÉΓòÉΓòÉΓòÉΓòÉΓòÉΓòÉΓòÉΓòÉΓòÉΓòÉΓòÉΓòÉΓòÉ
ΓòÉΓòÉΓòí EXCEPTION CAUGHT BY FLUTTER FRAMEWORK Γò₧ΓòÉΓòÉΓòÉΓòÉΓòÉΓòÉΓòÉΓòÉΓòÉΓòÉΓòÉΓòÉΓòÉΓòÉΓòÉΓòÉΓòÉΓòÉΓòÉΓòÉΓòÉΓòÉΓòÉΓòÉΓòÉΓòÉΓòÉΓòÉΓòÉΓòÉΓòÉΓòÉΓòÉΓòÉΓòÉΓòÉΓòÉΓòÉΓòÉΓòÉΓòÉΓòÉΓòÉΓòÉΓòÉΓòÉΓòÉΓòÉΓòÉΓòÉΓòÉΓòÉΓòÉΓòÉΓòÉΓòÉΓòÉ
The following assertion was thrown:
ListTile background color or ink splashes may be invisible.
The ListTile is wrapped in a DecoratedBox that has a background color. Because ListTile paints its
background and ink splashes on the nearest Material ancestor, this DecoratedBox will hide those
effects.
To fix this, wrap the ListTile in its own Material widget, or remove the background color from the
intermediate DecoratedBox.

ListTile: ListTile(onTap: Closure: () => void)
DecoratedBox:
  DecoratedBox(bg: BoxDecoration(color: Color(alpha: 1.0000, red: 0.9686, green: 0.9490, blue: 0.9804, colorSpace: ColorSpace.sRGB), borderRadius: BorderRadius.circular(20.0)))
ΓòÉΓòÉΓòÉΓòÉΓòÉΓòÉΓòÉΓòÉΓòÉΓòÉΓòÉΓòÉΓòÉΓòÉΓòÉΓòÉΓòÉΓòÉΓòÉΓòÉΓòÉΓòÉΓòÉΓòÉΓòÉΓòÉΓòÉΓòÉΓòÉΓòÉΓòÉΓòÉΓòÉΓòÉΓòÉΓòÉΓòÉΓòÉΓòÉΓòÉΓòÉΓòÉΓòÉΓòÉΓòÉΓòÉΓòÉΓòÉΓòÉΓòÉΓòÉΓòÉΓòÉΓòÉΓòÉΓòÉΓòÉΓòÉΓòÉΓòÉΓòÉΓòÉΓòÉΓòÉΓòÉΓòÉΓòÉΓòÉΓòÉΓòÉΓòÉΓòÉΓòÉΓòÉΓòÉΓòÉΓòÉΓòÉΓòÉΓòÉΓòÉΓòÉΓòÉΓòÉΓòÉΓòÉΓòÉΓòÉΓòÉΓòÉΓòÉΓòÉΓòÉΓòÉΓòÉΓòÉΓòÉΓòÉΓòÉΓòÉ
ΓòÉΓòÉΓòí EXCEPTION CAUGHT BY FLUTTER FRAMEWORK Γò₧ΓòÉΓòÉΓòÉΓòÉΓòÉΓòÉΓòÉΓòÉΓòÉΓòÉΓòÉΓòÉΓòÉΓòÉΓòÉΓòÉΓòÉΓòÉΓòÉΓòÉΓòÉΓòÉΓòÉΓòÉΓòÉΓòÉΓòÉΓòÉΓòÉΓòÉΓòÉΓòÉΓòÉΓòÉΓòÉΓòÉΓòÉΓòÉΓòÉΓòÉΓòÉΓòÉΓòÉΓòÉΓòÉΓòÉΓòÉΓòÉΓòÉΓòÉΓòÉΓòÉΓòÉΓòÉΓòÉΓòÉΓòÉ
The following assertion was thrown:
ListTile background color or ink splashes may be invisible.
The ListTile is wrapped in a DecoratedBox that has a background color. Because ListTile paints its
background and ink splashes on the nearest Material ancestor, this DecoratedBox will hide those
effects.
To fix this, wrap the ListTile in its own Material widget, or remove the background color from the
intermediate DecoratedBox.

ListTile: ListTile(onTap: Closure: () => void)
DecoratedBox:
  DecoratedBox(bg: BoxDecoration(color: Color(alpha: 1.0000, red: 0.9686, green: 0.9490, blue: 0.9804, colorSpace: ColorSpace.sRGB), borderRadius: BorderRadius.circular(20.0)))
ΓòÉΓòÉΓòÉΓòÉΓòÉΓòÉΓòÉΓòÉΓòÉΓòÉΓòÉΓòÉΓòÉΓòÉΓòÉΓòÉΓòÉΓòÉΓòÉΓòÉΓòÉΓòÉΓòÉΓòÉΓòÉΓòÉΓòÉΓòÉΓòÉΓòÉΓòÉΓòÉΓòÉΓòÉΓòÉΓòÉΓòÉΓòÉΓòÉΓòÉΓòÉΓòÉΓòÉΓòÉΓòÉΓòÉΓòÉΓòÉΓòÉΓòÉΓòÉΓòÉΓòÉΓòÉΓòÉΓòÉΓòÉΓòÉΓòÉΓòÉΓòÉΓòÉΓòÉΓòÉΓòÉΓòÉΓòÉΓòÉΓòÉΓòÉΓòÉΓòÉΓòÉΓòÉΓòÉΓòÉΓòÉΓòÉΓòÉΓòÉΓòÉΓòÉΓòÉΓòÉΓòÉΓòÉΓòÉΓòÉΓòÉΓòÉΓòÉΓòÉΓòÉΓòÉΓòÉΓòÉΓòÉΓòÉΓòÉΓòÉ
ΓòÉΓòÉΓòí EXCEPTION CAUGHT BY FLUTTER FRAMEWORK Γò₧ΓòÉΓòÉΓòÉΓòÉΓòÉΓòÉΓòÉΓòÉΓòÉΓòÉΓòÉΓòÉΓòÉΓòÉΓòÉΓòÉΓòÉΓòÉΓòÉΓòÉΓòÉΓòÉΓòÉΓòÉΓòÉΓòÉΓòÉΓòÉΓòÉΓòÉΓòÉΓòÉΓòÉΓòÉΓòÉΓòÉΓòÉΓòÉΓòÉΓòÉΓòÉΓòÉΓòÉΓòÉΓòÉΓòÉΓòÉΓòÉΓòÉΓòÉΓòÉΓòÉΓòÉΓòÉΓòÉΓòÉΓòÉ
The following assertion was thrown:
ListTile background color or ink splashes may be invisible.
The ListTile is wrapped in a DecoratedBox that has a background color. Because ListTile paints its
background and ink splashes on the nearest Material ancestor, this DecoratedBox will hide those
effects.
To fix this, wrap the ListTile in its own Material widget, or remove the background color from the
intermediate DecoratedBox.

ListTile: ListTile(onTap: Closure: () => void)
DecoratedBox:
  DecoratedBox(bg: BoxDecoration(color: Color(alpha: 1.0000, red: 0.9686, green: 0.9490, blue: 0.9804, colorSpace: ColorSpace.sRGB), borderRadius: BorderRadius.circular(20.0)))
ΓòÉΓòÉΓòÉΓòÉΓòÉΓòÉΓòÉΓòÉΓòÉΓòÉΓòÉΓòÉΓòÉΓòÉΓòÉΓòÉΓòÉΓòÉΓòÉΓòÉΓòÉΓòÉΓòÉΓòÉΓòÉΓòÉΓòÉΓòÉΓòÉΓòÉΓòÉΓòÉΓòÉΓòÉΓòÉΓòÉΓòÉΓòÉΓòÉΓòÉΓòÉΓòÉΓòÉΓòÉΓòÉΓòÉΓòÉΓòÉΓòÉΓòÉΓòÉΓòÉΓòÉΓòÉΓòÉΓòÉΓòÉΓòÉΓòÉΓòÉΓòÉΓòÉΓòÉΓòÉΓòÉΓòÉΓòÉΓòÉΓòÉΓòÉΓòÉΓòÉΓòÉΓòÉΓòÉΓòÉΓòÉΓòÉΓòÉΓòÉΓòÉΓòÉΓòÉΓòÉΓòÉΓòÉΓòÉΓòÉΓòÉΓòÉΓòÉΓòÉΓòÉΓòÉΓòÉΓòÉΓòÉΓòÉΓòÉΓòÉ
ΓòÉΓòÉΓòí EXCEPTION CAUGHT BY FLUTTER FRAMEWORK Γò₧ΓòÉΓòÉΓòÉΓòÉΓòÉΓòÉΓòÉΓòÉΓòÉΓòÉΓòÉΓòÉΓòÉΓòÉΓòÉΓòÉΓòÉΓòÉΓòÉΓòÉΓòÉΓòÉΓòÉΓòÉΓòÉΓòÉΓòÉΓòÉΓòÉΓòÉΓòÉΓòÉΓòÉΓòÉΓòÉΓòÉΓòÉΓòÉΓòÉΓòÉΓòÉΓòÉΓòÉΓòÉΓòÉΓòÉΓòÉΓòÉΓòÉΓòÉΓòÉΓòÉΓòÉΓòÉΓòÉΓòÉΓòÉ
The following assertion was thrown:
ListTile background color or ink splashes may be invisible.
The ListTile is wrapped in a DecoratedBox that has a background color. Because ListTile paints its
background and ink splashes on the nearest Material ancestor, this DecoratedBox will hide those
effects.
To fix this, wrap the ListTile in its own Material widget, or remove the background color from the
intermediate DecoratedBox.

ListTile: ListTile(onTap: Closure: () => void)
DecoratedBox:
  DecoratedBox(bg: BoxDecoration(color: Color(alpha: 1.0000, red: 0.9686, green: 0.9490, blue: 0.9804, colorSpace: ColorSpace.sRGB), borderRadius: BorderRadius.circular(20.0)))
ΓòÉΓòÉΓòÉΓòÉΓòÉΓòÉΓòÉΓòÉΓòÉΓòÉΓòÉΓòÉΓòÉΓòÉΓòÉΓòÉΓòÉΓòÉΓòÉΓòÉΓòÉΓòÉΓòÉΓòÉΓòÉΓòÉΓòÉΓòÉΓòÉΓòÉΓòÉΓòÉΓòÉΓòÉΓòÉΓòÉΓòÉΓòÉΓòÉΓòÉΓòÉΓòÉΓòÉΓòÉΓòÉΓòÉΓòÉΓòÉΓòÉΓòÉΓòÉΓòÉΓòÉΓòÉΓòÉΓòÉΓòÉΓòÉΓòÉΓòÉΓòÉΓòÉΓòÉΓòÉΓòÉΓòÉΓòÉΓòÉΓòÉΓòÉΓòÉΓòÉΓòÉΓòÉΓòÉΓòÉΓòÉΓòÉΓòÉΓòÉΓòÉΓòÉΓòÉΓòÉΓòÉΓòÉΓòÉΓòÉΓòÉΓòÉΓòÉΓòÉΓòÉΓòÉΓòÉΓòÉΓòÉΓòÉΓòÉΓòÉ
ΓòÉΓòÉΓòí EXCEPTION CAUGHT BY FLUTTER FRAMEWORK Γò₧ΓòÉΓòÉΓòÉΓòÉΓòÉΓòÉΓòÉΓòÉΓòÉΓòÉΓòÉΓòÉΓòÉΓòÉΓòÉΓòÉΓòÉΓòÉΓòÉΓòÉΓòÉΓòÉΓòÉΓòÉΓòÉΓòÉΓòÉΓòÉΓòÉΓòÉΓòÉΓòÉΓòÉΓòÉΓòÉΓòÉΓòÉΓòÉΓòÉΓòÉΓòÉΓòÉΓòÉΓòÉΓòÉΓòÉΓòÉΓòÉΓòÉΓòÉΓòÉΓòÉΓòÉΓòÉΓòÉΓòÉΓòÉ
The following assertion was thrown:
ListTile background color or ink splashes may be invisible.
The ListTile is wrapped in a DecoratedBox that has a background color. Because ListTile paints its
background and ink splashes on the nearest Material ancestor, this DecoratedBox will hide those
effects.
To fix this, wrap the ListTile in its own Material widget, or remove the background color from the
intermediate DecoratedBox.

ListTile:
  ListTile(selectedColor: Color(alpha: 1.0000, red: 0.3843, green: 0.3569, blue: 0.4431, colorSpace: ColorSpace.sRGB), onTap: Closure: () => void)
DecoratedBox:
  DecoratedBox(bg: BoxDecoration(color: Color(alpha: 1.0000, red: 0.9686, green: 0.9490, blue: 0.9804, colorSpace: ColorSpace.sRGB), borderRadius: BorderRadius.circular(20.0)))
ΓòÉΓòÉΓòÉΓòÉΓòÉΓòÉΓòÉΓòÉΓòÉΓòÉΓòÉΓòÉΓòÉΓòÉΓòÉΓòÉΓòÉΓòÉΓòÉΓòÉΓòÉΓòÉΓòÉΓòÉΓòÉΓòÉΓòÉΓòÉΓòÉΓòÉΓòÉΓòÉΓòÉΓòÉΓòÉΓòÉΓòÉΓòÉΓòÉΓòÉΓòÉΓòÉΓòÉΓòÉΓòÉΓòÉΓòÉΓòÉΓòÉΓòÉΓòÉΓòÉΓòÉΓòÉΓòÉΓòÉΓòÉΓòÉΓòÉΓòÉΓòÉΓòÉΓòÉΓòÉΓòÉΓòÉΓòÉΓòÉΓòÉΓòÉΓòÉΓòÉΓòÉΓòÉΓòÉΓòÉΓòÉΓòÉΓòÉΓòÉΓòÉΓòÉΓòÉΓòÉΓòÉΓòÉΓòÉΓòÉΓòÉΓòÉΓòÉΓòÉΓòÉΓòÉΓòÉΓòÉΓòÉΓòÉΓòÉΓòÉ
ΓòÉΓòÉΓòí EXCEPTION CAUGHT BY FLUTTER FRAMEWORK Γò₧ΓòÉΓòÉΓòÉΓòÉΓòÉΓòÉΓòÉΓòÉΓòÉΓòÉΓòÉΓòÉΓòÉΓòÉΓòÉΓòÉΓòÉΓòÉΓòÉΓòÉΓòÉΓòÉΓòÉΓòÉΓòÉΓòÉΓòÉΓòÉΓòÉΓòÉΓòÉΓòÉΓòÉΓòÉΓòÉΓòÉΓòÉΓòÉΓòÉΓòÉΓòÉΓòÉΓòÉΓòÉΓòÉΓòÉΓòÉΓòÉΓòÉΓòÉΓòÉΓòÉΓòÉΓòÉΓòÉΓòÉΓòÉ
The following assertion was thrown:
ListTile background color or ink splashes may be invisible.
The ListTile is wrapped in a DecoratedBox that has a background color. Because ListTile paints its
background and ink splashes on the nearest Material ancestor, this DecoratedBox will hide those
effects.
To fix this, wrap the ListTile in its own Material widget, or remove the background color from the
intermediate DecoratedBox.

ListTile: ListTile(onTap: Closure: () => void)
DecoratedBox:
  DecoratedBox(bg: BoxDecoration(color: Color(alpha: 1.0000, red: 0.9686, green: 0.9490, blue: 0.9804, colorSpace: ColorSpace.sRGB), borderRadius: BorderRadius.circular(20.0)))
ΓòÉΓòÉΓòÉΓòÉΓòÉΓòÉΓòÉΓòÉΓòÉΓòÉΓòÉΓòÉΓòÉΓòÉΓòÉΓòÉΓòÉΓòÉΓòÉΓòÉΓòÉΓòÉΓòÉΓòÉΓòÉΓòÉΓòÉΓòÉΓòÉΓòÉΓòÉΓòÉΓòÉΓòÉΓòÉΓòÉΓòÉΓòÉΓòÉΓòÉΓòÉΓòÉΓòÉΓòÉΓòÉΓòÉΓòÉΓòÉΓòÉΓòÉΓòÉΓòÉΓòÉΓòÉΓòÉΓòÉΓòÉΓòÉΓòÉΓòÉΓòÉΓòÉΓòÉΓòÉΓòÉΓòÉΓòÉΓòÉΓòÉΓòÉΓòÉΓòÉΓòÉΓòÉΓòÉΓòÉΓòÉΓòÉΓòÉΓòÉΓòÉΓòÉΓòÉΓòÉΓòÉΓòÉΓòÉΓòÉΓòÉΓòÉΓòÉΓòÉΓòÉΓòÉΓòÉΓòÉΓòÉΓòÉΓòÉΓòÉ
ΓòÉΓòÉΓòí EXCEPTION CAUGHT BY FLUTTER FRAMEWORK Γò₧ΓòÉΓòÉΓòÉΓòÉΓòÉΓòÉΓòÉΓòÉΓòÉΓòÉΓòÉΓòÉΓòÉΓòÉΓòÉΓòÉΓòÉΓòÉΓòÉΓòÉΓòÉΓòÉΓòÉΓòÉΓòÉΓòÉΓòÉΓòÉΓòÉΓòÉΓòÉΓòÉΓòÉΓòÉΓòÉΓòÉΓòÉΓòÉΓòÉΓòÉΓòÉΓòÉΓòÉΓòÉΓòÉΓòÉΓòÉΓòÉΓòÉΓòÉΓòÉΓòÉΓòÉΓòÉΓòÉΓòÉΓòÉ
The following assertion was thrown:
ListTile background color or ink splashes may be invisible.
The ListTile is wrapped in a DecoratedBox that has a background color. Because ListTile paints its
background and ink splashes on the nearest Material ancestor, this DecoratedBox will hide those
effects.
To fix this, wrap the ListTile in its own Material widget, or remove the background color from the
intermediate DecoratedBox.

ListTile: ListTile(onTap: Closure: () => void)
DecoratedBox:
  DecoratedBox(bg: BoxDecoration(color: Color(alpha: 1.0000, red: 0.9686, green: 0.9490, blue: 0.9804, colorSpace: ColorSpace.sRGB), borderRadius: BorderRadius.circular(20.0)))
ΓòÉΓòÉΓòÉΓòÉΓòÉΓòÉΓòÉΓòÉΓòÉΓòÉΓòÉΓòÉΓòÉΓòÉΓòÉΓòÉΓòÉΓòÉΓòÉΓòÉΓòÉΓòÉΓòÉΓòÉΓòÉΓòÉΓòÉΓòÉΓòÉΓòÉΓòÉΓòÉΓòÉΓòÉΓòÉΓòÉΓòÉΓòÉΓòÉΓòÉΓòÉΓòÉΓòÉΓòÉΓòÉΓòÉΓòÉΓòÉΓòÉΓòÉΓòÉΓòÉΓòÉΓòÉΓòÉΓòÉΓòÉΓòÉΓòÉΓòÉΓòÉΓòÉΓòÉΓòÉΓòÉΓòÉΓòÉΓòÉΓòÉΓòÉΓòÉΓòÉΓòÉΓòÉΓòÉΓòÉΓòÉΓòÉΓòÉΓòÉΓòÉΓòÉΓòÉΓòÉΓòÉΓòÉΓòÉΓòÉΓòÉΓòÉΓòÉΓòÉΓòÉΓòÉΓòÉΓòÉΓòÉΓòÉΓòÉΓòÉ
ΓòÉΓòÉΓòí EXCEPTION CAUGHT BY FLUTTER TEST FRAMEWORK Γò₧ΓòÉΓòÉΓòÉΓòÉΓòÉΓòÉΓòÉΓòÉΓòÉΓòÉΓòÉΓòÉΓòÉΓòÉΓòÉΓòÉΓòÉΓòÉΓòÉΓòÉΓòÉΓòÉΓòÉΓòÉΓòÉΓòÉΓòÉΓòÉΓòÉΓòÉΓòÉΓòÉΓòÉΓòÉΓòÉΓòÉΓòÉΓòÉΓòÉΓòÉΓòÉΓòÉΓòÉΓòÉΓòÉΓòÉΓòÉΓòÉΓòÉΓòÉΓòÉΓòÉ
The following assertion was thrown running a test:
The finder "Found 0 widgets with text "Deactivate My Account": []" (used in a call to "tap()") could
not find any matching widgets.

When the exception was thrown, this was the stack:
#0      WidgetController._getElementPoint (package:flutter_test/src/controller.dart:2095:7)
#1      WidgetController.getCenter (package:flutter_test/src/controller.dart:1947:12)
#2      WidgetController.tap (package:flutter_test/src/controller.dart:1080:7)
#3      main.<anonymous closure> (file:///D:/Development/digital_wardrobe_app/test/features/profile/profile_screen_test.dart:281:20)
<asynchronous suspension>
#4      testWidgets.<anonymous closure>.<anonymous closure> (package:flutter_test/src/widget_tester.dart:192:15)
<asynchronous suspension>
#5      TestWidgetsFlutterBinding._runTestBody (package:flutter_test/src/binding.dart:1952:5)
<asynchronous suspension>
<asynchronous suspension>
(elided one frame from package:stack_trace)

The test description was:
  deactivate account requires confirmation then deactivates and signs out
ΓòÉΓòÉΓòÉΓòÉΓòÉΓòÉΓòÉΓòÉΓòÉΓòÉΓòÉΓòÉΓòÉΓòÉΓòÉΓòÉΓòÉΓòÉΓòÉΓòÉΓòÉΓòÉΓòÉΓòÉΓòÉΓòÉΓòÉΓòÉΓòÉΓòÉΓòÉΓòÉΓòÉΓòÉΓòÉΓòÉΓòÉΓòÉΓòÉΓòÉΓòÉΓòÉΓòÉΓòÉΓòÉΓòÉΓòÉΓòÉΓòÉΓòÉΓòÉΓòÉΓòÉΓòÉΓòÉΓòÉΓòÉΓòÉΓòÉΓòÉΓòÉΓòÉΓòÉΓòÉΓòÉΓòÉΓòÉΓòÉΓòÉΓòÉΓòÉΓòÉΓòÉΓòÉΓòÉΓòÉΓòÉΓòÉΓòÉΓòÉΓòÉΓòÉΓòÉΓòÉΓòÉΓòÉΓòÉΓòÉΓòÉΓòÉΓòÉΓòÉΓòÉΓòÉΓòÉΓòÉΓòÉΓòÉΓòÉΓòÉ
ΓòÉΓòÉΓòí EXCEPTION CAUGHT BY FLUTTER TEST FRAMEWORK Γò₧ΓòÉΓòÉΓòÉΓòÉΓòÉΓòÉΓòÉΓòÉΓòÉΓòÉΓòÉΓòÉΓòÉΓòÉΓòÉΓòÉΓòÉΓòÉΓòÉΓòÉΓòÉΓòÉΓòÉΓòÉΓòÉΓòÉΓòÉΓòÉΓòÉΓòÉΓòÉΓòÉΓòÉΓòÉΓòÉΓòÉΓòÉΓòÉΓòÉΓòÉΓòÉΓòÉΓòÉΓòÉΓòÉΓòÉΓòÉΓòÉΓòÉΓòÉΓòÉΓòÉ
The following message was thrown:
Multiple exceptions (10) were detected during the running of the current test, and at least one was
unexpected.
ΓòÉΓòÉΓòÉΓòÉΓòÉΓòÉΓòÉΓòÉΓòÉΓòÉΓòÉΓòÉΓòÉΓòÉΓòÉΓòÉΓòÉΓòÉΓòÉΓòÉΓòÉΓòÉΓòÉΓòÉΓòÉΓòÉΓòÉΓòÉΓòÉΓòÉΓòÉΓòÉΓòÉΓòÉΓòÉΓòÉΓòÉΓòÉΓòÉΓòÉΓòÉΓòÉΓòÉΓòÉΓòÉΓòÉΓòÉΓòÉΓòÉΓòÉΓòÉΓòÉΓòÉΓòÉΓòÉΓòÉΓòÉΓòÉΓòÉΓòÉΓòÉΓòÉΓòÉΓòÉΓòÉΓòÉΓòÉΓòÉΓòÉΓòÉΓòÉΓòÉΓòÉΓòÉΓòÉΓòÉΓòÉΓòÉΓòÉΓòÉΓòÉΓòÉΓòÉΓòÉΓòÉΓòÉΓòÉΓòÉΓòÉΓòÉΓòÉΓòÉΓòÉΓòÉΓòÉΓòÉΓòÉΓòÉΓòÉΓòÉ
01:40 +375 -19: D:/Development/digital_wardrobe_app/test/features/shell/app_shell_screen_test.dart: back press from another tab returns to previous visited tab
01:40 +375 -19: D:/Development/digital_wardrobe_app/test/features/profile/profile_screen_test.dart: deactivate account requires confirmation then deactivates and signs out [E]
  Test failed. See exception logs above.
  The test description was: deactivate account requires confirmation then deactivates and signs out
  
01:41 +375 -19: D:/Development/digital_wardrobe_app/test/features/profile/profile_screen_test.dart: delete account requires typing DELETE before confirming
ΓòÉΓòÉΓòí EXCEPTION CAUGHT BY FLUTTER FRAMEWORK Γò₧ΓòÉΓòÉΓòÉΓòÉΓòÉΓòÉΓòÉΓòÉΓòÉΓòÉΓòÉΓòÉΓòÉΓòÉΓòÉΓòÉΓòÉΓòÉΓòÉΓòÉΓòÉΓòÉΓòÉΓòÉΓòÉΓòÉΓòÉΓòÉΓòÉΓòÉΓòÉΓòÉΓòÉΓòÉΓòÉΓòÉΓòÉΓòÉΓòÉΓòÉΓòÉΓòÉΓòÉΓòÉΓòÉΓòÉΓòÉΓòÉΓòÉΓòÉΓòÉΓòÉΓòÉΓòÉΓòÉΓòÉΓòÉ
The following assertion was thrown:
ListTile background color or ink splashes may be invisible.
The ListTile is wrapped in a DecoratedBox that has a background color. Because ListTile paints its
background and ink splashes on the nearest Material ancestor, this DecoratedBox will hide those
effects.
To fix this, wrap the ListTile in its own Material widget, or remove the background color from the
intermediate DecoratedBox.

ListTile: ListTile(onTap: Closure: () => void)
DecoratedBox:
  DecoratedBox(bg: BoxDecoration(color: Color(alpha: 1.0000, red: 0.9686, green: 0.9490, blue: 0.9804, colorSpace: ColorSpace.sRGB), borderRadius: BorderRadius.circular(20.0)))
ΓòÉΓòÉΓòÉΓòÉΓòÉΓòÉΓòÉΓòÉΓòÉΓòÉΓòÉΓòÉΓòÉΓòÉΓòÉΓòÉΓòÉΓòÉΓòÉΓòÉΓòÉΓòÉΓòÉΓòÉΓòÉΓòÉΓòÉΓòÉΓòÉΓòÉΓòÉΓòÉΓòÉΓòÉΓòÉΓòÉΓòÉΓòÉΓòÉΓòÉΓòÉΓòÉΓòÉΓòÉΓòÉΓòÉΓòÉΓòÉΓòÉΓòÉΓòÉΓòÉΓòÉΓòÉΓòÉΓòÉΓòÉΓòÉΓòÉΓòÉΓòÉΓòÉΓòÉΓòÉΓòÉΓòÉΓòÉΓòÉΓòÉΓòÉΓòÉΓòÉΓòÉΓòÉΓòÉΓòÉΓòÉΓòÉΓòÉΓòÉΓòÉΓòÉΓòÉΓòÉΓòÉΓòÉΓòÉΓòÉΓòÉΓòÉΓòÉΓòÉΓòÉΓòÉΓòÉΓòÉΓòÉΓòÉΓòÉΓòÉ
ΓòÉΓòÉΓòí EXCEPTION CAUGHT BY FLUTTER FRAMEWORK Γò₧ΓòÉΓòÉΓòÉΓòÉΓòÉΓòÉΓòÉΓòÉΓòÉΓòÉΓòÉΓòÉΓòÉΓòÉΓòÉΓòÉΓòÉΓòÉΓòÉΓòÉΓòÉΓòÉΓòÉΓòÉΓòÉΓòÉΓòÉΓòÉΓòÉΓòÉΓòÉΓòÉΓòÉΓòÉΓòÉΓòÉΓòÉΓòÉΓòÉΓòÉΓòÉΓòÉΓòÉΓòÉΓòÉΓòÉΓòÉΓòÉΓòÉΓòÉΓòÉΓòÉΓòÉΓòÉΓòÉΓòÉΓòÉ
The following assertion was thrown:
ListTile background color or ink splashes may be invisible.
The ListTile is wrapped in a DecoratedBox that has a background color. Because ListTile paints its
background and ink splashes on the nearest Material ancestor, this DecoratedBox will hide those
effects.
To fix this, wrap the ListTile in its own Material widget, or remove the background color from the
intermediate DecoratedBox.

ListTile: ListTile(onTap: Closure: () => void)
DecoratedBox:
  DecoratedBox(bg: BoxDecoration(color: Color(alpha: 1.0000, red: 0.9686, green: 0.9490, blue: 0.9804, colorSpace: ColorSpace.sRGB), borderRadius: BorderRadius.circular(20.0)))
ΓòÉΓòÉΓòÉΓòÉΓòÉΓòÉΓòÉΓòÉΓòÉΓòÉΓòÉΓòÉΓòÉΓòÉΓòÉΓòÉΓòÉΓòÉΓòÉΓòÉΓòÉΓòÉΓòÉΓòÉΓòÉΓòÉΓòÉΓòÉΓòÉΓòÉΓòÉΓòÉΓòÉΓòÉΓòÉΓòÉΓòÉΓòÉΓòÉΓòÉΓòÉΓòÉΓòÉΓòÉΓòÉΓòÉΓòÉΓòÉΓòÉΓòÉΓòÉΓòÉΓòÉΓòÉΓòÉΓòÉΓòÉΓòÉΓòÉΓòÉΓòÉΓòÉΓòÉΓòÉΓòÉΓòÉΓòÉΓòÉΓòÉΓòÉΓòÉΓòÉΓòÉΓòÉΓòÉΓòÉΓòÉΓòÉΓòÉΓòÉΓòÉΓòÉΓòÉΓòÉΓòÉΓòÉΓòÉΓòÉΓòÉΓòÉΓòÉΓòÉΓòÉΓòÉΓòÉΓòÉΓòÉΓòÉΓòÉΓòÉ
ΓòÉΓòÉΓòí EXCEPTION CAUGHT BY FLUTTER FRAMEWORK Γò₧ΓòÉΓòÉΓòÉΓòÉΓòÉΓòÉΓòÉΓòÉΓòÉΓòÉΓòÉΓòÉΓòÉΓòÉΓòÉΓòÉΓòÉΓòÉΓòÉΓòÉΓòÉΓòÉΓòÉΓòÉΓòÉΓòÉΓòÉΓòÉΓòÉΓòÉΓòÉΓòÉΓòÉΓòÉΓòÉΓòÉΓòÉΓòÉΓòÉΓòÉΓòÉΓòÉΓòÉΓòÉΓòÉΓòÉΓòÉΓòÉΓòÉΓòÉΓòÉΓòÉΓòÉΓòÉΓòÉΓòÉΓòÉ
The following assertion was thrown:
ListTile background color or ink splashes may be invisible.
The ListTile is wrapped in a DecoratedBox that has a background color. Because ListTile paints its
background and ink splashes on the nearest Material ancestor, this DecoratedBox will hide those
effects.
To fix this, wrap the ListTile in its own Material widget, or remove the background color from the
intermediate DecoratedBox.

ListTile: ListTile(onTap: Closure: () => void)
DecoratedBox:
  DecoratedBox(bg: BoxDecoration(color: Color(alpha: 1.0000, red: 0.9686, green: 0.9490, blue: 0.9804, colorSpace: ColorSpace.sRGB), borderRadius: BorderRadius.circular(20.0)))
ΓòÉΓòÉΓòÉΓòÉΓòÉΓòÉΓòÉΓòÉΓòÉΓòÉΓòÉΓòÉΓòÉΓòÉΓòÉΓòÉΓòÉΓòÉΓòÉΓòÉΓòÉΓòÉΓòÉΓòÉΓòÉΓòÉΓòÉΓòÉΓòÉΓòÉΓòÉΓòÉΓòÉΓòÉΓòÉΓòÉΓòÉΓòÉΓòÉΓòÉΓòÉΓòÉΓòÉΓòÉΓòÉΓòÉΓòÉΓòÉΓòÉΓòÉΓòÉΓòÉΓòÉΓòÉΓòÉΓòÉΓòÉΓòÉΓòÉΓòÉΓòÉΓòÉΓòÉΓòÉΓòÉΓòÉΓòÉΓòÉΓòÉΓòÉΓòÉΓòÉΓòÉΓòÉΓòÉΓòÉΓòÉΓòÉΓòÉΓòÉΓòÉΓòÉΓòÉΓòÉΓòÉΓòÉΓòÉΓòÉΓòÉΓòÉΓòÉΓòÉΓòÉΓòÉΓòÉΓòÉΓòÉΓòÉΓòÉΓòÉ
ΓòÉΓòÉΓòí EXCEPTION CAUGHT BY FLUTTER FRAMEWORK Γò₧ΓòÉΓòÉΓòÉΓòÉΓòÉΓòÉΓòÉΓòÉΓòÉΓòÉΓòÉΓòÉΓòÉΓòÉΓòÉΓòÉΓòÉΓòÉΓòÉΓòÉΓòÉΓòÉΓòÉΓòÉΓòÉΓòÉΓòÉΓòÉΓòÉΓòÉΓòÉΓòÉΓòÉΓòÉΓòÉΓòÉΓòÉΓòÉΓòÉΓòÉΓòÉΓòÉΓòÉΓòÉΓòÉΓòÉΓòÉΓòÉΓòÉΓòÉΓòÉΓòÉΓòÉΓòÉΓòÉΓòÉΓòÉ
The following assertion was thrown:
ListTile background color or ink splashes may be invisible.
The ListTile is wrapped in a DecoratedBox that has a background color. Because ListTile paints its
background and ink splashes on the nearest Material ancestor, this DecoratedBox will hide those
effects.
To fix this, wrap the ListTile in its own Material widget, or remove the background color from the
intermediate DecoratedBox.

ListTile: ListTile(onTap: Closure: () => void)
DecoratedBox:
  DecoratedBox(bg: BoxDecoration(color: Color(alpha: 1.0000, red: 0.9686, green: 0.9490, blue: 0.9804, colorSpace: ColorSpace.sRGB), borderRadius: BorderRadius.circular(20.0)))
ΓòÉΓòÉΓòÉΓòÉΓòÉΓòÉΓòÉΓòÉΓòÉΓòÉΓòÉΓòÉΓòÉΓòÉΓòÉΓòÉΓòÉΓòÉΓòÉΓòÉΓòÉΓòÉΓòÉΓòÉΓòÉΓòÉΓòÉΓòÉΓòÉΓòÉΓòÉΓòÉΓòÉΓòÉΓòÉΓòÉΓòÉΓòÉΓòÉΓòÉΓòÉΓòÉΓòÉΓòÉΓòÉΓòÉΓòÉΓòÉΓòÉΓòÉΓòÉΓòÉΓòÉΓòÉΓòÉΓòÉΓòÉΓòÉΓòÉΓòÉΓòÉΓòÉΓòÉΓòÉΓòÉΓòÉΓòÉΓòÉΓòÉΓòÉΓòÉΓòÉΓòÉΓòÉΓòÉΓòÉΓòÉΓòÉΓòÉΓòÉΓòÉΓòÉΓòÉΓòÉΓòÉΓòÉΓòÉΓòÉΓòÉΓòÉΓòÉΓòÉΓòÉΓòÉΓòÉΓòÉΓòÉΓòÉΓòÉΓòÉ
ΓòÉΓòÉΓòí EXCEPTION CAUGHT BY FLUTTER FRAMEWORK Γò₧ΓòÉΓòÉΓòÉΓòÉΓòÉΓòÉΓòÉΓòÉΓòÉΓòÉΓòÉΓòÉΓòÉΓòÉΓòÉΓòÉΓòÉΓòÉΓòÉΓòÉΓòÉΓòÉΓòÉΓòÉΓòÉΓòÉΓòÉΓòÉΓòÉΓòÉΓòÉΓòÉΓòÉΓòÉΓòÉΓòÉΓòÉΓòÉΓòÉΓòÉΓòÉΓòÉΓòÉΓòÉΓòÉΓòÉΓòÉΓòÉΓòÉΓòÉΓòÉΓòÉΓòÉΓòÉΓòÉΓòÉΓòÉ
The following assertion was thrown:
ListTile background color or ink splashes may be invisible.
The ListTile is wrapped in a DecoratedBox that has a background color. Because ListTile paints its
background and ink splashes on the nearest Material ancestor, this DecoratedBox will hide those
effects.
To fix this, wrap the ListTile in its own Material widget, or remove the background color from the
intermediate DecoratedBox.

ListTile: ListTile(onTap: Closure: () => void)
DecoratedBox:
  DecoratedBox(bg: BoxDecoration(color: Color(alpha: 1.0000, red: 0.9686, green: 0.9490, blue: 0.9804, colorSpace: ColorSpace.sRGB), borderRadius: BorderRadius.circular(20.0)))
ΓòÉΓòÉΓòÉΓòÉΓòÉΓòÉΓòÉΓòÉΓòÉΓòÉΓòÉΓòÉΓòÉΓòÉΓòÉΓòÉΓòÉΓòÉΓòÉΓòÉΓòÉΓòÉΓòÉΓòÉΓòÉΓòÉΓòÉΓòÉΓòÉΓòÉΓòÉΓòÉΓòÉΓòÉΓòÉΓòÉΓòÉΓòÉΓòÉΓòÉΓòÉΓòÉΓòÉΓòÉΓòÉΓòÉΓòÉΓòÉΓòÉΓòÉΓòÉΓòÉΓòÉΓòÉΓòÉΓòÉΓòÉΓòÉΓòÉΓòÉΓòÉΓòÉΓòÉΓòÉΓòÉΓòÉΓòÉΓòÉΓòÉΓòÉΓòÉΓòÉΓòÉΓòÉΓòÉΓòÉΓòÉΓòÉΓòÉΓòÉΓòÉΓòÉΓòÉΓòÉΓòÉΓòÉΓòÉΓòÉΓòÉΓòÉΓòÉΓòÉΓòÉΓòÉΓòÉΓòÉΓòÉΓòÉΓòÉΓòÉ
ΓòÉΓòÉΓòí EXCEPTION CAUGHT BY FLUTTER FRAMEWORK Γò₧ΓòÉΓòÉΓòÉΓòÉΓòÉΓòÉΓòÉΓòÉΓòÉΓòÉΓòÉΓòÉΓòÉΓòÉΓòÉΓòÉΓòÉΓòÉΓòÉΓòÉΓòÉΓòÉΓòÉΓòÉΓòÉΓòÉΓòÉΓòÉΓòÉΓòÉΓòÉΓòÉΓòÉΓòÉΓòÉΓòÉΓòÉΓòÉΓòÉΓòÉΓòÉΓòÉΓòÉΓòÉΓòÉΓòÉΓòÉΓòÉΓòÉΓòÉΓòÉΓòÉΓòÉΓòÉΓòÉΓòÉΓòÉ
The following assertion was thrown:
ListTile background color or ink splashes may be invisible.
The ListTile is wrapped in a DecoratedBox that has a background color. Because ListTile paints its
background and ink splashes on the nearest Material ancestor, this DecoratedBox will hide those
effects.
To fix this, wrap the ListTile in its own Material widget, or remove the background color from the
intermediate DecoratedBox.

ListTile: ListTile(onTap: Closure: () => void)
DecoratedBox:
  DecoratedBox(bg: BoxDecoration(color: Color(alpha: 1.0000, red: 0.9686, green: 0.9490, blue: 0.9804, colorSpace: ColorSpace.sRGB), borderRadius: BorderRadius.circular(20.0)))
ΓòÉΓòÉΓòÉΓòÉΓòÉΓòÉΓòÉΓòÉΓòÉΓòÉΓòÉΓòÉΓòÉΓòÉΓòÉΓòÉΓòÉΓòÉΓòÉΓòÉΓòÉΓòÉΓòÉΓòÉΓòÉΓòÉΓòÉΓòÉΓòÉΓòÉΓòÉΓòÉΓòÉΓòÉΓòÉΓòÉΓòÉΓòÉΓòÉΓòÉΓòÉΓòÉΓòÉΓòÉΓòÉΓòÉΓòÉΓòÉΓòÉΓòÉΓòÉΓòÉΓòÉΓòÉΓòÉΓòÉΓòÉΓòÉΓòÉΓòÉΓòÉΓòÉΓòÉΓòÉΓòÉΓòÉΓòÉΓòÉΓòÉΓòÉΓòÉΓòÉΓòÉΓòÉΓòÉΓòÉΓòÉΓòÉΓòÉΓòÉΓòÉΓòÉΓòÉΓòÉΓòÉΓòÉΓòÉΓòÉΓòÉΓòÉΓòÉΓòÉΓòÉΓòÉΓòÉΓòÉΓòÉΓòÉΓòÉΓòÉ
ΓòÉΓòÉΓòí EXCEPTION CAUGHT BY FLUTTER FRAMEWORK Γò₧ΓòÉΓòÉΓòÉΓòÉΓòÉΓòÉΓòÉΓòÉΓòÉΓòÉΓòÉΓòÉΓòÉΓòÉΓòÉΓòÉΓòÉΓòÉΓòÉΓòÉΓòÉΓòÉΓòÉΓòÉΓòÉΓòÉΓòÉΓòÉΓòÉΓòÉΓòÉΓòÉΓòÉΓòÉΓòÉΓòÉΓòÉΓòÉΓòÉΓòÉΓòÉΓòÉΓòÉΓòÉΓòÉΓòÉΓòÉΓòÉΓòÉΓòÉΓòÉΓòÉΓòÉΓòÉΓòÉΓòÉΓòÉ
The following assertion was thrown:
ListTile background color or ink splashes may be invisible.
The ListTile is wrapped in a DecoratedBox that has a background color. Because ListTile paints its
background and ink splashes on the nearest Material ancestor, this DecoratedBox will hide those
effects.
To fix this, wrap the ListTile in its own Material widget, or remove the background color from the
intermediate DecoratedBox.

ListTile:
  ListTile(selectedColor: Color(alpha: 1.0000, red: 0.3843, green: 0.3569, blue: 0.4431, colorSpace: ColorSpace.sRGB), onTap: Closure: () => void)
DecoratedBox:
  DecoratedBox(bg: BoxDecoration(color: Color(alpha: 1.0000, red: 0.9686, green: 0.9490, blue: 0.9804, colorSpace: ColorSpace.sRGB), borderRadius: BorderRadius.circular(20.0)))
ΓòÉΓòÉΓòÉΓòÉΓòÉΓòÉΓòÉΓòÉΓòÉΓòÉΓòÉΓòÉΓòÉΓòÉΓòÉΓòÉΓòÉΓòÉΓòÉΓòÉΓòÉΓòÉΓòÉΓòÉΓòÉΓòÉΓòÉΓòÉΓòÉΓòÉΓòÉΓòÉΓòÉΓòÉΓòÉΓòÉΓòÉΓòÉΓòÉΓòÉΓòÉΓòÉΓòÉΓòÉΓòÉΓòÉΓòÉΓòÉΓòÉΓòÉΓòÉΓòÉΓòÉΓòÉΓòÉΓòÉΓòÉΓòÉΓòÉΓòÉΓòÉΓòÉΓòÉΓòÉΓòÉΓòÉΓòÉΓòÉΓòÉΓòÉΓòÉΓòÉΓòÉΓòÉΓòÉΓòÉΓòÉΓòÉΓòÉΓòÉΓòÉΓòÉΓòÉΓòÉΓòÉΓòÉΓòÉΓòÉΓòÉΓòÉΓòÉΓòÉΓòÉΓòÉΓòÉΓòÉΓòÉΓòÉΓòÉΓòÉ
ΓòÉΓòÉΓòí EXCEPTION CAUGHT BY FLUTTER FRAMEWORK Γò₧ΓòÉΓòÉΓòÉΓòÉΓòÉΓòÉΓòÉΓòÉΓòÉΓòÉΓòÉΓòÉΓòÉΓòÉΓòÉΓòÉΓòÉΓòÉΓòÉΓòÉΓòÉΓòÉΓòÉΓòÉΓòÉΓòÉΓòÉΓòÉΓòÉΓòÉΓòÉΓòÉΓòÉΓòÉΓòÉΓòÉΓòÉΓòÉΓòÉΓòÉΓòÉΓòÉΓòÉΓòÉΓòÉΓòÉΓòÉΓòÉΓòÉΓòÉΓòÉΓòÉΓòÉΓòÉΓòÉΓòÉΓòÉ
The following assertion was thrown:
ListTile background color or ink splashes may be invisible.
The ListTile is wrapped in a DecoratedBox that has a background color. Because ListTile paints its
background and ink splashes on the nearest Material ancestor, this DecoratedBox will hide those
effects.
To fix this, wrap the ListTile in its own Material widget, or remove the background color from the
intermediate DecoratedBox.

ListTile: ListTile(onTap: Closure: () => void)
DecoratedBox:
  DecoratedBox(bg: BoxDecoration(color: Color(alpha: 1.0000, red: 0.9686, green: 0.9490, blue: 0.9804, colorSpace: ColorSpace.sRGB), borderRadius: BorderRadius.circular(20.0)))
ΓòÉΓòÉΓòÉΓòÉΓòÉΓòÉΓòÉΓòÉΓòÉΓòÉΓòÉΓòÉΓòÉΓòÉΓòÉΓòÉΓòÉΓòÉΓòÉΓòÉΓòÉΓòÉΓòÉΓòÉΓòÉΓòÉΓòÉΓòÉΓòÉΓòÉΓòÉΓòÉΓòÉΓòÉΓòÉΓòÉΓòÉΓòÉΓòÉΓòÉΓòÉΓòÉΓòÉΓòÉΓòÉΓòÉΓòÉΓòÉΓòÉΓòÉΓòÉΓòÉΓòÉΓòÉΓòÉΓòÉΓòÉΓòÉΓòÉΓòÉΓòÉΓòÉΓòÉΓòÉΓòÉΓòÉΓòÉΓòÉΓòÉΓòÉΓòÉΓòÉΓòÉΓòÉΓòÉΓòÉΓòÉΓòÉΓòÉΓòÉΓòÉΓòÉΓòÉΓòÉΓòÉΓòÉΓòÉΓòÉΓòÉΓòÉΓòÉΓòÉΓòÉΓòÉΓòÉΓòÉΓòÉΓòÉΓòÉΓòÉ
ΓòÉΓòÉΓòí EXCEPTION CAUGHT BY FLUTTER FRAMEWORK Γò₧ΓòÉΓòÉΓòÉΓòÉΓòÉΓòÉΓòÉΓòÉΓòÉΓòÉΓòÉΓòÉΓòÉΓòÉΓòÉΓòÉΓòÉΓòÉΓòÉΓòÉΓòÉΓòÉΓòÉΓòÉΓòÉΓòÉΓòÉΓòÉΓòÉΓòÉΓòÉΓòÉΓòÉΓòÉΓòÉΓòÉΓòÉΓòÉΓòÉΓòÉΓòÉΓòÉΓòÉΓòÉΓòÉΓòÉΓòÉΓòÉΓòÉΓòÉΓòÉΓòÉΓòÉΓòÉΓòÉΓòÉΓòÉ
The following assertion was thrown:
ListTile background color or ink splashes may be invisible.
The ListTile is wrapped in a DecoratedBox that has a background color. Because ListTile paints its
background and ink splashes on the nearest Material ancestor, this DecoratedBox will hide those
effects.
To fix this, wrap the ListTile in its own Material widget, or remove the background color from the
intermediate DecoratedBox.

ListTile: ListTile(onTap: Closure: () => void)
DecoratedBox:
  DecoratedBox(bg: BoxDecoration(color: Color(alpha: 1.0000, red: 0.9686, green: 0.9490, blue: 0.9804, colorSpace: ColorSpace.sRGB), borderRadius: BorderRadius.circular(20.0)))
ΓòÉΓòÉΓòÉΓòÉΓòÉΓòÉΓòÉΓòÉΓòÉΓòÉΓòÉΓòÉΓòÉΓòÉΓòÉΓòÉΓòÉΓòÉΓòÉΓòÉΓòÉΓòÉΓòÉΓòÉΓòÉΓòÉΓòÉΓòÉΓòÉΓòÉΓòÉΓòÉΓòÉΓòÉΓòÉΓòÉΓòÉΓòÉΓòÉΓòÉΓòÉΓòÉΓòÉΓòÉΓòÉΓòÉΓòÉΓòÉΓòÉΓòÉΓòÉΓòÉΓòÉΓòÉΓòÉΓòÉΓòÉΓòÉΓòÉΓòÉΓòÉΓòÉΓòÉΓòÉΓòÉΓòÉΓòÉΓòÉΓòÉΓòÉΓòÉΓòÉΓòÉΓòÉΓòÉΓòÉΓòÉΓòÉΓòÉΓòÉΓòÉΓòÉΓòÉΓòÉΓòÉΓòÉΓòÉΓòÉΓòÉΓòÉΓòÉΓòÉΓòÉΓòÉΓòÉΓòÉΓòÉΓòÉΓòÉΓòÉ
ΓòÉΓòÉΓòí EXCEPTION CAUGHT BY FLUTTER TEST FRAMEWORK Γò₧ΓòÉΓòÉΓòÉΓòÉΓòÉΓòÉΓòÉΓòÉΓòÉΓòÉΓòÉΓòÉΓòÉΓòÉΓòÉΓòÉΓòÉΓòÉΓòÉΓòÉΓòÉΓòÉΓòÉΓòÉΓòÉΓòÉΓòÉΓòÉΓòÉΓòÉΓòÉΓòÉΓòÉΓòÉΓòÉΓòÉΓòÉΓòÉΓòÉΓòÉΓòÉΓòÉΓòÉΓòÉΓòÉΓòÉΓòÉΓòÉΓòÉΓòÉΓòÉΓòÉ
The following assertion was thrown running a test:
The finder "Found 0 widgets with text "Delete My Account Permanently": []" (used in a call to
"tap()") could not find any matching widgets.

When the exception was thrown, this was the stack:
#0      WidgetController._getElementPoint (package:flutter_test/src/controller.dart:2095:7)
#1      WidgetController.getCenter (package:flutter_test/src/controller.dart:1947:12)
#2      WidgetController.tap (package:flutter_test/src/controller.dart:1080:7)
#3      main.<anonymous closure> (file:///D:/Development/digital_wardrobe_app/test/features/profile/profile_screen_test.dart:309:18)
<asynchronous suspension>
#4      testWidgets.<anonymous closure>.<anonymous closure> (package:flutter_test/src/widget_tester.dart:192:15)
<asynchronous suspension>
#5      TestWidgetsFlutterBinding._runTestBody (package:flutter_test/src/binding.dart:1952:5)
<asynchronous suspension>
<asynchronous suspension>
(elided one frame from package:stack_trace)

The test description was:
  delete account requires typing DELETE before confirming
ΓòÉΓòÉΓòÉΓòÉΓòÉΓòÉΓòÉΓòÉΓòÉΓòÉΓòÉΓòÉΓòÉΓòÉΓòÉΓòÉΓòÉΓòÉΓòÉΓòÉΓòÉΓòÉΓòÉΓòÉΓòÉΓòÉΓòÉΓòÉΓòÉΓòÉΓòÉΓòÉΓòÉΓòÉΓòÉΓòÉΓòÉΓòÉΓòÉΓòÉΓòÉΓòÉΓòÉΓòÉΓòÉΓòÉΓòÉΓòÉΓòÉΓòÉΓòÉΓòÉΓòÉΓòÉΓòÉΓòÉΓòÉΓòÉΓòÉΓòÉΓòÉΓòÉΓòÉΓòÉΓòÉΓòÉΓòÉΓòÉΓòÉΓòÉΓòÉΓòÉΓòÉΓòÉΓòÉΓòÉΓòÉΓòÉΓòÉΓòÉΓòÉΓòÉΓòÉΓòÉΓòÉΓòÉΓòÉΓòÉΓòÉΓòÉΓòÉΓòÉΓòÉΓòÉΓòÉΓòÉΓòÉΓòÉΓòÉΓòÉ
ΓòÉΓòÉΓòí EXCEPTION CAUGHT BY FLUTTER TEST FRAMEWORK Γò₧ΓòÉΓòÉΓòÉΓòÉΓòÉΓòÉΓòÉΓòÉΓòÉΓòÉΓòÉΓòÉΓòÉΓòÉΓòÉΓòÉΓòÉΓòÉΓòÉΓòÉΓòÉΓòÉΓòÉΓòÉΓòÉΓòÉΓòÉΓòÉΓòÉΓòÉΓòÉΓòÉΓòÉΓòÉΓòÉΓòÉΓòÉΓòÉΓòÉΓòÉΓòÉΓòÉΓòÉΓòÉΓòÉΓòÉΓòÉΓòÉΓòÉΓòÉΓòÉΓòÉ
The following message was thrown:
Multiple exceptions (10) were detected during the running of the current test, and at least one was
unexpected.
ΓòÉΓòÉΓòÉΓòÉΓòÉΓòÉΓòÉΓòÉΓòÉΓòÉΓòÉΓòÉΓòÉΓòÉΓòÉΓòÉΓòÉΓòÉΓòÉΓòÉΓòÉΓòÉΓòÉΓòÉΓòÉΓòÉΓòÉΓòÉΓòÉΓòÉΓòÉΓòÉΓòÉΓòÉΓòÉΓòÉΓòÉΓòÉΓòÉΓòÉΓòÉΓòÉΓòÉΓòÉΓòÉΓòÉΓòÉΓòÉΓòÉΓòÉΓòÉΓòÉΓòÉΓòÉΓòÉΓòÉΓòÉΓòÉΓòÉΓòÉΓòÉΓòÉΓòÉΓòÉΓòÉΓòÉΓòÉΓòÉΓòÉΓòÉΓòÉΓòÉΓòÉΓòÉΓòÉΓòÉΓòÉΓòÉΓòÉΓòÉΓòÉΓòÉΓòÉΓòÉΓòÉΓòÉΓòÉΓòÉΓòÉΓòÉΓòÉΓòÉΓòÉΓòÉΓòÉΓòÉΓòÉΓòÉΓòÉΓòÉ
01:41 +375 -20: D:/Development/digital_wardrobe_app/test/features/shell/app_shell_screen_test.dart: back press from another tab returns to previous visited tab
01:41 +375 -20: D:/Development/digital_wardrobe_app/test/features/profile/profile_screen_test.dart: delete account requires typing DELETE before confirming [E]
  Test failed. See exception logs above.
  The test description was: delete account requires typing DELETE before confirming
  
01:41 +375 -20: D:/Development/digital_wardrobe_app/test/features/shell/app_shell_screen_test.dart: back press from another tab returns to previous visited tab
ΓòÉΓòÉΓòí EXCEPTION CAUGHT BY FLUTTER TEST FRAMEWORK Γò₧ΓòÉΓòÉΓòÉΓòÉΓòÉΓòÉΓòÉΓòÉΓòÉΓòÉΓòÉΓòÉΓòÉΓòÉΓòÉΓòÉΓòÉΓòÉΓòÉΓòÉΓòÉΓòÉΓòÉΓòÉΓòÉΓòÉΓòÉΓòÉΓòÉΓòÉΓòÉΓòÉΓòÉΓòÉΓòÉΓòÉΓòÉΓòÉΓòÉΓòÉΓòÉΓòÉΓòÉΓòÉΓòÉΓòÉΓòÉΓòÉΓòÉΓòÉΓòÉΓòÉ
The following assertion was thrown running a test:
The finder "Found 0 widgets with text "Alerts" descending from widgets with type "NavigationBar":
[]" (used in a call to "tap()") could not find any matching widgets.

When the exception was thrown, this was the stack:
#0      WidgetController._getElementPoint (package:flutter_test/src/controller.dart:2095:7)
#1      WidgetController.getCenter (package:flutter_test/src/controller.dart:1947:12)
#2      WidgetController.tap (package:flutter_test/src/controller.dart:1080:7)
#3      main.<anonymous closure> (file:///D:/Development/digital_wardrobe_app/test/features/shell/app_shell_screen_test.dart:88:18)
<asynchronous suspension>
#4      testWidgets.<anonymous closure>.<anonymous closure> (package:flutter_test/src/widget_tester.dart:192:15)
<asynchronous suspension>
#5      TestWidgetsFlutterBinding._runTestBody (package:flutter_test/src/binding.dart:1952:5)
<asynchronous suspension>
<asynchronous suspension>
(elided one frame from package:stack_trace)

The test description was:
  back press from another tab returns to previous visited tab
ΓòÉΓòÉΓòÉΓòÉΓòÉΓòÉΓòÉΓòÉΓòÉΓòÉΓòÉΓòÉΓòÉΓòÉΓòÉΓòÉΓòÉΓòÉΓòÉΓòÉΓòÉΓòÉΓòÉΓòÉΓòÉΓòÉΓòÉΓòÉΓòÉΓòÉΓòÉΓòÉΓòÉΓòÉΓòÉΓòÉΓòÉΓòÉΓòÉΓòÉΓòÉΓòÉΓòÉΓòÉΓòÉΓòÉΓòÉΓòÉΓòÉΓòÉΓòÉΓòÉΓòÉΓòÉΓòÉΓòÉΓòÉΓòÉΓòÉΓòÉΓòÉΓòÉΓòÉΓòÉΓòÉΓòÉΓòÉΓòÉΓòÉΓòÉΓòÉΓòÉΓòÉΓòÉΓòÉΓòÉΓòÉΓòÉΓòÉΓòÉΓòÉΓòÉΓòÉΓòÉΓòÉΓòÉΓòÉΓòÉΓòÉΓòÉΓòÉΓòÉΓòÉΓòÉΓòÉΓòÉΓòÉΓòÉΓòÉΓòÉ
01:44 +375 -21: D:/Development/digital_wardrobe_app/test/features/wardrobe/providers/garment_location_controller_test.dart: create with an existing location name is rejected up front
01:44 +375 -21: D:/Development/digital_wardrobe_app/test/features/shell/app_shell_screen_test.dart: back press from another tab returns to previous visited tab [E]
  Test failed. See exception logs above.
  The test description was: back press from another tab returns to previous visited tab
  
01:44 +376 -21: D:/Development/digital_wardrobe_app/test/features/shell/app_shell_screen_test.dart: first back on Wardrobe shows exit confirmation
01:44 +377 -21: D:/Development/digital_wardrobe_app/test/features/shell/app_shell_screen_test.dart: first back on Wardrobe shows exit confirmation
01:44 +378 -21: D:/Development/digital_wardrobe_app/test/features/shell/app_shell_screen_test.dart: first back on Wardrobe shows exit confirmation
01:44 +379 -21: D:/Development/digital_wardrobe_app/test/features/shell/app_shell_screen_test.dart: first back on Wardrobe shows exit confirmation
01:44 +380 -21: D:/Development/digital_wardrobe_app/test/features/shell/app_shell_screen_test.dart: second back within the window exits the app
01:45 +381 -21: D:/Development/digital_wardrobe_app/test/features/shell/app_shell_screen_test.dart: on iOS, back on Wardrobe does not prompt or exit
01:45 +382 -21: D:/Development/digital_wardrobe_app/test/features/shell/app_shell_screen_test.dart: on iOS, back from another tab still uses tab history
ΓòÉΓòÉΓòí EXCEPTION CAUGHT BY FLUTTER TEST FRAMEWORK Γò₧ΓòÉΓòÉΓòÉΓòÉΓòÉΓòÉΓòÉΓòÉΓòÉΓòÉΓòÉΓòÉΓòÉΓòÉΓòÉΓòÉΓòÉΓòÉΓòÉΓòÉΓòÉΓòÉΓòÉΓòÉΓòÉΓòÉΓòÉΓòÉΓòÉΓòÉΓòÉΓòÉΓòÉΓòÉΓòÉΓòÉΓòÉΓòÉΓòÉΓòÉΓòÉΓòÉΓòÉΓòÉΓòÉΓòÉΓòÉΓòÉΓòÉΓòÉΓòÉΓòÉ
The following TestFailure was thrown running a test:
Expected: <4>
  Actual: <2>

When the exception was thrown, this was the stack:
#4      main.<anonymous closure> (file:///D:/Development/digital_wardrobe_app/test/features/shell/app_shell_screen_test.dart:198:5)
<asynchronous suspension>
#5      testWidgets.<anonymous closure>.<anonymous closure> (package:flutter_test/src/widget_tester.dart:192:15)
<asynchronous suspension>
#6      TestWidgetsFlutterBinding._runTestBody (package:flutter_test/src/binding.dart:1952:5)
<asynchronous suspension>
<asynchronous suspension>
(elided one frame from package:stack_trace)

This was caught by the test expectation on the following line:
  file:///D:/Development/digital_wardrobe_app/test/features/shell/app_shell_screen_test.dart line 198
The test description was:
  on iOS, back from another tab still uses tab history
ΓòÉΓòÉΓòÉΓòÉΓòÉΓòÉΓòÉΓòÉΓòÉΓòÉΓòÉΓòÉΓòÉΓòÉΓòÉΓòÉΓòÉΓòÉΓòÉΓòÉΓòÉΓòÉΓòÉΓòÉΓòÉΓòÉΓòÉΓòÉΓòÉΓòÉΓòÉΓòÉΓòÉΓòÉΓòÉΓòÉΓòÉΓòÉΓòÉΓòÉΓòÉΓòÉΓòÉΓòÉΓòÉΓòÉΓòÉΓòÉΓòÉΓòÉΓòÉΓòÉΓòÉΓòÉΓòÉΓòÉΓòÉΓòÉΓòÉΓòÉΓòÉΓòÉΓòÉΓòÉΓòÉΓòÉΓòÉΓòÉΓòÉΓòÉΓòÉΓòÉΓòÉΓòÉΓòÉΓòÉΓòÉΓòÉΓòÉΓòÉΓòÉΓòÉΓòÉΓòÉΓòÉΓòÉΓòÉΓòÉΓòÉΓòÉΓòÉΓòÉΓòÉΓòÉΓòÉΓòÉΓòÉΓòÉΓòÉΓòÉ
01:46 +382 -22: D:/Development/digital_wardrobe_app/test/features/wardrobe/screens/garment_detail_screen_test.dart: detail screen uses compact metadata tags
01:46 +382 -22: D:/Development/digital_wardrobe_app/test/features/shell/app_shell_screen_test.dart: on iOS, back from another tab still uses tab history [E]
  Test failed. See exception logs above.
  The test description was: on iOS, back from another tab still uses tab history
  
01:47 +382 -22: D:/Development/digital_wardrobe_app/test/features/shell/app_shell_screen_test.dart: Analytics is no longer a bottom navigation destination
ΓòÉΓòÉΓòí EXCEPTION CAUGHT BY FLUTTER TEST FRAMEWORK Γò₧ΓòÉΓòÉΓòÉΓòÉΓòÉΓòÉΓòÉΓòÉΓòÉΓòÉΓòÉΓòÉΓòÉΓòÉΓòÉΓòÉΓòÉΓòÉΓòÉΓòÉΓòÉΓòÉΓòÉΓòÉΓòÉΓòÉΓòÉΓòÉΓòÉΓòÉΓòÉΓòÉΓòÉΓòÉΓòÉΓòÉΓòÉΓòÉΓòÉΓòÉΓòÉΓòÉΓòÉΓòÉΓòÉΓòÉΓòÉΓòÉΓòÉΓòÉΓòÉΓòÉ
The following TestFailure was thrown running a test:
Expected: <5>
  Actual: <3>

When the exception was thrown, this was the stack:
#4      main.<anonymous closure> (file:///D:/Development/digital_wardrobe_app/test/features/shell/app_shell_screen_test.dart:222:5)
<asynchronous suspension>
#5      testWidgets.<anonymous closure>.<anonymous closure> (package:flutter_test/src/widget_tester.dart:192:15)
<asynchronous suspension>
#6      TestWidgetsFlutterBinding._runTestBody (package:flutter_test/src/binding.dart:1952:5)
<asynchronous suspension>
<asynchronous suspension>
(elided one frame from package:stack_trace)

This was caught by the test expectation on the following line:
  file:///D:/Development/digital_wardrobe_app/test/features/shell/app_shell_screen_test.dart line 222
The test description was:
  Analytics is no longer a bottom navigation destination
ΓòÉΓòÉΓòÉΓòÉΓòÉΓòÉΓòÉΓòÉΓòÉΓòÉΓòÉΓòÉΓòÉΓòÉΓòÉΓòÉΓòÉΓòÉΓòÉΓòÉΓòÉΓòÉΓòÉΓòÉΓòÉΓòÉΓòÉΓòÉΓòÉΓòÉΓòÉΓòÉΓòÉΓòÉΓòÉΓòÉΓòÉΓòÉΓòÉΓòÉΓòÉΓòÉΓòÉΓòÉΓòÉΓòÉΓòÉΓòÉΓòÉΓòÉΓòÉΓòÉΓòÉΓòÉΓòÉΓòÉΓòÉΓòÉΓòÉΓòÉΓòÉΓòÉΓòÉΓòÉΓòÉΓòÉΓòÉΓòÉΓòÉΓòÉΓòÉΓòÉΓòÉΓòÉΓòÉΓòÉΓòÉΓòÉΓòÉΓòÉΓòÉΓòÉΓòÉΓòÉΓòÉΓòÉΓòÉΓòÉΓòÉΓòÉΓòÉΓòÉΓòÉΓòÉΓòÉΓòÉΓòÉΓòÉΓòÉΓòÉ
01:47 +382 -23: D:/Development/digital_wardrobe_app/test/features/wardrobe/screens/garment_detail_screen_test.dart: detail screen uses compact metadata tags
01:47 +382 -23: D:/Development/digital_wardrobe_app/test/features/shell/app_shell_screen_test.dart: Analytics is no longer a bottom navigation destination [E]
  Test failed. See exception logs above.
  The test description was: Analytics is no longer a bottom navigation destination
  
01:47 +382 -23: D:/Development/digital_wardrobe_app/test/features/wardrobe/screens/garment_detail_screen_test.dart: detail screen uses compact metadata tags
